11-22 13:30:55.229 32706 32706 D wpa_supplicant: wlan0:    skip - SSID mismatch
11-22 13:30:55.229 32706 32706 D wpa_supplicant: wlan0: 2: c0:61:18:11:30:40 ssid='bayside' wpa_ie_len=26 rsn_ie_len=24 caps=0x411 level=-82 wps
11-22 13:30:55.229 32706 32706 D wpa_supplicant: wlan0:    skip - SSID mismatch
11-22 13:30:55.229 32706 32706 D wpa_supplicant: wlan0: 3: 40:16:9f:25:00:0c ssid='meiquan' wpa_ie_len=22 rsn_ie_len=20 caps=0x431 level=-83 wps
11-22 13:30:55.229 32706 32706 D wpa_supplicant: wlan0:    skip - SSID mismatch
11-22 13:30:55.229 32706 32706 D wpa_supplicant: wlan0: Selecting BSS from priority group 4
11-22 13:30:55.229 32706 32706 D wpa_supplicant: wlan0: 0: 6c:e8:73:ff:99:02 ssid='TP-LINK_2.4GHz_FF9902' wpa_ie_len=22 rsn_ie_len=20 caps=0x431 level=-68 wps
11-22 13:30:55.229 32706 32706 D wpa_supplicant: wlan0:    skip - SSID mismatch
11-22 13:30:55.229 32706 32706 D wpa_supplicant: wlan0: 1: 14:cf:92:cf:20:fa ssid='TP-LINK_CF20FA' wpa_ie_len=26 rsn_ie_len=24 caps=0x431 level=-76
11-22 13:30:55.229 32706 32706 D wpa_supplicant: wlan0:    skip - SSID mismatch
11-22 13:30:55.229 32706 32706 D wpa_supplicant: wlan0: 2: c0:61:18:11:30:40 ssid='bayside' wpa_ie_len=26 rsn_ie_len=24 caps=0x411 level=-82 wps
11-22 13:30:55.229 32706 32706 D wpa_supplicant: wlan0:    skip - SSID mismatch
11-22 13:30:55.229 32706 32706 D wpa_supplicant: wlan0: 3: 40:16:9f:25:00:0c ssid='meiquan' wpa_ie_len=22 rsn_ie_len=20 caps=0x431 level=-83 wps
11-22 13:30:55.229 32706 32706 D wpa_supplicant: wlan0:    skip - SSID mismatch
11-22 13:30:55.229 32706 32706 D wpa_supplicant: wlan0: Selecting BSS from priority group 1
11-22 13:30:55.229 32706 32706 D wpa_supplicant: wlan0: 0: 6c:e8:73:ff:99:02 ssid='TP-LINK_2.4GHz_FF9902' wpa_ie_len=22 rsn_ie_len=20 caps=0x431 level=-68 wps
11-22 13:30:55.229 32706 32706 D wpa_supplicant: wlan0:    skip - SSID mismatch
11-22 13:30:55.229 32706 32706 D wpa_supplicant: wlan0: 1: 14:cf:92:cf:20:fa ssid='TP-LINK_CF20FA' wpa_ie_len=26 rsn_ie_len=24 caps=0x431 level=-76
11-22 13:30:55.229 32706 32706 D wpa_supplicant: wlan0:    skip - SSID mismatch
11-22 13:30:55.229 32706 32706 D wpa_supplicant: wlan0: 2: c0:61:18:11:30:40 ssid='bayside' wpa_ie_len=26 rsn_ie_len=24 caps=0x411 level=-82 wps
11-22 13:30:55.229 32706 32706 D wpa_supplicant: wlan0:    skip - SSID mismatch
11-22 13:30:55.229 32706 32706 D wpa_supplicant: wlan0: 3: 40:16:9f:25:00:0c ssid='meiquan' wpa_ie_len=22 rsn_ie_len=20 caps=0x431 level=-83 wps
11-22 13:30:55.229 32706 32706 D wpa_supplicant: wlan0:    skip - SSID mismatch
11-22 13:30:55.229 32706 32706 D wpa_supplicant: wlan0: No suitable network found
11-22 13:30:55.230 32706 32706 D wpa_supplicant: wlan0: Setting scan request: 15 sec 0 usec
11-22 13:30:55.230 32706 32706 D wpa_supplicant: wlan0: Checking for other virtual interfaces sharing same radio (phy12) in event_scan_results
11-22 13:30:55.230 32706 32706 D wpa_supplicant: RX ctrl_iface - hexdump(len=9): 41 50 5f 53 43 41 4e 20 31
11-22 13:30:55.230 32706 32706 D wpa_supplicant: wlan0: Control interface command 'AP_SCAN 1'
11-22 13:30:55.230   582   654 D StateMachine: processMsg: DriverStartedState
11-22 13:30:55.231   582   654 D WifiStateMachine: DriverStartedState{ what=147461 when=-13ms target=Handler (com.android.internal.util.StateMachine$SmHandler) {41df4610} }
11-22 13:30:55.231   582   654 D StateMachine: processMsg: SupplicantStartedState
11-22 13:30:55.231   582   654 D WifiStateMachine: SupplicantStartedState{ what=147461 when=-13ms target=Handler (com.android.internal.util.StateMachine$SmHandler) {41df4610} }
11-22 13:30:55.231   582   654 D WifiNative-wlan0: doString: BSS RANGE=ALL MASK=0x1986
11-22 13:30:55.231   582   654 D WifiCommon: [wlan0] SET "BSS RANGE=ALL MASK=0x1986"
11-22 13:30:55.232 32706 32706 D wpa_supplicant: RX ctrl_iface - hexdump(len=25): 42 53 53 20 52 41 4e 47 45 3d 41 4c 4c 20 4d 41 53 4b 3d 30 78 31 39 38 36
11-22 13:30:55.232 32706 32706 D wpa_supplicant: wlan0: Control interface command 'BSS RANGE=ALL MASK=0x1986'
11-22 13:30:55.232 32706 32706 E wpa_supplicant: WPS: WFA subelement id=0 len=1
11-22 13:30:55.232 32706 32706 E wpa_supplicant: WPS: WFA subelement id=0 len=1
11-22 13:30:55.232 32706 32706 E wpa_supplicant: WPS: WFA subelement id=0 len=1
11-22 13:30:55.233 32706 32706 E wpa_supplicant: WPS: WFA subelement id=0 len=1
11-22 13:30:55.233 32706 32706 E wpa_supplicant: WPS: WFA subelement id=0 len=1
11-22 13:30:55.233 32706 32706 E wpa_supplicant: WPS: WFA subelement id=0 len=1
11-22 13:30:55.233 32706 32706 E wpa_supplicant: WPS: WFA subelement id=0 len=1
11-22 13:30:55.233 32706 32706 E wpa_supplicant: WPS: WFA subelement id=0 len=1
11-22 13:30:55.233 32706 32706 E wpa_supplicant: WPS: WFA subelement id=0 len=1
11-22 13:30:55.233   582   654 I wifi    : bssid=6c:e8:73:ff:99:02
11-22 13:30:55.233   582   654 I wifi    : freq=2437
11-22 13:30:55.233   582   654 I wifi    : level=-68
11-22 13:30:55.233   582   654 I wifi    : tsf=0000079085703215
11-22 13:30:55.233   582   654 I wifi    : flags=[WPA-PSK-CCMP][WPA2-PSK-CCMP][WPS][ESS]
11-22 13:30:55.233   582   654 I wifi    : ssid=TP-LINK_2.4GHz_FF9902
11-22 13:30:55.233   582   654 I wifi    : ====
11-22 13:30:55.233   582   654 I wifi    : bssid=40:16:9f:25:00:0c
11-22 13:30:55.233   582   654 I wifi    : freq=2412
11-22 13:30:55.233   582   654 I wifi    : level=-83
11-22 13:30:55.233   582   654 I wifi    : tsf=0000622790969770
11-22 13:30:55.233   582   654 I wifi    : flags=[WPA-PSK-CCMP][WPA2-PSK-CCMP][WPS][ESS]
11-22 13:30:55.233   582   654 I wifi    : ssid=meiquan
11-22 13:30:55.233   582   654 I wifi    : ====
11-22 13:30:55.233   582   654 I wifi    : bssid=14:cf:92:cf:20:fa
11-22 13:30:55.233   582   654 I wifi    : freq=2437
11-22 13:30:55.233   582   654 I wifi    : level=-76
11-22 13:30:55.233   582   654 I wifi    : tsf=0000856159343322
11-22 13:30:55.233   582   654 I wifi    : flags=[WPA-PSK-TKIP+CCMP][WPA2-PSK-TKIP+CCMP][ESS]
11-22 13:30:55.233   582   654 I wifi    : ssid=TP-LINK_CF20FA
11-22 13:30:55.233   582   654 I wifi    : ====
11-22 13:30:55.233   582   654 I wifi    : bssid=c0:61:18:11:30:40
11-22 13:30:55.233   582   654 I wifi    : freq=2412
11-22 13:30:55.233   582   654 I wifi    : level=-82
11-22 13:30:55.233   582   654 I wifi    : tsf=0002845710339692
11-22 13:30:55.233   582   654 I wifi    : flags=[WPA-PSK-TKIP+CCMP][WPA2-PSK-TKIP+CCMP][WPS][ESS]
11-22 13:30:55.233   582   654 I wifi    : ssid=bayside
11-22 13:30:55.233   582   654 I wifi    : ====
11-22 13:30:55.234   582   654 I wifi    : bssid=cc:34:29:16:95:cc
11-22 13:30:55.234   582   654 I wifi    : freq=2412
11-22 13:30:55.234   582   654 I wifi    : level=-90
11-22 13:30:55.234   582   654 I wifi    : tsf=0000161348608384
11-22 13:30:55.234   582   654 I wifi    : flags=[WPA-PSK-CCMP][WPA2-PSK-CCMP][WPS][ESS]
11-22 13:30:55.234   582   654 I wifi    : ssid=HUAKETIANYU
11-22 13:30:55.234   582   654 I wifi    : ====
11-22 13:30:55.238   582  1032 V ActivityManager: getTasks: max=5, flags=0, receiver=null
11-22 13:30:55.238   582  1032 V ActivityManager: com.huawei.android.launcher/.Launcher: task=TaskRecord{424f5288 #2 A com.huawei.android.launcher U 0}
11-22 13:30:55.238   582  1032 V ActivityManager: com.android.settings/.UsbSettings: task=TaskRecord{427acb98 #147 I com.android.settings/.Settings$UsbSettingsActivity U 0}
11-22 13:30:55.239   582  1032 V ActivityManager: com.android.settings/.Settings$DevelopmentSettingsActivity: task=TaskRecord{42c8ecb0 #39 A com.android.settings U 0}
11-22 13:30:55.239   582  1032 V ActivityManager: com.android.settings/.HWSettings: task=TaskRecord{42c8ecb0 #39 A com.android.settings U 0}
11-22 13:30:55.239   582  1032 V ActivityManager: com.qihoo360.mobilesafe/com.qihoo360.contacts.mms: task=TaskRecord{4284f2d0 #133 A com.qihoo360.contacts.main U 0}
11-22 13:30:55.239   582  1032 V ActivityManager: com.android.contacts/.activities.DialtactsActivity: task=TaskRecord{42684000 #140 A android.task.contacts U 0}
11-22 13:30:55.239   582  1032 V ActivityManager: We have pending thumbnails: null
11-22 13:30:55.247   582   654 V ActivityManager: Broadcast: android.net.wifi.SCAN_RESULTS ordered=false userid=-1 callerApp=ProcessRecord{41d30290 582:system/1000}
11-22 13:30:55.248   582   598 I WifiService: checkAndSetNotification, remindWifiToPdp:true
11-22 13:30:55.248   582   598 I WifiService: checkAndSetNotification, mWaitForScanResult:false
11-22 13:30:55.248   582   598 I WifiService: checkAndSetNotification, state:DISCONNECTED
11-22 13:30:55.253   582   654 D StateMachine: handleMessage: X
11-22 13:30:55.253   582   654 D StateMachine: handleMessage: E msg.what=131238
11-22 13:30:55.253   582   654 D StateMachine: processMsg: DisconnectedState
11-22 13:30:55.253   582   654 D WifiStateMachine: DisconnectedState{ what=131238 when=-5ms target=Handler (com.android.internal.util.StateMachine$SmHandler) {41df4610} }
11-22 13:30:55.253   582   654 D StateMachine: processMsg: ConnectModeState
11-22 13:30:55.254   582   654 D WifiStateMachine: ConnectModeState{ what=131238 when=-6ms target=Handler (com.android.internal.util.StateMachine$SmHandler) {41df4610} }
11-22 13:30:55.254   582   654 D StateMachine: processMsg: DriverStartedState
11-22 13:30:55.255   582   654 D WifiStateMachine: DriverStartedState{ what=131238 when=-6ms target=Handler (com.android.internal.util.StateMachine$SmHandler) {41df4610} }
11-22 13:30:55.255   582   654 D StateMachine: processMsg: SupplicantStartedState
11-22 13:30:55.255   582   654 D WifiStateMachine: SupplicantStartedState{ what=131238 when=-6ms target=Handler (com.android.internal.util.StateMachine$SmHandler) {41df4610} }
11-22 13:30:55.255   582   654 D WifiNative-wlan0: doString: LIST_NETWORKS
11-22 13:30:55.255   582   654 D WifiCommon: [wlan0] SET "LIST_NETWORKS"
11-22 13:30:55.255 32706 32706 D wpa_supplicant: RX ctrl_iface - hexdump(len=13): 4c 49 53 54 5f 4e 45 54 57 4f 52 4b 53
11-22 13:30:55.255 32706 32706 D wpa_supplicant: wlan0: Control interface command 'LIST_NETWORKS'
11-22 13:30:55.256   582   654 D WifiStateMachine: listStr:network id / ssid / bssid / flags
11-22 13:30:55.256   582   654 D WifiStateMachine: 0	dfx	any	
11-22 13:30:55.256   582   654 D WifiStateMachine: 1	guest	any	
11-22 13:30:55.256   582   654 D WifiStateMachine: 2	Firefly1925	any	
11-22 13:30:55.256   582   654 D WifiStateMachine: 3	rujia	any	
11-22 13:30:55.256   582   654 D WifiStateMachine: 4	ChinaNet	any	
11-22 13:30:55.256   582   654 D WifiStateMachine: 5	CMCC	any	
11-22 13:30:55.256   582   654 D WifiStateMachine: 6	lang	any	
11-22 13:30:55.256   582   654 D WifiStateMachine: 7	TP-LINK_C1CD20	any	
11-22 13:30:55.256   582   654 D WifiStateMachine: 8	16wifi	any	
11-22 13:30:55.256   582   654 D WifiStateMachine: 9		any	
11-22 13:30:55.256   582   654 D WifiStateMachine: 10	Station-Wifi-Free	any	
11-22 13:30:55.256   582   654 D WifiStateMachine: 11	MyBeiJing	any	
11-22 13:30:55.256   582   654 D WifiStateMachine: 12	AirStation-FreeWiFi	any	
11-22 13:30:55.256   582   654 D WifiStateMachine: 13	360@#$%##$	any	
11-22 13:30:55.256   582   654 D WifiStateMachine: 14	TP-LINK_93EE4C	any	
11-22 13:30:55.256   582   654 D StateMachine: handleMessage: X
11-22 13:30:55.258   582   654 D StateMachine: handleMessage: E msg.what=131131
11-22 13:30:55.258   582   654 D StateMachine: processMsg: DisconnectedState
11-22 13:30:55.259   582   654 D WifiStateMachine: DisconnectedState{ what=131131 when=0 target=Handler (com.android.internal.util.StateMachine$SmHandler) {41df4610} }
11-22 13:30:55.259   582   654 D StateMachine: processMsg: ConnectModeState
11-22 13:30:55.259   582   654 D WifiStateMachine: ConnectModeState{ what=131131 when=0 target=Handler (com.android.internal.util.StateMachine$SmHandler) {41df4610} }
11-22 13:30:55.259   582   654 D StateMachine: processMsg: DriverStartedState
11-22 13:30:55.259   582   654 D WifiStateMachine: DriverStartedState{ what=131131 when=-1ms target=Handler (com.android.internal.util.StateMachine$SmHandler) {41df4610} }
11-22 13:30:55.259   582   654 D StateMachine: processMsg: SupplicantStartedState
11-22 13:30:55.259   582   654 D WifiStateMachine: SupplicantStartedState{ what=131131 when=-1ms target=Handler (com.android.internal.util.StateMachine$SmHandler) {41df4610} }
11-22 13:30:55.266   582   654 D StateMachine: handleMessage: X
11-22 13:30:55.267   582   598 D WifiService: Connecting networkId:-1, isConnecting:false
11-22 13:30:55.267   582   598 I WifiService: Open network num:0
11-22 13:30:55.341   582  1065 V ActivityManager: getTasks: max=5, flags=0, receiver=null
11-22 13:30:55.341   582  1065 V ActivityManager: com.huawei.android.launcher/.Launcher: task=TaskRecord{424f5288 #2 A com.huawei.android.launcher U 0}
11-22 13:30:55.342   582  1065 V ActivityManager: com.android.settings/.UsbSettings: task=TaskRecord{427acb98 #147 I com.android.settings/.Settings$UsbSettingsActivity U 0}
11-22 13:30:55.342   582  1065 V ActivityManager: com.android.settings/.Settings$DevelopmentSettingsActivity: task=TaskRecord{42c8ecb0 #39 A com.android.settings U 0}
11-22 13:30:55.342   582  1065 V ActivityManager: com.android.settings/.HWSettings: task=TaskRecord{42c8ecb0 #39 A com.android.settings U 0}
11-22 13:30:55.342   582  1065 V ActivityManager: com.qihoo360.mobilesafe/com.qihoo360.contacts.mms: task=TaskRecord{4284f2d0 #133 A com.qihoo360.contacts.main U 0}
11-22 13:30:55.342   582  1065 V ActivityManager: com.android.contacts/.activities.DialtactsActivity: task=TaskRecord{42684000 #140 A android.task.contacts U 0}
11-22 13:30:55.342   582  1065 V ActivityManager: We have pending thumbnails: null
11-22 13:30:55.411   734   734 V Provider/Settings:  from settings cache , name = pdp_watchdog_poll_interval_ms , value = null
11-22 13:30:55.443   582   597 V ActivityManager: getTasks: max=5, flags=0, receiver=null
11-22 13:30:55.443   582   597 V ActivityManager: com.huawei.android.launcher/.Launcher: task=TaskRecord{424f5288 #2 A com.huawei.android.launcher U 0}
11-22 13:30:55.443   582   597 V ActivityManager: com.android.settings/.UsbSettings: task=TaskRecord{427acb98 #147 I com.android.settings/.Settings$UsbSettingsActivity U 0}
11-22 13:30:55.443   582   597 V ActivityManager: com.android.settings/.Settings$DevelopmentSettingsActivity: task=TaskRecord{42c8ecb0 #39 A com.android.settings U 0}
11-22 13:30:55.443   582   597 V ActivityManager: com.android.settings/.HWSettings: task=TaskRecord{42c8ecb0 #39 A com.android.settings U 0}
11-22 13:30:55.443   582   597 V ActivityManager: com.qihoo360.mobilesafe/com.qihoo360.contacts.mms: task=TaskRecord{4284f2d0 #133 A com.qihoo360.contacts.main U 0}
11-22 13:30:55.443   582   597 V ActivityManager: com.android.contacts/.activities.DialtactsActivity: task=TaskRecord{42684000 #140 A android.task.contacts U 0}
11-22 13:30:55.443   582   597 V ActivityManager: We have pending thumbnails: null
11-22 13:30:55.545   582   593 V ActivityManager: getTasks: max=5, flags=0, receiver=null
11-22 13:30:55.545   582   593 V ActivityManager: com.huawei.android.launcher/.Launcher: task=TaskRecord{424f5288 #2 A com.huawei.android.launcher U 0}
11-22 13:30:55.545   582   593 V ActivityManager: com.android.settings/.UsbSettings: task=TaskRecord{427acb98 #147 I com.android.settings/.Settings$UsbSettingsActivity U 0}
11-22 13:30:55.545   582   593 V ActivityManager: com.android.settings/.Settings$DevelopmentSettingsActivity: task=TaskRecord{42c8ecb0 #39 A com.android.settings U 0}
11-22 13:30:55.545   582   593 V ActivityManager: com.android.settings/.HWSettings: task=TaskRecord{42c8ecb0 #39 A com.android.settings U 0}
11-22 13:30:55.546   582   593 V ActivityManager: com.qihoo360.mobilesafe/com.qihoo360.contacts.mms: task=TaskRecord{4284f2d0 #133 A com.qihoo360.contacts.main U 0}
11-22 13:30:55.546   582   593 V ActivityManager: com.android.contacts/.activities.DialtactsActivity: task=TaskRecord{42684000 #140 A android.task.contacts U 0}
11-22 13:30:55.546   582   593 V ActivityManager: We have pending thumbnails: null
11-22 13:30:55.547   582  3000 V ActivityManager: getTasks: max=1, flags=0, receiver=null
11-22 13:30:55.547   582  3000 V ActivityManager: com.huawei.android.launcher/.Launcher: task=TaskRecord{424f5288 #2 A com.huawei.android.launcher U 0}
11-22 13:30:55.547   582  3000 V ActivityManager: We have pending thumbnails: null
11-22 13:30:55.647   582   582 V ActivityManager: getTasks: max=5, flags=0, receiver=null
11-22 13:30:55.647   582   582 V ActivityManager: com.huawei.android.launcher/.Launcher: task=TaskRecord{424f5288 #2 A com.huawei.android.launcher U 0}
11-22 13:30:55.648   582   582 V ActivityManager: com.android.settings/.UsbSettings: task=TaskRecord{427acb98 #147 I com.android.settings/.Settings$UsbSettingsActivity U 0}
11-22 13:30:55.648   582   582 V ActivityManager: com.android.settings/.Settings$DevelopmentSettingsActivity: task=TaskRecord{42c8ecb0 #39 A com.android.settings U 0}
11-22 13:30:55.648   582   582 V ActivityManager: com.android.settings/.HWSettings: task=TaskRecord{42c8ecb0 #39 A com.android.settings U 0}
11-22 13:30:55.648   582   582 V ActivityManager: com.qihoo360.mobilesafe/com.qihoo360.contacts.mms: task=TaskRecord{4284f2d0 #133 A com.qihoo360.contacts.main U 0}
11-22 13:30:55.648   582   582 V ActivityManager: com.android.contacts/.activities.DialtactsActivity: task=TaskRecord{42684000 #140 A android.task.contacts U 0}
11-22 13:30:55.648   582   582 V ActivityManager: We have pending thumbnails: null
11-22 13:30:55.707   582  1080 V ActivityManager: getTasks: max=1, flags=0, receiver=null
11-22 13:30:55.707   582  1080 V ActivityManager: com.huawei.android.launcher/.Launcher: task=TaskRecord{424f5288 #2 A com.huawei.android.launcher U 0}
11-22 13:30:55.707   582  1080 V ActivityManager: We have pending thumbnails: null
11-22 13:30:55.710   582   892 V ActivityManager: getTasks: max=1, flags=0, receiver=null
11-22 13:30:55.710   582   892 V ActivityManager: com.huawei.android.launcher/.Launcher: task=TaskRecord{424f5288 #2 A com.huawei.android.launcher U 0}
11-22 13:30:55.710   582   892 V ActivityManager: We have pending thumbnails: null
11-22 13:30:55.749   582  1063 V ActivityManager: getTasks: max=5, flags=0, receiver=null
11-22 13:30:55.750   582  1063 V ActivityManager: com.huawei.android.launcher/.Launcher: task=TaskRecord{424f5288 #2 A com.huawei.android.launcher U 0}
11-22 13:30:55.750   582  1063 V ActivityManager: com.android.settings/.UsbSettings: task=TaskRecord{427acb98 #147 I com.android.settings/.Settings$UsbSettingsActivity U 0}
11-22 13:30:55.750   582  1063 V ActivityManager: com.android.settings/.Settings$DevelopmentSettingsActivity: task=TaskRecord{42c8ecb0 #39 A com.android.settings U 0}
11-22 13:30:55.750   582  1063 V ActivityManager: com.android.settings/.HWSettings: task=TaskRecord{42c8ecb0 #39 A com.android.settings U 0}
11-22 13:30:55.750   582  1063 V ActivityManager: com.qihoo360.mobilesafe/com.qihoo360.contacts.mms: task=TaskRecord{4284f2d0 #133 A com.qihoo360.contacts.main U 0}
11-22 13:30:55.750   582  1063 V ActivityManager: com.android.contacts/.activities.DialtactsActivity: task=TaskRecord{42684000 #140 A android.task.contacts U 0}
11-22 13:30:55.750   582  1063 V ActivityManager: We have pending thumbnails: null
11-22 13:30:55.752   734   734 W SignalStrength: dwj mGsmRscpQdbm/4-80
11-22 13:30:55.752   734   734 W SignalStrength: dwj mGsmRssiQdbm/40
11-22 13:30:55.753   734   734 W SignalStrength: sim1, need checked is false
11-22 13:30:55.755   676   676 D StatusBar.MSimNetworkController: onSignalStrengthsChanged received on subscription :1signalStrength=SignalStrength:SIM2 31 -1 -120 -160 -120 -1 -1 99 2147483647 2147483647 2147483647 2147483647 gsm|lte 0 -320 0 level=4
11-22 13:30:55.755   676   676 D StatusBar.MSimNetworkController: updateTelephonySignalStrength: subscription =1
11-22 13:30:55.755   676   676 D TelephonyManagerEx: getNetworkType simId=1
11-22 13:30:55.756   582   592 V ActivityManager: Broadcast sticky: android.intent.action.SIG_STR ordered=false userid=-1 callerApp=ProcessRecord{41d30290 582:system/1000}
11-22 13:30:55.757   676   676 D HuaweiTelephonyManager: DSDA, subId == slotId 
11-22 13:30:55.758   734 15890 D PhoneInterfaceManager: isNetworkRoaming simId=1
11-22 13:30:55.758   676   676 D TelephonyManagerEx: getNetworkType simId=1
11-22 13:30:55.759   734   734 D Bluetooth HS/HF: [BT][HFG] [API] mStateReceiver.onReceive(android.intent.action.SIG_STR)
11-22 13:30:55.759   734  1806 D Bluetooth HS/HF: [BT][HFG] [API] mHandler.handleMessage(10)
11-22 13:30:55.760   676   676 D StatusBar.MSimNetworkController: subscription===1 SlotId===1
11-22 13:30:55.760   676   676 D StatusBar.MSimNetworkController: isNetworkRoaming(subscription)===false isWcdma(subscription)===true
11-22 13:30:55.760   676   676 D TelephonyManagerEx: getNetworkType simId=1
11-22 13:30:55.761   734  5320 D PhoneInterfaceManager: isNetworkRoaming simId=1
11-22 13:30:55.762   676   676 I StatusBar.MSimNetworkController: subscription===1 iconLevel ===4
11-22 13:30:55.762   676   676 D StatusBar.MSimNetworkController: refreshViews subscription =1mMSimDataConnected =true
11-22 13:30:55.762   676   676 D StatusBar.MSimNetworkController: refreshViews mMSimDataActivity =0
11-22 13:30:55.762   676   676 D StatusBar.MSimNetworkController: updateDataNetType subscription =1mMSimDataNetType =8
11-22 13:30:55.763   676   676 D StatusBar.MSimNetworkController: refreshViews connected={ data } level=4 mMSimcombinedSignalIconId=0x7f030250/com.android.systemui:drawable/stat_sys_signal_4_fully mMSimcombinedActivityIconId=0x7f0301f0 mAirplaneMode=false mMSimDataActivity=0 mMSimPhoneSignalIconId=0x7f030257 mMSimDataDirectionIconId=0x7f0301df mMSimDataSignalIconId=0x7f030250 mMSimDataTypeIconId=0x7f0301cb mNoSimIconVisible false mWifiIconId=0x7f0302b7 mBluetoothTetherIconId=0x1080561
11-22 13:30:55.763   676   676 D StatusBar.MSimNetworkController: refreshViews update icon subscription===1 mMSimPhoneSignalIconId[subscription]===2130903639 mMSimPhoneSignalTypeIconId[subscription]===2130903658 mMSimMobileActivityIconId[subscription]===2130903536 mMSimDataTypeIconId[subscription]===2130903499
11-22 13:30:55.763   676   676 D TelephonyManagerEx: getSimState simId=0
11-22 13:30:55.765   734 14981 D PhoneInterfaceManager: getSimState simId = 0prop = ABSENT
11-22 13:30:55.765   676   676 D TelephonyManagerEx: getSimState simId=1
11-22 13:30:55.766   734  1340 D PhoneInterfaceManager: getSimState simId = 1prop = READY
11-22 13:30:55.766   676   676 D TelephonyManagerEx: getSimState simId=0
11-22 13:30:55.767   734  1341 D PhoneInterfaceManager: getSimState simId = 0prop = ABSENT
11-22 13:30:55.767   676   676 D TelephonyManagerEx: getSimState simId=1
11-22 13:30:55.768   734   745 D PhoneInterfaceManager: getSimState simId = 1prop = READY
11-22 13:30:55.769   676   676 D TelephonyManagerEx: getSimState simId=0
11-22 13:30:55.769   734   744 D PhoneInterfaceManager: getSimState simId = 0prop = ABSENT
11-22 13:30:55.770   676   676 D TelephonyManagerEx: getSimState simId=1
11-22 13:30:55.770   734 14976 D PhoneInterfaceManager: getSimState simId = 1prop = READY
11-22 13:30:55.771   676   676 D TelephonyManagerEx: getSimState simId=0
11-22 13:30:55.772   734  1336 D PhoneInterfaceManager: getSimState simId = 0prop = ABSENT
11-22 13:30:55.772   676   676 D TelephonyManagerEx: getSimState simId=1
11-22 13:30:55.772   734 16112 D PhoneInterfaceManager: getSimState simId = 1prop = READY
11-22 13:30:55.773   676   676 D TelephonyManagerEx: getSimState simId=0
11-22 13:30:55.773   734 15239 D PhoneInterfaceManager: getSimState simId = 0prop = ABSENT
11-22 13:30:55.774   676   676 D TelephonyManagerEx: getSimState simId=1
11-22 13:30:55.774   734 14968 D PhoneInterfaceManager: getSimState simId = 1prop = READY
11-22 13:30:55.774   676   676 D TelephonyManagerEx: getSimState simId=0
11-22 13:30:55.775   734 16097 D PhoneInterfaceManager: getSimState simId = 0prop = ABSENT
11-22 13:30:55.775   676   676 D TelephonyManagerEx: getSimState simId=1
11-22 13:30:55.776   734 15890 D PhoneInterfaceManager: getSimState simId = 1prop = READY
11-22 13:30:55.776   676   676 D TelephonyManagerEx: getSimState simId=0
11-22 13:30:55.777   734 16138 D PhoneInterfaceManager: getSimState simId = 0prop = ABSENT
11-22 13:30:55.777   676   676 D TelephonyManagerEx: getSimState simId=1
11-22 13:30:55.778   734  2031 D PhoneInterfaceManager: getSimState simId = 1prop = READY
11-22 13:30:55.779   676   676 D TelephonyManagerEx: getSimState simId=0
11-22 13:30:55.779   734 15008 D PhoneInterfaceManager: getSimState simId = 0prop = ABSENT
11-22 13:30:55.779   676   676 D TelephonyManagerEx: getSimState simId=1
11-22 13:30:55.780   734  5320 D PhoneInterfaceManager: getSimState simId = 1prop = READY
11-22 13:30:55.781   676   676 D StatusBar.MSimNetworkController: onSignalStrengthsChanged received on subscription :1signalStrength=SignalStrength:SIM2 31 -1 -120 -160 -120 -1 -1 99 2147483647 2147483647 2147483647 2147483647 gsm|lte 0 -320 0 level=4
11-22 13:30:55.781   676   676 D StatusBar.MSimNetworkController: updateTelephonySignalStrength: subscription =1
11-22 13:30:55.781   676   676 D TelephonyManagerEx: getNetworkType simId=1
11-22 13:30:55.783   676   676 D HuaweiTelephonyManager: DSDA, subId == slotId 
11-22 13:30:55.784   734  1340 D PhoneInterfaceManager: isNetworkRoaming simId=1
11-22 13:30:55.784   676   676 D TelephonyManagerEx: getNetworkType simId=1
11-22 13:30:55.786   676   676 D StatusBar.MSimNetworkController: subscription===1 SlotId===1
11-22 13:30:55.786   676   676 D StatusBar.MSimNetworkController: isNetworkRoaming(subscription)===false isWcdma(subscription)===true
11-22 13:30:55.786   676   676 D TelephonyManagerEx: getNetworkType simId=1
11-22 13:30:55.788   734   744 D PhoneInterfaceManager: isNetworkRoaming simId=1
11-22 13:30:55.788   676   676 I StatusBar.MSimNetworkController: subscription===1 iconLevel ===4
11-22 13:30:55.788   676   676 D StatusBar.MSimNetworkController: refreshViews subscription =1mMSimDataConnected =true
11-22 13:30:55.788   676   676 D StatusBar.MSimNetworkController: refreshViews mMSimDataActivity =0
11-22 13:30:55.788   676   676 D StatusBar.MSimNetworkController: updateDataNetType subscription =1mMSimDataNetType =8
11-22 13:30:55.789   676   676 D StatusBar.MSimNetworkController: refreshViews connected={ data } level=4 mMSimcombinedSignalIconId=0x7f030250/com.android.systemui:drawable/stat_sys_signal_4_fully mMSimcombinedActivityIconId=0x7f0301f0 mAirplaneMode=false mMSimDataActivity=0 mMSimPhoneSignalIconId=0x7f030257 mMSimDataDirectionIconId=0x7f0301df mMSimDataSignalIconId=0x7f030250 mMSimDataTypeIconId=0x7f0301cb mNoSimIconVisible false mWifiIconId=0x7f0302b7 mBluetoothTetherIconId=0x1080561
11-22 13:30:55.789   676   676 D StatusBar.MSimNetworkController: refreshViews update icon subscription===1 mMSimPhoneSignalIconId[subscription]===2130903639 mMSimPhoneSignalTypeIconId[subscription]===2130903658 mMSimMobileActivityIconId[subscription]===2130903536 mMSimDataTypeIconId[subscription]===2130903499
11-22 13:30:55.796   676   676 I SurfaceTextureClient: [STC::queueBuffer] (this:0x5e85eae8) fps:0.38, dur:2647.08, max:2647.08, min:2647.08
11-22 13:30:55.796   146   385 I BufferQueue: [StatusBar](this:0x44338008,api:1) [queue] fps:0.38, dur:2646.91, max:2646.91, min:2646.91
11-22 13:30:55.808   146   217 I BufferQueue: [StatusBar](this:0x44338008,api:1) [release] fps:0.38, dur:2644.47, max:2644.47, min:2644.47
11-22 13:30:55.809   146   217 I SurfaceTextureClient: [STC::queueBuffer] (this:0x41cb7978) fps:17.19, dur:1512.39, max:1077.50, min:12.72
11-22 13:30:55.809   146   217 I BufferQueue: [FramebufferSurface](this:0x41df8008,api:1) [release] fps:17.19, dur:1512.43, max:1077.58, min:12.66
11-22 13:30:55.809   146   217 I BufferQueue: [FramebufferSurface](this:0x41df8008,api:1) [queue] fps:17.19, dur:1512.41, max:1077.62, min:12.60
11-22 13:30:55.809   146   217 I SurfaceFlinger: [SurfaceFlinger] fps:17.191019,dur:1512.42,max:1077.64,min:12.56
11-22 13:30:55.852   582  1021 V ActivityManager: getTasks: max=5, flags=0, receiver=null
11-22 13:30:55.852   582  1021 V ActivityManager: com.huawei.android.launcher/.Launcher: task=TaskRecord{424f5288 #2 A com.huawei.android.launcher U 0}
11-22 13:30:55.852   582  1021 V ActivityManager: com.android.settings/.UsbSettings: task=TaskRecord{427acb98 #147 I com.android.settings/.Settings$UsbSettingsActivity U 0}
11-22 13:30:55.852   582  1021 V ActivityManager: com.android.settings/.Settings$DevelopmentSettingsActivity: task=TaskRecord{42c8ecb0 #39 A com.android.settings U 0}
11-22 13:30:55.852   582  1021 V ActivityManager: com.android.settings/.HWSettings: task=TaskRecord{42c8ecb0 #39 A com.android.settings U 0}
11-22 13:30:55.852   582  1021 V ActivityManager: com.qihoo360.mobilesafe/com.qihoo360.contacts.mms: task=TaskRecord{4284f2d0 #133 A com.qihoo360.contacts.main U 0}
11-22 13:30:55.852   582  1021 V ActivityManager: com.android.contacts/.activities.DialtactsActivity: task=TaskRecord{42684000 #140 A android.task.contacts U 0}
11-22 13:30:55.852   582  1021 V ActivityManager: We have pending thumbnails: null
11-22 13:30:55.954   582  2129 V ActivityManager: getTasks: max=5, flags=0, receiver=null
11-22 13:30:55.954   582  2129 V ActivityManager: com.huawei.android.launcher/.Launcher: task=TaskRecord{424f5288 #2 A com.huawei.android.launcher U 0}
11-22 13:30:55.954   582  2129 V ActivityManager: com.android.settings/.UsbSettings: task=TaskRecord{427acb98 #147 I com.android.settings/.Settings$UsbSettingsActivity U 0}
11-22 13:30:55.954   582  2129 V ActivityManager: com.android.settings/.Settings$DevelopmentSettingsActivity: task=TaskRecord{42c8ecb0 #39 A com.android.settings U 0}
11-22 13:30:55.954   582  2129 V ActivityManager: com.android.settings/.HWSettings: task=TaskRecord{42c8ecb0 #39 A com.android.settings U 0}
11-22 13:30:55.954   582  2129 V ActivityManager: com.qihoo360.mobilesafe/com.qihoo360.contacts.mms: task=TaskRecord{4284f2d0 #133 A com.qihoo360.contacts.main U 0}
11-22 13:30:55.955   582  2129 V ActivityManager: com.android.contacts/.activities.DialtactsActivity: task=TaskRecord{42684000 #140 A android.task.contacts U 0}
11-22 13:30:55.955   582  2129 V ActivityManager: We have pending thumbnails: null
11-22 13:30:56.056   582  1032 V ActivityManager: getTasks: max=5, flags=0, receiver=null
11-22 13:30:56.056   582  1032 V ActivityManager: com.huawei.android.launcher/.Launcher: task=TaskRecord{424f5288 #2 A com.huawei.android.launcher U 0}
11-22 13:30:56.056   582  1032 V ActivityManager: com.android.settings/.UsbSettings: task=TaskRecord{427acb98 #147 I com.android.settings/.Settings$UsbSettingsActivity U 0}
11-22 13:30:56.057   582  1032 V ActivityManager: com.android.settings/.Settings$DevelopmentSettingsActivity: task=TaskRecord{42c8ecb0 #39 A com.android.settings U 0}
11-22 13:30:56.057   582  1032 V ActivityManager: com.android.settings/.HWSettings: task=TaskRecord{42c8ecb0 #39 A com.android.settings U 0}
11-22 13:30:56.057   582  1032 V ActivityManager: com.qihoo360.mobilesafe/com.qihoo360.contacts.mms: task=TaskRecord{4284f2d0 #133 A com.qihoo360.contacts.main U 0}
11-22 13:30:56.057   582  1032 V ActivityManager: com.android.contacts/.activities.DialtactsActivity: task=TaskRecord{42684000 #140 A android.task.contacts U 0}
11-22 13:30:56.057   582  1032 V ActivityManager: We have pending thumbnails: null
11-22 13:30:56.158   582  1084 V ActivityManager: getTasks: max=5, flags=0, receiver=null
11-22 13:30:56.158   582  1084 V ActivityManager: com.huawei.android.launcher/.Launcher: task=TaskRecord{424f5288 #2 A com.huawei.android.launcher U 0}
11-22 13:30:56.159   582  1084 V ActivityManager: com.android.settings/.UsbSettings: task=TaskRecord{427acb98 #147 I com.android.settings/.Settings$UsbSettingsActivity U 0}
11-22 13:30:56.159   582  1084 V ActivityManager: com.android.settings/.Settings$DevelopmentSettingsActivity: task=TaskRecord{42c8ecb0 #39 A com.android.settings U 0}
11-22 13:30:56.159   582  1084 V ActivityManager: com.android.settings/.HWSettings: task=TaskRecord{42c8ecb0 #39 A com.android.settings U 0}
11-22 13:30:56.159   582  1084 V ActivityManager: com.qihoo360.mobilesafe/com.qihoo360.contacts.mms: task=TaskRecord{4284f2d0 #133 A com.qihoo360.contacts.main U 0}
11-22 13:30:56.159   582  1084 V ActivityManager: com.android.contacts/.activities.DialtactsActivity: task=TaskRecord{42684000 #140 A android.task.contacts U 0}
11-22 13:30:56.159   582  1084 V ActivityManager: We have pending thumbnails: null
11-22 13:30:56.261   582   793 V ActivityManager: getTasks: max=5, flags=0, receiver=null
11-22 13:30:56.261   582   793 V ActivityManager: com.huawei.android.launcher/.Launcher: task=TaskRecord{424f5288 #2 A com.huawei.android.launcher U 0}
11-22 13:30:56.261   582   793 V ActivityManager: com.android.settings/.UsbSettings: task=TaskRecord{427acb98 #147 I com.android.settings/.Settings$UsbSettingsActivity U 0}
11-22 13:30:56.261   582   793 V ActivityManager: com.android.settings/.Settings$DevelopmentSettingsActivity: task=TaskRecord{42c8ecb0 #39 A com.android.settings U 0}
11-22 13:30:56.261   582   793 V ActivityManager: com.android.settings/.HWSettings: task=TaskRecord{42c8ecb0 #39 A com.android.settings U 0}
11-22 13:30:56.261   582   793 V ActivityManager: com.qihoo360.mobilesafe/com.qihoo360.contacts.mms: task=TaskRecord{4284f2d0 #133 A com.qihoo360.contacts.main U 0}
11-22 13:30:56.261   582   793 V ActivityManager: com.android.contacts/.activities.DialtactsActivity: task=TaskRecord{42684000 #140 A android.task.contacts U 0}
11-22 13:30:56.261   582   793 V ActivityManager: We have pending thumbnails: null
11-22 13:30:56.363   582  3002 V ActivityManager: getTasks: max=5, flags=0, receiver=null
11-22 13:30:56.363   582  3002 V ActivityManager: com.huawei.android.launcher/.Launcher: task=TaskRecord{424f5288 #2 A com.huawei.android.launcher U 0}
11-22 13:30:56.363   582  3002 V ActivityManager: com.android.settings/.UsbSettings: task=TaskRecord{427acb98 #147 I com.android.settings/.Settings$UsbSettingsActivity U 0}
11-22 13:30:56.364   582  3002 V ActivityManager: com.android.settings/.Settings$DevelopmentSettingsActivity: task=TaskRecord{42c8ecb0 #39 A com.android.settings U 0}
11-22 13:30:56.364   582  3002 V ActivityManager: com.android.settings/.HWSettings: task=TaskRecord{42c8ecb0 #39 A com.android.settings U 0}
11-22 13:30:56.364   582  3002 V ActivityManager: com.qihoo360.mobilesafe/com.qihoo360.contacts.mms: task=TaskRecord{4284f2d0 #133 A com.qihoo360.contacts.main U 0}
11-22 13:30:56.364   582  3002 V ActivityManager: com.android.contacts/.activities.DialtactsActivity: task=TaskRecord{42684000 #140 A android.task.contacts U 0}
11-22 13:30:56.364   582  3002 V ActivityManager: We have pending thumbnails: null
11-22 13:30:56.414   734   734 V Provider/Settings:  from settings cache , name = pdp_watchdog_poll_interval_ms , value = null
11-22 13:30:56.465   582  2130 V ActivityManager: getTasks: max=5, flags=0, receiver=null
11-22 13:30:56.465   582  2130 V ActivityManager: com.huawei.android.launcher/.Launcher: task=TaskRecord{424f5288 #2 A com.huawei.android.launcher U 0}
11-22 13:30:56.465   582  2130 V ActivityManager: com.android.settings/.UsbSettings: task=TaskRecord{427acb98 #147 I com.android.settings/.Settings$UsbSettingsActivity U 0}
11-22 13:30:56.466   582  2130 V ActivityManager: com.android.settings/.Settings$DevelopmentSettingsActivity: task=TaskRecord{42c8ecb0 #39 A com.android.settings U 0}
11-22 13:30:56.466   582  2130 V ActivityManager: com.android.settings/.HWSettings: task=TaskRecord{42c8ecb0 #39 A com.android.settings U 0}
11-22 13:30:56.466   582  2130 V ActivityManager: com.qihoo360.mobilesafe/com.qihoo360.contacts.mms: task=TaskRecord{4284f2d0 #133 A com.qihoo360.contacts.main U 0}
11-22 13:30:56.466   582  2130 V ActivityManager: com.android.contacts/.activities.DialtactsActivity: task=TaskRecord{42684000 #140 A android.task.contacts U 0}
11-22 13:30:56.466   582  2130 V ActivityManager: We have pending thumbnails: null
11-22 13:30:56.550   582  1065 V ActivityManager: getTasks: max=1, flags=0, receiver=null
11-22 13:30:56.551   582  1065 V ActivityManager: com.huawei.android.launcher/.Launcher: task=TaskRecord{424f5288 #2 A com.huawei.android.launcher U 0}
11-22 13:30:56.551   582  1065 V ActivityManager: We have pending thumbnails: null
11-22 13:30:56.567   582   597 V ActivityManager: getTasks: max=5, flags=0, receiver=null
11-22 13:30:56.567   582   597 V ActivityManager: com.huawei.android.launcher/.Launcher: task=TaskRecord{424f5288 #2 A com.huawei.android.launcher U 0}
11-22 13:30:56.567   582   597 V ActivityManager: com.android.settings/.UsbSettings: task=TaskRecord{427acb98 #147 I com.android.settings/.Settings$UsbSettingsActivity U 0}
11-22 13:30:56.567   582   597 V ActivityManager: com.android.settings/.Settings$DevelopmentSettingsActivity: task=TaskRecord{42c8ecb0 #39 A com.android.settings U 0}
11-22 13:30:56.567   582   597 V ActivityManager: com.android.settings/.HWSettings: task=TaskRecord{42c8ecb0 #39 A com.android.settings U 0}
11-22 13:30:56.567   582   597 V ActivityManager: com.qihoo360.mobilesafe/com.qihoo360.contacts.mms: task=TaskRecord{4284f2d0 #133 A com.qihoo360.contacts.main U 0}
11-22 13:30:56.567   582   597 V ActivityManager: com.android.contacts/.activities.DialtactsActivity: task=TaskRecord{42684000 #140 A android.task.contacts U 0}
11-22 13:30:56.567   582   597 V ActivityManager: We have pending thumbnails: null
11-22 13:30:56.602  3813  3813 D MediaProvider: handleMessage, sendMessageDelayed
11-22 13:30:56.603   582   593 V ActivityManager: Broadcast: com.android.providers.media.ACTIVATE_MEDIAPROCESS ordered=false userid=0 callerApp=ProcessRecord{42d3d248 3813:android.process.media/u0a10012}
11-22 13:30:56.611  3813  3813 W MtpReceiver: sys.usb.mtpConnect = noneMTPConnection
11-22 13:30:56.669   582   582 V ActivityManager: getTasks: max=5, flags=0, receiver=null
11-22 13:30:56.669   582   582 V ActivityManager: com.huawei.android.launcher/.Launcher: task=TaskRecord{424f5288 #2 A com.huawei.android.launcher U 0}
11-22 13:30:56.669   582   582 V ActivityManager: com.android.settings/.UsbSettings: task=TaskRecord{427acb98 #147 I com.android.settings/.Settings$UsbSettingsActivity U 0}
11-22 13:30:56.669   582   582 V ActivityManager: com.android.settings/.Settings$DevelopmentSettingsActivity: task=TaskRecord{42c8ecb0 #39 A com.android.settings U 0}
11-22 13:30:56.669   582   582 V ActivityManager: com.android.settings/.HWSettings: task=TaskRecord{42c8ecb0 #39 A com.android.settings U 0}
11-22 13:30:56.669   582   582 V ActivityManager: com.qihoo360.mobilesafe/com.qihoo360.contacts.mms: task=TaskRecord{4284f2d0 #133 A com.qihoo360.contacts.main U 0}
11-22 13:30:56.669   582   582 V ActivityManager: com.android.contacts/.activities.DialtactsActivity: task=TaskRecord{42684000 #140 A android.task.contacts U 0}
11-22 13:30:56.670   582   582 V ActivityManager: We have pending thumbnails: null
11-22 13:30:56.710   582  1080 V ActivityManager: getTasks: max=1, flags=0, receiver=null
11-22 13:30:56.710   582  1080 V ActivityManager: com.huawei.android.launcher/.Launcher: task=TaskRecord{424f5288 #2 A com.huawei.android.launcher U 0}
11-22 13:30:56.710   582  1080 V ActivityManager: We have pending thumbnails: null
11-22 13:30:56.713   582   892 V ActivityManager: getTasks: max=1, flags=0, receiver=null
11-22 13:30:56.713   582   892 V ActivityManager: com.huawei.android.launcher/.Launcher: task=TaskRecord{424f5288 #2 A com.huawei.android.launcher U 0}
11-22 13:30:56.713   582   892 V ActivityManager: We have pending thumbnails: null
11-22 13:30:56.761  9934  9934 D MsensorDaemon: Msensor deamon statr!!!!!!!!!!!!
11-22 13:30:56.761  9934  9934 D MsensorDaemon: msensor demon start process detect demon name = akmd09911
11-22 13:30:56.761  9934  9934 D MsensorDaemon: 
11-22 13:30:56.762  9934  9934 D MsensorDaemon: msensor demon start process detect demon prop = init.svc.akmd09911
11-22 13:30:56.762  9934  9934 D MsensorDaemon: 
11-22 13:30:56.762  9934  9934 D MsensorDaemon: start_msensor_demon 
11-22 13:30:56.762  9934  9934 D MsensorDaemon: HAVE_LIBC_SYSTEM_PROPERTIES
11-22 13:30:56.762  9934  9934 D MsensorDaemon: akmd09911 running
11-22 13:30:56.762  9934  9934 D MsensorDaemon: Msensor deamon2 statr!!!!!!!!!!!!
11-22 13:30:56.762  9934  9934 D MsensorDaemon: open demon attr err = No such file or directory
11-22 13:30:56.765  9933  9933 E MCA     : Here call up the service!
11-22 13:30:56.765  9933  9933 E MCA     : LT passed!
11-22 13:30:56.771   582  1063 V ActivityManager: getTasks: max=5, flags=0, receiver=null
11-22 13:30:56.771   582  1063 V ActivityManager: com.huawei.android.launcher/.Launcher: task=TaskRecord{424f5288 #2 A com.huawei.android.launcher U 0}
11-22 13:30:56.772   582  1063 V ActivityManager: com.android.settings/.UsbSettings: task=TaskRecord{427acb98 #147 I com.android.settings/.Settings$UsbSettingsActivity U 0}
11-22 13:30:56.772   582  1063 V ActivityManager: com.android.settings/.Settings$DevelopmentSettingsActivity: task=TaskRecord{42c8ecb0 #39 A com.android.settings U 0}
11-22 13:30:56.772   582  1063 V ActivityManager: com.android.settings/.HWSettings: task=TaskRecord{42c8ecb0 #39 A com.android.settings U 0}
11-22 13:30:56.772   582  1063 V ActivityManager: com.qihoo360.mobilesafe/com.qihoo360.contacts.mms: task=TaskRecord{4284f2d0 #133 A com.qihoo360.contacts.main U 0}
11-22 13:30:56.772   582  1063 V ActivityManager: com.android.contacts/.activities.DialtactsActivity: task=TaskRecord{42684000 #140 A android.task.contacts U 0}
11-22 13:30:56.772   582  1063 V ActivityManager: We have pending thumbnails: null
11-22 13:30:56.874   582   592 V ActivityManager: getTasks: max=5, flags=0, receiver=null
11-22 13:30:56.874   582   592 V ActivityManager: com.huawei.android.launcher/.Launcher: task=TaskRecord{424f5288 #2 A com.huawei.android.launcher U 0}
11-22 13:30:56.874   582   592 V ActivityManager: com.android.settings/.UsbSettings: task=TaskRecord{427acb98 #147 I com.android.settings/.Settings$UsbSettingsActivity U 0}
11-22 13:30:56.874   582   592 V ActivityManager: com.android.settings/.Settings$DevelopmentSettingsActivity: task=TaskRecord{42c8ecb0 #39 A com.android.settings U 0}
11-22 13:30:56.874   582   592 V ActivityManager: com.android.settings/.HWSettings: task=TaskRecord{42c8ecb0 #39 A com.android.settings U 0}
11-22 13:30:56.874   582   592 V ActivityManager: com.qihoo360.mobilesafe/com.qihoo360.contacts.mms: task=TaskRecord{4284f2d0 #133 A com.qihoo360.contacts.main U 0}
11-22 13:30:56.874   582   592 V ActivityManager: com.android.contacts/.activities.DialtactsActivity: task=TaskRecord{42684000 #140 A android.task.contacts U 0}
11-22 13:30:56.874   582   592 V ActivityManager: We have pending thumbnails: null
11-22 13:30:56.975   582  1021 V ActivityManager: getTasks: max=5, flags=0, receiver=null
11-22 13:30:56.976   582  1021 V ActivityManager: com.huawei.android.launcher/.Launcher: task=TaskRecord{424f5288 #2 A com.huawei.android.launcher U 0}
11-22 13:30:56.976   582  1021 V ActivityManager: com.android.settings/.UsbSettings: task=TaskRecord{427acb98 #147 I com.android.settings/.Settings$UsbSettingsActivity U 0}
11-22 13:30:56.976   582  1021 V ActivityManager: com.android.settings/.Settings$DevelopmentSettingsActivity: task=TaskRecord{42c8ecb0 #39 A com.android.settings U 0}
11-22 13:30:56.976   582  1021 V ActivityManager: com.android.settings/.HWSettings: task=TaskRecord{42c8ecb0 #39 A com.android.settings U 0}
11-22 13:30:56.976   582  1021 V ActivityManager: com.qihoo360.mobilesafe/com.qihoo360.contacts.mms: task=TaskRecord{4284f2d0 #133 A com.qihoo360.contacts.main U 0}
11-22 13:30:56.976   582  1021 V ActivityManager: com.android.contacts/.activities.DialtactsActivity: task=TaskRecord{42684000 #140 A android.task.contacts U 0}
11-22 13:30:56.976   582  1021 V ActivityManager: We have pending thumbnails: null
11-22 13:30:57.078   582  2129 V ActivityManager: getTasks: max=5, flags=0, receiver=null
11-22 13:30:57.078   582  2129 V ActivityManager: com.huawei.android.launcher/.Launcher: task=TaskRecord{424f5288 #2 A com.huawei.android.launcher U 0}
11-22 13:30:57.078   582  2129 V ActivityManager: com.android.settings/.UsbSettings: task=TaskRecord{427acb98 #147 I com.android.settings/.Settings$UsbSettingsActivity U 0}
11-22 13:30:57.079   582  2129 V ActivityManager: com.android.settings/.Settings$DevelopmentSettingsActivity: task=TaskRecord{42c8ecb0 #39 A com.android.settings U 0}
11-22 13:30:57.079   582  2129 V ActivityManager: com.android.settings/.HWSettings: task=TaskRecord{42c8ecb0 #39 A com.android.settings U 0}
11-22 13:30:57.079   582  2129 V ActivityManager: com.qihoo360.mobilesafe/com.qihoo360.contacts.mms: task=TaskRecord{4284f2d0 #133 A com.qihoo360.contacts.main U 0}
11-22 13:30:57.079   582  2129 V ActivityManager: com.android.contacts/.activities.DialtactsActivity: task=TaskRecord{42684000 #140 A android.task.contacts U 0}
11-22 13:30:57.079   582  2129 V ActivityManager: We have pending thumbnails: null
11-22 13:30:57.129   582   621 D PowerManagerService: handleUserActivityTimeout
11-22 13:30:57.129   582   621 D PowerManagerService: updateUserActivitySummaryLocked: mWakefulness=Awake, mUserActivitySummary=0x1, nextTimeout=90939823 (in 586996 ms)
11-22 13:30:57.129   582   621 D PowerManagerService: newScreenState = 2
11-22 13:30:57.130   582   621 D PowerManagerDisplayController: requestPowerState: screenState=2, useProximitySensor=false, screenBrightness=39, screenAutoBrightnessAdjustment=0.0, useAutoBrightness=false, useEcoBrightness=false, blockScreenOn=false, isUserAdjustingAutoBrightness =false, waitForNegativeProximity=false
11-22 13:30:57.130   582   621 D PowerManagerService: updateScreenStateLocked: mDisplayReady=true, newScreenState=2, mWakefulness=1, mWakeLockSummary=0x0, mUserActivitySummary=0x1, mBootCompleted=true
11-22 13:30:57.179   582   621 D PowerManagerService: handleSandman: canDream=false, mWakefulness=Awake
11-22 13:30:57.181   582  1032 V ActivityManager: getTasks: max=5, flags=0, receiver=null
11-22 13:30:57.181   582  1032 V ActivityManager: com.huawei.android.launcher/.Launcher: task=TaskRecord{424f5288 #2 A com.huawei.android.launcher U 0}
11-22 13:30:57.181   582  1032 V ActivityManager: com.android.settings/.UsbSettings: task=TaskRecord{427acb98 #147 I com.android.settings/.Settings$UsbSettingsActivity U 0}
11-22 13:30:57.181   582  1032 V ActivityManager: com.android.settings/.Settings$DevelopmentSettingsActivity: task=TaskRecord{42c8ecb0 #39 A com.android.settings U 0}
11-22 13:30:57