11-22 13:30:39.824 32706 32706 D wpa_supplicant: WPS: AP[12] d8:15:0d:ff:2d:66 type=0 tries=0 last_attempt=-1 sec ago blacklist=0
11-22 13:30:39.824 32706 32706 D wpa_supplicant: WPS: AP[13] ec:88:8f:8d:20:74 type=0 tries=0 last_attempt=-1 sec ago blacklist=0
11-22 13:30:39.824 32706 32706 D wpa_supplicant: WPS: AP[14] 8c:be:be:20:c9:d3 type=0 tries=0 last_attempt=-1 sec ago blacklist=0
11-22 13:30:39.824   582 32710 D WifiCommon: [wlan0]GET "CTRL-EVENT-SCAN-RESULTS "
11-22 13:30:39.825   582 32710 D WifiCommon: [wlan0]GET "WPS-AP-AVAILABLE "
11-22 13:30:39.825   582   654 D StateMachine: handleMessage: E msg.what=147461
11-22 13:30:39.825 32706 32706 D wpa_supplicant: WPS: AP[15] a8:57:4e:b1:d0:c6 type=0 tries=0 last_attempt=-1 sec ago blacklist=0
11-22 13:30:39.825 32706 32706 D wpa_supplicant: WPS: AP[16] d8:24:bd:78:90:63 type=0 tries=0 last_attempt=-1 sec ago blacklist=0
11-22 13:30:39.825 32706 32706 D wpa_supplicant: WPS: AP[17] bc:d1:77:16:35:c4 type=0 tries=0 last_attempt=-1 sec ago blacklist=0
11-22 13:30:39.825 32706 32706 D wpa_supplicant: WPS: AP[18] 9c:21:6a:b3:88:18 type=0 tries=0 last_attempt=-1 sec ago blacklist=0
11-22 13:30:39.825 32706 32706 D wpa_supplicant: WPS: AP[19] 1c:fa:68:e8:f4:58 type=0 tries=0 last_attempt=-1 sec ago blacklist=0
11-22 13:30:39.825 32706 32706 D wpa_supplicant: WPS: AP[20] 14:75:90:55:c0:8e type=0 tries=0 last_attempt=-1 sec ago blacklist=0
11-22 13:30:39.825 32706 32706 D wpa_supplicant: WPS: AP[21] d8:15:0d:c7:f1:28 type=0 tries=0 last_attempt=-1 sec ago blacklist=0
11-22 13:30:39.825 32706 32706 D wpa_supplicant: WPS: AP[22] e4:d3:32:3f:6b:de type=0 tries=0 last_attempt=-1 sec ago blacklist=0
11-22 13:30:39.825 32706 32706 D wpa_supplicant: WPS: AP[23] 00:6b:8e:1b:f8:73 type=0 tries=0 last_attempt=-1 sec ago blacklist=0
11-22 13:30:39.826 32706 32706 D wpa_supplicant: WPS: AP[24] 78:a1:06:c0:2c:a6 type=0 tries=0 last_attempt=-1 sec ago blacklist=0
11-22 13:30:39.826 32706 32706 D wpa_supplicant: WPS: AP[25] cc:a2:23:d0:72:a8 type=0 tries=0 last_attempt=-1 sec ago blacklist=0
11-22 13:30:39.826 32706 32706 D wpa_supplicant: WPS: AP[26] d8:5d:4c:58:6c:dc type=0 tries=0 last_attempt=-1 sec ago blacklist=0
11-22 13:30:39.826 32706 32706 D wpa_supplicant: WPS: AP[27] 54:e6:fc:1a:e8:06 type=0 tries=0 last_attempt=-1 sec ago blacklist=0
11-22 13:30:39.826 32706 32706 D wpa_supplicant: WPS: AP[28] 0c:72:2c:c2:8b:16 type=0 tries=0 last_attempt=-1 sec ago blacklist=0
11-22 13:30:39.826 32706 32706 D wpa_supplicant: WPS: AP[29] 28:2c:b2:b5:84:a6 type=0 tries=0 last_attempt=-1 sec ago blacklist=0
11-22 13:30:39.826 32706 32706 D wpa_supplicant: WPS: AP[30] 1c:fa:68:52:bf:fc type=0 tries=0 last_attempt=-1 sec ago blacklist=0
11-22 13:30:39.826 32706 32706 D wpa_supplicant: WPS: AP[31] 0c:72:2c:88:61:f6 type=0 tries=0 last_attempt=-1 sec ago blacklist=0
11-22 13:30:39.826 32706 32706 D wpa_supplicant: WPS: AP[32] bc:d1:77:8d:13:a4 type=0 tries=0 last_attempt=-1 sec ago blacklist=0
11-22 13:30:39.826 32706 32706 D wpa_supplicant: WPS: AP[33] 08:10:77:c4:d2:dc type=0 tries=0 last_attempt=-1 sec ago blacklist=0
11-22 13:30:39.826   582   654 D StateMachine: processMsg: DisconnectedState
11-22 13:30:39.826 32706 32706 D wpa_supplicant: WPS: AP[34] 20:dc:e6:86:8d:68 type=0 tries=0 last_attempt=-1 sec ago blacklist=0
11-22 13:30:39.826 32706 32706 D wpa_supplicant: WPS: AP[35] 9c:d6:43:d2:4f:38 type=0 tries=0 last_attempt=-1 sec ago blacklist=0
11-22 13:30:39.826 32706 32706 D wpa_supplicant: WPS: AP[36] d8:15:0d:89:a4:5c type=0 tries=0 last_attempt=-1 sec ago blacklist=0
11-22 13:30:39.826 32706 32706 D wpa_supplicant: WPS: AP[37] 08:10:75:e8:93:e4 type=0 tries=0 last_attempt=-1 sec ago blacklist=0
11-22 13:30:39.826 32706 32706 D wpa_supplicant: WPS: AP[38] 14:e6:e4:75:8d:c2 type=0 tries=0 last_attempt=-1 sec ago blacklist=0
11-22 13:30:39.826 32706 32706 D wpa_supplicant: WPS: AP[39] e0:05:c5:68:76:90 type=0 tries=0 last_attempt=-1 sec ago blacklist=0
11-22 13:30:39.826 32706 32706 D wpa_supplicant: WPS: AP[40] bc:d1:77:a6:f9:70 type=0 tries=0 last_attempt=-1 sec ago blacklist=0
11-22 13:30:39.826 32706 32706 D wpa_supplicant: WPS: AP[41] 14:75:90:16:ae:10 type=0 tries=0 last_attempt=-1 sec ago blacklist=0
11-22 13:30:39.826 32706 32706 D wpa_supplicant: WPS: AP[42] 14:e6:e4:ae:8a:2a type=0 tries=0 last_attempt=-1 sec ago blacklist=0
11-22 13:30:39.826 32706 32706 D wpa_supplicant: WPS: AP[43] 78:a1:06:7c:75:ba type=0 tries=0 last_attempt=-1 sec ago blacklist=0
11-22 13:30:39.826 32706 32706 D wpa_supplicant: WPS: AP[44] 8c:be:be:29:fe:2c type=0 tries=0 last_attempt=-1 sec ago blacklist=0
11-22 13:30:39.826 32706 32706 D wpa_supplicant: WPS: AP[45] d8:15:0d:e1:f3:dc type=0 tries=0 last_attempt=-1 sec ago blacklist=0
11-22 13:30:39.826 32706 32706 D wpa_supplicant: WPS: AP[46] c0:61:18:6b:cf:b4 type=0 tries=0 last_attempt=-1 sec ago blacklist=0
11-22 13:30:39.826 32706 32706 D wpa_supplicant: WPS: AP[47] 8c:21:0a:3b:94:1c type=0 tries=0 last_attempt=-1 sec ago blacklist=0
11-22 13:30:39.826 32706 32706 D wpa_supplicant: WPS: AP[48] f4:dc:f9:a8:8b:70 type=0 tries=0 last_attempt=-1 sec ago blacklist=0
11-22 13:30:39.826 32706 32706 D wpa_supplicant: WPS: AP[49] 6c:e8:73:b7:dc:88 type=0 tries=0 last_attempt=-1 sec ago blacklist=0
11-22 13:30:39.826   582   654 D WifiStateMachine: DisconnectedState{ what=147461 when=-1ms target=Handler (com.android.internal.util.StateMachine$SmHandler) {41df4610} }
11-22 13:30:39.827   582   649 D NetdConnector: RCV <- {600 Iface linkstate wlan0 down}
11-22 13:30:39.827 32706 32706 D wpa_supplicant: WPS: AP[50] 38:83:45:65:84:aa type=0 tries=0 last_attempt=-1 sec ago blacklist=0
11-22 13:30:39.827 32706 32706 D wpa_supplicant: WPS: AP[51] 20:dc:e6:52:7f:94 type=0 tries=0 last_attempt=-1 sec ago blacklist=0
11-22 13:30:39.827 32706 32706 D wpa_supplicant: WPS: AP[52] 0c:72:2c:fb:cd:a6 type=0 tries=0 last_attempt=-1 sec ago blacklist=0
11-22 13:30:39.827 32706 32706 D wpa_supplicant: WPS: AP[53] d8:15:0d:0a:33:7e type=0 tries=0 last_attempt=-1 sec ago blacklist=0
11-22 13:30:39.827 32706 32706 D wpa_supplicant: WPS: AP[54] f0:eb:d0:14:37:83 type=0 tries=0 last_attempt=-1 sec ago blacklist=0
11-22 13:30:39.827 32706 32706 D wpa_supplicant: WPS: AP[55] e0:05:c5:d3:4e:a6 type=0 tries=0 last_attempt=-1 sec ago blacklist=0
11-22 13:30:39.827 32706 32706 D wpa_supplicant: WPS: AP[56] 08:bd:43:ff:8c:23 type=0 tries=0 last_attempt=-1 sec ago blacklist=0
11-22 13:30:39.827 32706 32706 D wpa_supplicant: WPS: AP[57] 78:54:2e:56:e6:fe type=0 tries=0 last_attempt=-1 sec ago blacklist=0
11-22 13:30:39.827 32706 32706 D wpa_supplicant: WPS: AP[58] 8c:21:0a:1f:c5:68 type=0 tries=0 last_attempt=-1 sec ago blacklist=0
11-22 13:30:39.827 32706 32706 D wpa_supplicant: WPS: AP[59] 28:2c:b2:7f:5b:e8 type=0 tries=0 last_attempt=-1 sec ago blacklist=0
11-22 13:30:39.827 32706 32706 D wpa_supplicant: WPS: AP[60] 8c:21:0a:d9:ac:de type=0 tries=0 last_attempt=-1 sec ago blacklist=0
11-22 13:30:39.827 32706 32706 D wpa_supplicant: WPS: AP[61] 8c:21:0a:8e:90:00 type=0 tries=0 last_attempt=-1 sec ago blacklist=0
11-22 13:30:39.827 32706 32706 D wpa_supplicant: WPS: AP[62] 20:dc:e6:af:b9:1c type=0 tries=0 last_attempt=-1 sec ago blacklist=0
11-22 13:30:39.827 32706 32706 D wpa_supplicant: WPS: AP[63] 74:ea:3a:3e:c6:0c type=0 tries=0 last_attempt=-1 sec ago blacklist=0
11-22 13:30:39.827 32706 32706 D wpa_supplicant: WPS: AP[64] 28:2c:b2:d7:8d:52 type=0 tries=0 last_attempt=-1 sec ago blacklist=0
11-22 13:30:39.827 32706 32706 D wpa_supplicant: WPS: AP[65] 9c:21:6a:04:c7:aa type=0 tries=0 last_attempt=-1 sec ago blacklist=0
11-22 13:30:39.827 32706 32706 D wpa_supplicant: WPS: AP[66] 84:1b:5e:42:03:01 type=0 tries=0 last_attempt=-1 sec ago blacklist=0
11-22 13:30:39.827 32706 32706 D wpa_supplicant: WPS: AP[67] 50:bd:5f:14:a7:39 type=0 tries=0 last_attempt=-1 sec ago blacklist=0
11-22 13:30:39.827 32706 32706 D wpa_supplicant: WPS: AP[68] 5c:63:bf:d9:62:5e type=0 tries=0 last_attempt=-1 sec ago blacklist=0
11-22 13:30:39.827 32706 32706 D wpa_supplicant: WPS: AP[69] 28:2c:b2:e1:f9:d4 type=0 tries=0 last_attempt=-1 sec ago blacklist=0
11-22 13:30:39.828 32706 32706 D wpa_supplicant: WPS: AP[70] b0:48:7a:74:78:84 type=0 tries=0 last_attempt=-1 sec ago blacklist=0
11-22 13:30:39.828 32706 32706 D wpa_supplicant: WPS: AP[71] f4:ec:38:0d:69:10 type=0 tries=0 last_attempt=-1 sec ago blacklist=0
11-22 13:30:39.828 32706 32706 D wpa_supplicant: WPS: AP[72] 14:75:90:65:b4:48 type=0 tries=0 last_attempt=-1 sec ago blacklist=0
11-22 13:30:39.828 32706 32706 D wpa_supplicant: WPS: AP[73] 74:ea:3a:3e:e6:b0 type=0 tries=0 last_attempt=-1 sec ago blacklist=0
11-22 13:30:39.828 32706 32706 D wpa_supplicant: WPS: AP[74] bc:d1:77:a5:95:a8 type=0 tries=0 last_attempt=-1 sec ago blacklist=0
11-22 13:30:39.828 32706 32706 D wpa_supplicant: WPS: AP[75] ec:88:8f:78:25:f0 type=0 tries=0 last_attempt=-1 sec ago blacklist=0
11-22 13:30:39.828 32706 32706 D wpa_supplicant: WPS: AP[76] 84:c9:b2:06:81:16 type=0 tries=0 last_attempt=-1 sec ago blacklist=0
11-22 13:30:39.828 32706 32706 D wpa_supplicant: WPS: AP[77] e4:d3:32:31:28:0e type=0 tries=0 last_attempt=-1 sec ago blacklist=0
11-22 13:30:39.828 32706 32706 D wpa_supplicant: WPS: AP[78] 9c:21:6a:0b:91:86 type=0 tries=0 last_attempt=-1 sec ago blacklist=0
11-22 13:30:39.828 32706 32706 D wpa_supplicant: WPS: AP[79] 1c:fa:68:82:9c:10 type=0 tries=0 last_attempt=-1 sec ago blacklist=0
11-22 13:30:39.828 32706 32706 D wpa_supplicant: WPS: AP[80] 5c:63:bf:cd:a3:92 type=0 tries=0 last_attempt=-1 sec ago blacklist=0
11-22 13:30:39.829 32706 32706 D wpa_supplicant: WPS: AP[81] 8c:21:0a:87:95:96 type=0 tries=0 last_attempt=-1 sec ago blacklist=0
11-22 13:30:39.829 32706 32706 D wpa_supplicant: WPS: AP[82] c0:61:18:49:0f:4c type=0 tries=0 last_attempt=-1 sec ago blacklist=0
11-22 13:30:39.829 32706 32706 D wpa_supplicant: WPS: AP[83] 28:10:7b:54:38:56 type=0 tries=0 last_attempt=-1 sec ago blacklist=0
11-22 13:30:39.829 32706 32706 D wpa_supplicant: WPS: AP[84] 74:ea:3a:2b:68:58 type=0 tries=0 last_attempt=-1 sec ago blacklist=0
11-22 13:30:39.829 32706 32706 D wpa_supplicant: WPS: AP[85] 8c:be:be:41:a0:b4 type=0 tries=0 last_attempt=-1 sec ago blacklist=0
11-22 13:30:39.829 32706 32706 D wpa_supplicant: WPS: AP[86] e4:d3:32:bd:5d:a8 type=0 tries=0 last_attempt=-1 sec ago blacklist=0
11-22 13:30:39.829 32706 32706 D wpa_supplicant: WPS: AP[87] 38:83:45:91:e2:84 type=0 tries=0 last_attempt=-1 sec ago blacklist=0
11-22 13:30:39.829 32706 32706 D wpa_supplicant: WPS: AP[88] 5c:63:bf:83:58:6a type=0 tries=0 last_attempt=-1 sec ago blacklist=0
11-22 13:30:39.829 32706 32706 D wpa_supplicant: WPS: AP[89] 6c:e8:73:f6:bd:e2 type=0 tries=0 last_attempt=-1 sec ago blacklist=0
11-22 13:30:39.829 32706 32706 D wpa_supplicant: WPS: AP[90] d0:c7:c0:b4:ae:62 type=0 tries=0 last_attempt=-1 sec ago blacklist=0
11-22 13:30:39.829 32706 32706 D wpa_supplicant: WPS: AP[91] bc:d1:77:40:7b:44 type=0 tries=0 last_attempt=-1 sec ago blacklist=0
11-22 13:30:39.829 32706 32706 D wpa_supplicant: WPS: AP[92] 0e:1d:af:63:4f:43 type=0 tries=0 last_attempt=-1 sec ago blacklist=0
11-22 13:30:39.829 32706 32706 D wpa_supplicant: WPS: AP[93] 52:9f:27:f8:50:ee type=0 tries=0 last_attempt=-1 sec ago blacklist=0
11-22 13:30:39.829 32706 32706 D wpa_supplicant: WPS: AP[94] d4:6e:5c:6e:6a:bc type=0 tries=0 last_attempt=-1 sec ago blacklist=0
11-22 13:30:39.829 32706 32706 D wpa_supplicant: WPS: AP[95] 1a:dc:56:36:21:4e type=0 tries=0 last_attempt=-1 sec ago blacklist=0
11-22 13:30:39.829 32706 32706 D wpa_supplicant: WPS: AP[96] ec:17:2f:f8:8b:cc type=0 tries=0 last_attempt=-1 sec ago blacklist=0
11-22 13:30:39.829 32706 32706 D wpa_supplicant: WPS: AP[97] 9c:21:6a:b8:84:1e type=0 tries=0 last_attempt=-1 sec ago blacklist=0
11-22 13:30:39.829 32706 32706 D wpa_supplicant: WPS: AP[98] a8:57:4e:75:7f:3e type=0 tries=0 last_attempt=-1 sec ago blacklist=0
11-22 13:30:39.829 32706 32706 D wpa_supplicant: WPS: AP[99] 20:dc:e6:7e:52:9e type=0 tries=0 last_attempt=-1 sec ago blacklist=0
11-22 13:30:39.829 32706 32706 D wpa_supplicant: WPS: AP[100] d0:c7:c0:c5:78:5e type=0 tries=0 last_attempt=-1 sec ago blacklist=0
11-22 13:30:39.829 32706 32706 D wpa_supplicant: WPS: AP[101] bc:d1:77:2e:cf:50 type=0 tries=0 last_attempt=-1 sec ago blacklist=0
11-22 13:30:39.829 32706 32706 D wpa_supplicant: WPS: AP[102] 14:e6:e4:2b:65:78 type=0 tries=0 last_attempt=-1 sec ago blacklist=0
11-22 13:30:39.829 32706 32706 D wpa_supplicant: WPS: AP[103] 14:75:90:ce:4b:86 type=0 tries=0 last_attempt=-1 sec ago blacklist=0
11-22 13:30:39.829 32706 32706 D wpa_supplicant: WPS: AP[104] 9c:21:6a:46:cc:9a type=0 tries=0 last_attempt=-1 sec ago blacklist=0
11-22 13:30:39.829 32706 32706 D wpa_supplicant: WPS: AP[105] 20:dc:e6:c3:e6:16 type=0 tries=0 last_attempt=-1 sec ago blacklist=0
11-22 13:30:39.829 32706 32706 D wpa_supplicant: WPS: AP[106] a8:15:4d:ac:1c:e4 type=0 tries=0 last_attempt=-1 sec ago blacklist=0
11-22 13:30:39.829 32706 32706 D wpa_supplicant: WPS: AP[107] a8:15:4d:3b:8a:20 type=0 tries=0 last_attempt=-1 sec ago blacklist=0
11-22 13:30:39.829 32706 32706 D wpa_supplicant: WPS: AP[108] 6a:b9:21:40:b0:00 type=0 tries=0 last_attempt=-1 sec ago blacklist=0
11-22 13:30:39.829 32706 32706 D wpa_supplicant: WPS: AP[109] 6a:b9:21:40:b0:02 type=0 tries=0 last_attempt=-1 sec ago blacklist=0
11-22 13:30:39.829 32706 32706 D wpa_supplicant: WPS: AP[110] 70:b9:21:40:b0:01 type=0 tries=0 last_attempt=-1 sec ago blacklist=0
11-22 13:30:39.829 32706 32706 D wpa_supplicant: WPS: AP[111] 78:a1:06:59:e6:d8 type=0 tries=0 last_attempt=-1 sec ago blacklist=0
11-22 13:30:39.829 32706 32706 D wpa_supplicant: WPS: AP[112] bc:d1:77:35:32:0c type=0 tries=0 last_attempt=-1 sec ago blacklist=0
11-22 13:30:39.829 32706 32706 D wpa_supplicant: WPS: AP[113] a8:57:4e:cd:c4:e6 type=0 tries=0 last_attempt=-1 sec ago blacklist=0
11-22 13:30:39.829 32706 32706 D wpa_supplicant: WPS: AP[114] a8:57:4e:14:cc:f6 type=0 tries=0 last_attempt=-1 sec ago blacklist=0
11-22 13:30:39.829 32706 32706 D wpa_supplicant: WPS: AP[115] bc:d1:77:e5:ef:20 type=0 tries=0 last_attempt=-1 sec ago blacklist=0
11-22 13:30:39.829 32706 32706 D wpa_supplicant: WPS: AP[116] ec:88:8f:78:9c:62 type=0 tries=0 last_attempt=-1 sec ago blacklist=0
11-22 13:30:39.829 32706 32706 D wpa_supplicant: WPS: AP[117] 1c:fa:68:b4:94:14 type=0 tries=0 last_attempt=-1 sec ago blacklist=0
11-22 13:30:39.829 32706 32706 D wpa_supplicant: WPS: AP[118] 78:a1:06:c2:53:f0 type=0 tries=0 last_attempt=-1 sec ago blacklist=0
11-22 13:30:39.830 32706 32706 D wpa_supplicant: WPS: AP[119] a8:57:4e:39:16:bc type=0 tries=0 last_attempt=-1 sec ago blacklist=0
11-22 13:30:39.830 32706 32706 D wpa_supplicant: WPS: AP[120] a8:57:4e:70:41:2c type=0 tries=0 last_attempt=-1 sec ago blacklist=0
11-22 13:30:39.830 32706 32706 D wpa_supplicant: WPS: AP[121] 78:a1:06:c1:68:1a type=0 tries=0 last_attempt=-1 sec ago blacklist=0
11-22 13:30:39.830 32706 32706 D wpa_supplicant: WPS: AP[122] d0:c7:c0:f4:77:e6 type=0 tries=0 last_attempt=-1 sec ago blacklist=0
11-22 13:30:39.830 32706 32706 D wpa_supplicant: WPS: AP[123] f8:d1:11:ed:fb:e8 type=0 tries=0 last_attempt=-1 sec ago blacklist=0
11-22 13:30:39.830 32706 32706 D wpa_supplicant: WPS: AP[124] b0:48:7a:5e:3e:9a type=0 tries=0 last_attempt=-1 sec ago blacklist=0
11-22 13:30:39.830 32706 32706 D wpa_supplicant: WPS: AP[125] 6c:e8:73:58:13:32 type=0 tries=0 last_attempt=-1 sec ago blacklist=0
11-22 13:30:39.830 32706 32706 D wpa_supplicant: WPS: AP[126] 8c:21:0a:76:1a:54 type=0 tries=0 last_attempt=-1 sec ago blacklist=0
11-22 13:30:39.830 32706 32706 D wpa_supplicant: WPS: AP[127] 88:dc:96:13:bd:4f type=0 tries=0 last_attempt=-1 sec ago blacklist=0
11-22 13:30:39.830 32706 32706 D wpa_supplicant: WPS: AP[128] a8:57:4e:03:15:da type=0 tries=0 last_attempt=-1 sec ago blacklist=0
11-22 13:30:39.830 32706 32706 D wpa_supplicant: WPS: AP[129] 78:a1:06:32:74:ae type=0 tries=0 last_attempt=-1 sec ago blacklist=0
11-22 13:30:39.830 32706 32706 D wpa_supplicant: WPS: AP[130] 8c:be:be:27:a0:b0 type=0 tries=0 last_attempt=-1 sec ago blacklist=0
11-22 13:30:39.830 32706 32706 D wpa_supplicant: WPS: AP[131] e4:d3:32:85:d4:86 type=0 tries=0 last_attempt=-1 sec ago blacklist=0
11-22 13:30:39.830 32706 32706 D wpa_supplicant: WPS: AP[132] a8:15:4d:9d:3b:9a type=0 tries=0 last_attempt=-1 sec ago blacklist=0
11-22 13:30:39.830   582   650 D Tethering: interfaceLinkStateChanged wlan0, false
11-22 13:30:39.830 32706 32706 D wpa_supplicant: WPS: AP[133] 8c:21:0a:7c:a2:e6 type=0 tries=0 last_attempt=-1 sec ago blacklist=0
11-22 13:30:39.830 32706 32706 D wpa_supplicant: WPS: AP[134] 14:75:90:2f:9f:7e type=0 tries=0 last_attempt=-1 sec ago blacklist=0
11-22 13:30:39.830 32706 32706 D wpa_supplicant: WPS: AP[135] 50:bd:5f:15:d7:b1 type=0 tries=0 last_attempt=-1 sec ago blacklist=0
11-22 13:30:39.830 32706 32706 D wpa_supplicant: WPS: AP[136] 1c:7e:e5:e3:36:08 type=0 tries=0 last_attempt=-1 sec ago blacklist=0
11-22 13:30:39.830 32706 32706 D wpa_supplicant: WPS: AP[137] 52:9f:27:f8:5a:ca type=0 tries=0 last_attempt=-1 sec ago blacklist=0
11-22 13:30:39.830 32706 32706 D wpa_supplicant: WPS: AP[138] 5c:63:bf:a3:bc:4a type=0 tries=0 last_attempt=-1 sec ago blacklist=0
11-22 13:30:39.830 32706 32706 D wpa_supplicant: WPS: AP[139] c0:61:18:00:d3:56 type=0 tries=0 last_attempt=-1 sec ago blacklist=0
11-22 13:30:39.830 32706 32706 D wpa_supplicant: WPS: AP[140] 70:62:b8:ca:32:f2 type=0 tries=0 last_attempt=-1 sec ago blacklist=0
11-22 13:30:39.830 32706 32706 D wpa_supplicant: WPS: AP[141] bc:d1:77:07:c7:25 type=0 tries=0 last_attempt=-1 sec ago blacklist=0
11-22 13:30:39.830 32706 32706 D wpa_supplicant: WPS: AP[142] a8:15:4d:fb:19:d4 type=0 tries=0 last_attempt=-1 sec ago blacklist=0
11-22 13:30:39.830 32706 32706 D wpa_supplicant: WPS: AP[143] 8c:21:0a:9b:76:8a type=0 tries=0 last_attempt=-1 sec ago blacklist=0
11-22 13:30:39.830 32706 32706 D wpa_supplicant: WPS: AP[144] 14:75:90:59:a2:d0 type=0 tries=0 last_attempt=-1 sec ago blacklist=0
11-22 13:30:39.830 32706 32706 D wpa_supplicant: WPS: AP[145] 08:57:00:bd:a8:46 type=0 tries=0 last_attempt=-1 sec ago blacklist=0
11-22 13:30:39.830 32706 32706 D wpa_supplicant: WPS: AP[146] d8:5d:4c:1f:cd:04 type=0 tries=0 last_attempt=-1 sec ago blacklist=0
11-22 13:30:39.830 32706 32706 D wpa_supplicant: WPS: AP[147] e4:d3:32:78:bf:ae type=0 tries=0 last_attempt=-1 sec ago blacklist=0
11-22 13:30:39.830 32706 32706 D wpa_supplicant: WPS: AP[148] d8:15:0d:75:dc:3a type=0 tries=0 last_attempt=-1 sec ago blacklist=0
11-22 13:30:39.830 32706 32706 D wpa_supplicant: WPS: AP[149] 8c:be:be:44:8b:b4 type=0 tries=0 last_attempt=-1 sec ago blacklist=0
11-22 13:30:39.830 32706 32706 D wpa_supplicant: WPS: AP[150] e0:05:c5:b4:73:36 type=0 tries=0 last_attempt=-1 sec ago blacklist=0
11-22 13:30:39.830 32706 32706 D wpa_supplicant: WPS: AP[151] 38:83:45:61:0a:bc type=0 tries=0 last_attempt=-1 sec ago blacklist=0
11-22 13:30:39.830 32706 32706 D wpa_supplicant: WPS: AP[152] d0:c7:c0:c2:2d:82 type=0 tries=0 last_attempt=-1 sec ago blacklist=0
11-22 13:30:39.830 32706 32706 D wpa_supplicant: WPS: AP[153] d0:c7:c0:eb:2f:2e type=0 tries=0 last_attempt=-1 sec ago blacklist=0
11-22 13:30:39.830 32706 32706 D wpa_supplicant: WPS: AP[154] 54:e6:fc:23:22:d0 type=0 tries=0 last_attempt=-1 sec ago blacklist=0
11-22 13:30:39.830 32706 32706 D wpa_supplicant: WPS: AP[155] 38:83:45:5d:18:a4 type=0 tries=0 last_attempt=-1 sec ago blacklist=0
11-22 13:30:39.830 32706 32706 D wpa_supplicant: WPS: AP[156] 1c:fa:68:4a:9e:00 type=0 tries=0 last_attempt=-1 sec ago blacklist=0
11-22 13:30:39.830 32706 32706 D wpa_supplicant: WPS: AP[157] a8:15:4d:bc:a8:26 type=0 tries=0 last_attempt=-1 sec ago blacklist=0
11-22 13:30:39.830 32706 32706 D wpa_supplicant: WPS: AP[158] 5c:63:bf:85:63:a0 type=0 tries=0 last_attempt=-1 sec ago blacklist=0
11-22 13:30:39.831 32706 32706 D wpa_supplicant: WPS: AP[159] 08:57:00:2f:d6:34 type=0 tries=0 last_attempt=-1 sec ago blacklist=0
11-22 13:30:39.831 32706 32706 D wpa_supplicant: WPS: AP[160] c0:61:18:00:65:b2 type=0 tries=0 last_attempt=-1 sec ago blacklist=0
11-22 13:30:39.831 32706 32706 D wpa_supplicant: WPS: AP[161] 0c:72:2c:d9:8f:54 type=0 tries=0 last_attempt=-1 sec ago blacklist=0
11-22 13:30:39.831 32706 32706 D wpa_supplicant: WPS: AP[162] 1c:fa:68:39:50:82 type=0 tries=0 last_attempt=-1 sec ago blacklist=0
11-22 13:30:39.831 32706 32706 D wpa_supplicant: WPS: AP[163] 6c:e8:73:82:a3:9a type=0 tries=0 last_attempt=-1 sec ago blacklist=0
11-22 13:30:39.831 32706 32706 D wpa_supplicant: WPS: AP[164] 50:9f:27:4b:39:63 type=0 tries=0 last_attempt=-1 sec ago blacklist=0
11-22 13:30:39.831 32706 32706 D wpa_supplicant: WPS: AP[165] bc:d1:77:b4:b4:ec type=0 tries=0 last_attempt=-1 sec ago blacklist=0
11-22 13:30:39.831 32706 32706 D wpa_supplicant: WPS: AP[166] 1c:fa:68:b3:7a:26 type=0 tries=0 last_attempt=-1 sec ago blacklist=0
11-22 13:30:39.831 32706 32706 D wpa_supplicant: WPS: AP[167] c0:61:18:01:36:60 type=0 tries=0 last_attempt=-1 sec ago blacklist=0
11-22 13:30:39.831 32706 32706 D wpa_supplicant: WPS: AP[168] d8:15:0d:c2:ec:a2 type=0 tries=0 last_attempt=-1 sec ago blacklist=0
11-22 13:30:39.831 32706 32706 D wpa_supplicant: WPS: AP[169] 40:16:9f:7a:0d:46 type=0 tries=0 last_attempt=-1 sec ago blacklist=0
11-22 13:30:39.831 32706 32706 D wpa_supplicant: WPS: AP[170] 00:25:86:21:92:8a type=0 tries=0 last_attempt=-1 sec ago blacklist=0
11-22 13:30:39.831 32706 32706 D wpa_supplicant: WPS: AP[171] e4:d3:32:00:6f:1e type=0 tries=0 last_attempt=-1 sec ago blacklist=0
11-22 13:30:39.831 32706 32706 D wpa_supplicant: WPS: AP[172] 1c:fa:68:43:77:b8 type=0 tries=0 last_attempt=-1 sec ago blacklist=0
11-22 13:30:39.831 32706 32706 D wpa_supplicant: WPS: AP[173] a8:15:4d:47:9e:10 type=0 tries=0 last_attempt=-1 sec ago blacklist=0
11-22 13:30:39.831 32706 32706 D wpa_supplicant: WPS: AP[174] d8:15:0d:1d:33:84 type=0 tries=0 last_attempt=-1 sec ago blacklist=0
11-22 13:30:39.831 32706 32706 D wpa_supplicant: WPS: AP[175] 38:83:45:6a:8b:da type=0 tries=0 last_attempt=-1 sec ago blacklist=0
11-22 13:30:39.831 32706 32706 D wpa_supplicant: WPS: AP[176] 00:b0:0c:3d:e0:50 type=0 tries=0 last_attempt=-1 sec ago blacklist=0
11-22 13:30:39.831 32706 32706 D wpa_supplicant: WPS: AP[177] c0:61:18:11:30:40 type=0 tries=0 last_attempt=-1 sec ago blacklist=0
11-22 13:30:39.831 32706 32706 D wpa_supplicant: WPS: AP[178] cc:34:29:16:95:cc type=0 tries=0 last_attempt=-1 sec ago blacklist=0
11-22 13:30:39.831 32706 32706 D wpa_supplicant: WPS: AP[179] 40:16:9f:25:00:0c type=0 tries=0 last_attempt=-1 sec ago blacklist=0
11-22 13:30:39.831 32706 32706 D wpa_supplicant: WPS: AP[180] 6c:e8:73:ff:99:02 type=0 tries=0 last_attempt=-1 sec ago blacklist=0
11-22 13:30:39.831 32706 32706 D wpa_supplicant: WPS: AP[181] 3c:df:bd:4d:fb:a4 type=0 tries=0 last_attempt=-1 sec ago blacklist=0
11-22 13:30:39.831 32706 32706 D wpa_supplicant: WPS: AP[182] a8:57:4e:f6:0a:86 type=0 tries=0 last_attempt=-1 sec ago blacklist=0
11-22 13:30:39.831 32706 32706 D wpa_supplicant: WPS: AP[183] e4:d3:32:ad:47:48 type=0 tries=0 last_attempt=-1 sec ago blacklist=0
11-22 13:30:39.831 32706 32706 D wpa_supplicant: WPS: AP[184] 6c:e8:73:fd:06:72 type=0 tries=0 last_attempt=-1 sec ago blacklist=0
11-22 13:30:39.831 32706 32706 D wpa_supplicant: WPS: AP[185] a8:57:4e:72:d4:34 type=0 tries=0 last_attempt=-1 sec ago blacklist=0
11-22 13:30:39.831 32706 32706 D wpa_supplicant: WPS: AP[186] 54:22:f8:ef:59:30 type=0 tries=0 last_attempt=-1 sec ago blacklist=0
11-22 13:30:39.831 32706 32706 D wpa_supplicant: WPS: AP[187] cc:7b:35:1f:ad:f9 type=0 tries=0 last_attempt=-1 sec ago blacklist=0
11-22 13:30:39.831 32706 32706 D wpa_supplicant: wlan0: Selecting BSS from priority group 20
11-22 13:30:39.831 32706 32706 D wpa_supplicant: wlan0: 0: 6c:e8:73:ff:99:02 ssid='TP-LINK_2.4GHz_FF9902' wpa_ie_len=22 rsn_ie_len=20 caps=0x431 level=-57 wps
11-22 13:30:39.831 32706 32706 D wpa_supplicant: wlan0:    skip - SSID mismatch
11-22 13:30:39.831 32706 32706 D wpa_supplicant: wlan0: 1: 14:cf:92:cf:20:fa ssid='TP-LINK_CF20FA' wpa_ie_len=26 rsn_ie_len=24 caps=0x431 level=-76
11-22 13:30:39.831 32706 32706 D wpa_supplicant: wlan0:    skip - SSID mismatch
11-22 13:30:39.831 32706 32706 D wpa_supplicant: wlan0: 2: 40:16:9f:25:00:0c ssid='meiquan' wpa_ie_len=22 rsn_ie_len=20 caps=0x431 level=-83 wps
11-22 13:30:39.831 32706 32706 D wpa_supplicant: wlan0:    skip - SSID mismatch
11-22 13:30:39.830   582   650 D Tethering: interfaceStatusChanged wlan0, false
11-22 13:30:39.832 32706 32706 D wpa_supplicant: wlan0: 3: c0:61:18:11:30:40 ssid='bayside' wpa_ie_len=26 rsn_ie_len=24 caps=0x411 level=-86 wps
11-22 13:30:39.832 32706 32706 D wpa_supplicant: wlan0:    skip - SSID mismatch
11-22 13:30:39.832 32706 32706 D wpa_supplicant: wlan0: 4: cc:34:29:16:95:cc ssid='HUAKETIANYU' wpa_ie_len=22 rsn_ie_len=20 caps=0x431 level=-90 wps
11-22 13:30:39.832 32706 32706 D wpa_supplicant: wlan0:    skip - SSID mismatch
11-22 13:30:39.832 32706 32706 D wpa_supplicant: wlan0: Selecting BSS from priority group 19
11-22 13:30:39.832 32706 32706 D wpa_supplicant: wlan0: 0: 6c:e8:73:ff:99:02 ssid='TP-LINK_2.4GHz_FF9902' wpa_ie_len=22 rsn_ie_len=20 caps=0x431 level=-57 wps
11-22 13:30:39.832 32706 32706 D wpa_supplicant: wlan0:    skip - SSID mismatch
11-22 13:30:39.832 32706 32706 D wpa_supplicant: wlan0: 1: 14:cf:92:cf:20:fa ssid='TP-LINK_CF20FA' wpa_ie_len=26 rsn_ie_len=24 caps=0x431 level=-76
11-22 13:30:39.832 32706 32706 D wpa_supplicant: wlan0:    skip - SSID mismatch
11-22 13:30:39.832 32706 32706 D wpa_supplicant: wlan0: 2: 40:16:9f:25:00:0c ssid='meiquan' wpa_ie_len=22 rsn_ie_len=20 caps=0x431 level=-83 wps
11-22 13:30:39.832 32706 32706 D wpa_supplicant: wlan0:    skip - SSID mismatch
11-22 13:30:39.832 32706 32706 D wpa_supplicant: wlan0: 3: c0:61:18:11:30:40 ssid='bayside' wpa_ie_len=26 rsn_ie_len=24 caps=0x411 level=-86 wps
11-22 13:30:39.832 32706 32706 D wpa_supplicant: wlan0:    skip - SSID mismatch
11-22 13:30:39.832 32706 32706 D wpa_supplicant: wlan0: 4: cc:34:29:16:95:cc ssid='HUAKETIANYU' wpa_ie_len=22 rsn_ie_len=20 caps=0x431 level=-90 wps
11-22 13:30:39.832 32706 32706 D wpa_supplicant: wlan0:    skip - SSID mismatch
11-22 13:30:39.832 32706 32706 D wpa_supplicant: wlan0: Selecting BSS from priority group 18
11-22 13:30:39.832 32706 32706 D wpa_supplicant: wlan0: 0: 6c:e8:73:ff:99:02 ssid='TP-LINK_2.4GHz_FF9902' wpa_ie_len=22 rsn_ie_len=20 caps=0x431 level=-57 wps
11-22 13:30:39.832 32706 32706 D wpa_supplicant: wlan0:    skip - SSID mismatch
11-22 13:30:39.832 32706 32706 D wpa_supplicant: wlan0: 1: 14:cf:92:cf:20:fa ssid='TP-LINK_CF20FA' wpa_ie_len=26 rsn_ie_len=24 caps=0x431 level=-76
11-22 13:30:39.832 32706 32706 D wpa_supplicant: wlan0:    skip - SSID mismatch
11-22 13:30:39.832 32706 32706 D wpa_supplicant: wlan0: 2: 40:16:9f:25:00:0c ssid='meiquan' wpa_ie_len=22 rsn_ie_len=20 caps=0x431 level=-83 wps
11-22 13:30:39.832 32706 32706 D wpa_supplicant: wlan0:    skip - SSID mismatch
11-22 13:30:39.832 32706 32706 D wpa_supplicant: wlan0: 3: c0:61:18:11:30:40 ssid='bayside' wpa_ie_len=26 rsn_ie_len=24 caps=0x411 level=-86 wps
11-22 13:30:39.832 32706 32706 D wpa_supplicant: wlan0:    skip - SSID mismatch
11-22 13:30:39.833 32706 32706 D wpa_supplicant: wlan0: 4: cc:34:29:16:95:cc ssid='HUAKETIANYU' wpa_ie_len=22 rsn_ie_len=20 caps=0x431 level=-90 wps
11-22 13:30:39.833 32706 32706 D wpa_supplicant: wlan0:    skip - SSID mismatch
11-22 13:30:39.833 32706 32706 D wpa_supplicant: wlan0: Selecting BSS from priority group 17
11-22 13:30:39.833 32706 32706 D wpa_supplicant: wlan0: 0: 6c:e8:73:ff:99:02 ssid='TP-LINK_2.4GHz_FF9902' wpa_ie_len=22 rsn_ie_len=20 caps=0x431 level=-57 wps
11-22 13:30:39.833 32706 32706 D wpa_supplicant: wlan0:    skip - SSID mismatch
11-22 13:30:39.833 32706 32706 D wpa_supplicant: wlan0: 1: 14:cf:92:cf:20:fa ssid='TP-LINK_CF20FA' wpa_ie_len=26 rsn_ie_len=24 caps=0x431 level=-76
11-22 13:30:39.833 32706 32706 D wpa_supplicant: wlan0:    skip - SSID mismatch
11-22 13:30:39.833 32706 32706 D wpa_supplicant: wlan0: 2: 40:16:9f:25:00:0c ssid='meiquan' wpa_ie_len=22 rsn_ie_len=20 caps=0x431 level=-83 wps
11-22 13:30:39.833 32706 32706 D wpa_supplicant: wlan0:    skip - SSID mismatch
11-22 13:30:39.833 32706 32706 D wpa_supplicant: wlan0: 3: c0:61:18:11:30:40 ssid='bayside' wpa_ie_len=26 rsn_ie_len=24 caps=0x411 level=-86 wps
11-22 13:30:39.833 32706 32706 D wpa_supplicant: wlan0:    skip - SSID mismatch
11-22 13:30:39.833   582   654 D StateMachine: processMsg: ConnectModeState
11-22 13:30:39.833 32706 32706 D wpa_supplicant: wlan0: 4: cc:34:29:16:95:cc ssid='HUAKETIANYU' wpa_ie_len=22 rsn_ie_len=20 caps=0x431 level=-90 wps
11-22 13:30:39.833 32706 32706 D wpa_supplicant: wlan0:    skip - SSID mismatch
11-22 13:30:39.833 32706 32706 D wpa_supplicant: wlan0: Selecting BSS from priority group 16
11-22 13:30:39.833 32706 32706 D wpa_supplicant: wlan0: 0: 6c:e8:73:ff:99:02 ssid='TP-LINK_2.4GHz_FF9902' wpa_ie_len=22 rsn_ie_len=20 caps=0x431 level=-57 wps
11-22 13:30:39.833 32706 32706 D wpa_supplicant: wlan0:    skip - SSID mismatch
11-22 13:30:39.833 32706 32706 D wpa_supplicant: wlan0: 1: 14:cf:92:cf:20:fa ssid='TP-LINK_CF20FA' wpa_ie_len=26 rsn_ie_len=24 caps=0x431 level=-76
11-22 13:30:39.833 32706 32706 D wpa_supplicant: wlan0:    skip - SSID mismatch
11-22 13:30:39.833 32706 32706 D wpa_supplicant: wlan0: 2: 40:16:9f:25:00:0c ssid='meiquan' wpa_ie_len=22 rsn_ie_len=20 caps=0x431 level=-83 wps
11-22 13:30:39.833 32706 32706 D wpa_supplicant: wlan0:    skip - SSID mismatch
11-22 13:30:39.833 32706 32706 D wpa_supplicant: wlan0: 3: c0:61:18:11:30:40 ssid='bayside' wpa_ie_len=26 rsn_ie_len=24 caps=0x411 level=-86 wps
11-22 13:30:39.833 32706 32706 D wpa_supplicant: wlan0:    skip - SSID mismatch
11-22 13:30:39.833 32706 32706 D wpa_supplicant: wlan0: 4: cc:34:29:16:95:cc ssid='HUAKETIANYU' wpa_ie_len=22 rsn_ie_len=20 caps=0x431 level=-90 wps
11-22 13:30:39.833 32706 32706 D wpa_supplicant: wlan0:    skip - SSID mismatch
11-22 13:30:39.833 32706 32706 D wpa_supplicant: wlan0: Selecting BSS from priority group 14
11-22 13:30:39.833 32706 32706 D wpa_supplicant: wlan0: 0: 6c:e8:73:ff:99:02 ssid='TP-LINK_2.4GHz_FF9902' wpa_ie_len=22 rsn_ie_len=20 caps=0x431 level=-57 wps
11-22 13:30:39.833 32706 32706 D wpa_supplicant: wlan0:    skip - SSID mismatch
11-22 13:30:39.833 32706 32706 D wpa_supplicant: wlan0: 1: 14:cf:92:cf:20:fa ssid='TP-LINK_CF20FA' wpa_ie_len=26 rsn_ie_len=24 caps=0x431 level=-76
11-22 13:30:39.833 32706 32706 D wpa_supplicant: wlan0:    skip - SSID mismatch
11-22 13:30:39.833 32706 32706 D wpa_supplicant: wlan0: 2: 40:16:9f:25:00:0c ssid='meiquan' wpa_ie_len=22 rsn_ie_len=20 caps=0x431 level=-83 wps
11-22 13:30:39.833 32706 32706 D wpa_supplicant: wlan0:    skip - SSID mismatch
11-22 13:30:39.833 32706 32706 D wpa_supplicant: wlan0: 3: c0:61:18:11:30:40 ssid='bayside' wpa_ie_len=26 rsn_ie_len=24 caps=0x411 level=-86 wps
11-22 13:30:39.833 32706 32706 D wpa_supplicant: wlan0:    skip - SSID mismatch
11-22 13:30:39.834 32706 32706 D wpa_supplicant: wlan0: 4: cc:34:29:16:95:cc ssid='HUAKETIANYU' wpa_ie_len=22 rsn_ie_len=20 caps=0x431 level=-90 wps
11-22 13:30:39.834 32706 32706 D wpa_supplicant: wlan0:    skip - SSID mismatch
11-22 13:30:39.834 32706 32706 D wpa_supplicant: wlan0: Selecting BSS from priority group 13
11-22 13:30:39.834 32706 32706 D wpa_supplicant: wlan0: 0: 6c:e8:73:ff:99:02 ssid='TP-LINK_2.4GHz_FF9902' wpa_ie_len=22 rsn_ie_len=20 caps=0x431 level=-57 wps
11-22 13:30:39.834 32706 32706 D wpa_supplicant: wlan0:    skip - SSID mismatch
11-22 13:30:39.834 32706 32706 D wpa_supplicant: wlan0: 1: 14:cf:92:cf:20:fa ssid='TP-LINK_CF20FA' wpa_ie_len=26 rsn_ie_len=24 caps=0x431 level=-76
11-22 13:30:39.834 32706 32706 D wpa_supplicant: wlan0:    skip - SSID mismatch
11-22 13:30:39.834 32706 32706 D wpa_supplicant: wlan0: 2: 40:16:9f:25:00:0c ssid='meiquan' wpa_ie_len=22 rsn_ie_len=20 caps=0x431 level=-83 wps
11-22 13:30:39.834 32706 32706 D wpa_supplicant: wlan0:    skip - SSID mismatch
11-22 13:30:39.834 32706 32706 D wpa_supplicant: wlan0: 3: c0:61:18:11:30:40 ssid='bayside' wpa_ie_len=26 rsn_ie_len=24 caps=0x411 level=-86 wps
11-22 13:30:39.834 32706 32706 D wpa_supplicant: wlan0:    skip - SSID mismatch
11-22 13:30:39.834 32706 32706 D wpa_supplicant: wlan0: 4: cc:34:29:16:95:cc ssid='HUAKETIANYU' wpa_ie_len=22 rsn_ie_len=20 caps=0x431 level=-90 wps
11-22 13:30:39.834 32706 32706 D wpa_supplicant: wlan0:    skip - SSID mismatch
11-22 13:30:39.834 32706 32706 D wpa_supplicant: wlan0: Selecting BSS from priority group 12
11-22 13:30:39.834 32706 32706 D wpa_supplicant: wlan0: 0: 6c:e8:73:ff:99:02 ssid='TP-LINK_2.4GHz_FF9902' wpa_ie_len=22 rsn_ie_len=20 caps=0x431 level=-57 wps
11-22 13:30:39.834 32706 32706 D wpa_supplicant: wlan0:    skip - SSID mismatch
11-22 13:30:39.834 32706 32706 D wpa_supplicant: wlan0: 1: 14:cf:92:cf:20:fa ssid='TP-LINK_CF20FA' wpa_ie_len=26 rsn_ie_len=24 caps=0x431 level=-76
11-22 13:30:39.834 32706 32706 D wpa_supplicant: wlan0:    skip - SSID mismatch
11-22 13:30:39.834 32706 32706 D wpa_supplicant: wlan0: 2: 40:16:9f:25:00:0c ssid='meiquan' wpa_ie_len=22 rsn_ie_len=20 caps=0x431 level=-83 wps
11-22 13:30:39.834 32706 32706 D wpa_supplicant: wlan0:    skip - SSID mismatch
11-22 13:30:39.834 32706 32706 D wpa_supplicant: wlan0: 3: c0:61:18:11:30:40 ssid='bayside' wpa_ie_len=26 rsn_ie_len=24 caps=0x411 level=-86 wps
11-22 13:30:39.834 32706 32706 D wpa_supplicant: wlan0:    skip - SSID mismatch
11-22 13:30:39.834 32706 32706 D wpa_supplicant: wlan0: 4: cc:34:29:16:95:cc ssid='HUAKETIANYU' wpa_ie_len=22 rsn_ie_len=20 caps=0x431 level=-90 wps
11-22 13:30:39.834 32706 32706 D wpa_supplicant: wlan0:    skip - SSID mismatch
11-22 13:30:39.834 32706 32706 D wpa_supplicant: wlan0: Selecting BSS from priority group 10
11-22 13:30:39.834 32706 32706 D wpa_supplicant: wlan0: 0: 6c:e8:73:ff:99:02 ssid='TP-LINK_2.4GHz_FF9902' wpa_ie_len=22 rsn_ie_len=20 caps=0x431 level=-57 wps
11-22 13:30:39.834 32706 32706 D wpa_supplicant: wlan0:    skip - SSID mismatch
11-22 13:30:39.834 32706 32706 D wpa_supplicant: wlan0: 1: 14:cf:92:cf:20:fa ssid='TP-LINK_CF20FA' wpa_ie_len=26 rsn_ie_len=24 caps=0x431 level=-76
11-22 13:30:39.834 32706 32706 D wpa_supplicant: wlan0:    skip - SSID mismatch
11-22 13:30:39.835 32706 32706 D wpa_supplicant: wlan0: 2: 40:16:9f:25:00:0c ssid='meiquan' wpa_ie_len=22 rsn_ie_len=20 caps=0x431 level=-83 wps
11-22 13:30:39.835 32706 32706 D wpa_supplicant: wlan0:    skip - SSID mismatch
11-22 13:30:39.835 32706 32706 D wpa_supplicant: wlan0: 3: c0:61:18:11:30:40 ssid='bayside' wpa_ie_len=26 rsn_ie_len=24 caps=0x411 level=-86 wps
11-22 13:30:39.835 32706 32706 D wpa_supplicant: wlan0:    skip - SSID mismatch
11-22 13:30:39.835 32706 32706 D wpa_supplicant: wlan0: 4: cc:34:29:16:95:cc ssid='HUAKETIANYU' wpa_ie_len=22 rsn_ie_len=20 caps=0x431 level=-90 wps
11-22 13:30:39.835 32706 32706 D wpa_supplicant: wlan0:    skip - SSID mismatch
11-22 13:30:39.835 32706 32706 D wpa_supplicant: wlan0: Selecting BSS from priority group 9
11-22 13:30:39.835 32706 32706 D wpa_supplicant: wlan0: 0: 6c:e8:73:ff:99:02 ssid='TP-LINK_2.4GHz_FF9902' wpa_ie_len=22 rsn_ie_len=20 caps=0x431 level=-57 wps
11-22 13:30:39.835 32706 32706 D wpa_supplicant: wlan0:    skip - SSID mismatch
11-22 13:30:39.835 32706 32706 D wpa_supplicant: wlan0: 1: 14:cf:92:cf:20:fa ssid='TP-LINK_CF20FA' wpa_ie_len=26 rsn_ie_len=24 caps=0x431 level=-76
11-22 13:30:39.835 32706 32706 D wpa_supplicant: wlan0:    skip - SSID mismatch
11-22 13:30:39.835 32706 32706 D wpa_supplicant: wlan0: 2: 40:16:9f:25:00:0c ssid='meiquan' wpa_ie_len=22 rsn_ie_len=20 caps=0x431 level=-83 wps
11-22 13:30:39.835 32706 32706 D wpa_supplicant: wlan0:    skip - SSID mismatch
11-22 13:30:39.835 32706 32706 D wpa_supplicant: wlan0: 3: c0:61:18:11:30:40 ssid='bayside' wpa_ie_len=26 rsn_ie_len=24 caps=0x411 level=-86 wps
11-22 13:30:39.835 32706 32706 D wpa_supplicant: wlan0:    skip - SSID mismatch
11-22 13:30:39.835 32706 32706 D wpa_supplicant: wlan0: 4: cc:34:29:16:95:cc ssid='HUAKETIANYU' wpa_ie_len=22 rsn_ie_len=20 caps=0x431 level=-90 wps
11-22 13:30:39.835 32706 32706 D wpa_supplicant: wlan0:    skip - SSID mismatch
11-22 13:30:39.835 32706 32706 D wpa_supplicant: wlan0: Selecting BSS from priority group 8
11-22 13:30:39.835 32706 32706 D wpa_supplicant: wlan0: 0: 6c:e8:73:ff:99:02 ssid='TP-LINK_2.4GHz_FF9902' wpa_ie_len=22 rsn_ie_len=20 caps=0x431 level=-57 wps
11-22 13:30:39.835 32706 32706 D wpa_supplicant: wlan0:    skip - SSID mismatch
11-22 13:30:39.835 32706 32706 D wpa_supplicant: wlan0: 1: 14:cf:92:cf:20:fa ssid='TP-LINK_CF20FA' wpa_ie_len=26 rsn_ie_len=24 caps=0x431 level=-76
11-22 13:30:39.835 32706 32706 D wpa_supplicant: wlan0:    skip - SSID mismatch
11-22 13:30:39.836 32706 32706 D wpa_supplicant: wlan0: 2: 40:16:9f:25:00:0c ssid='meiquan' wpa_ie_len=22 rsn_ie_len=20 caps=0x431 level=-83 wps
11-22 13:30:39.836 32706 32706 D wpa_supplicant: wlan0:    skip - SSID mismatch
11-22 13:30:39.836 32706 32706 D wpa_supplicant: wlan0: 3: c0:61:18:11:30:40 ssid='bayside' wpa_ie_len=26 rsn_ie_len=24 caps=0x411 level=-86 wps
11-22 13:30:39.836 32706 32706 D wpa_supplicant: wlan0:    skip - SSID mismatch
11-22 13:30:39.836 32706 32706 D wpa_supplicant: wlan0: 4: cc:34:29:16:95:cc ssid='HUAKETIANYU' wpa_ie_len=22 rsn_ie_len=20 caps=0x431 level=-90 wps
11-22 13:30:39.836 32706 32706 D wpa_supplicant: wlan0:    skip - SSID mismatch
11-22 13:30:39.836 32706 32706 D wpa_supplicant: wlan0: Selecting BSS from priority group 7
11-22 13:30:39.836 32706 32706 D wpa_supplicant: wlan0: 0: 6c:e8:73:ff:99:02 ssid='TP-LINK_2.4GHz_FF9902' wpa_ie_len=22 rsn_ie_len=20 caps=0x431 level=-57 wps
11-22 13:30:39.836 32706 32706 D wpa_supplicant: wlan0:    skip - SSID mismatch
11-22 13:30:39.836 32706 32706 D wpa_supplicant: wlan0: 1: 14:cf:92:cf:20:fa ssid='TP-LINK_CF20FA' wpa_ie_len=26 rsn_ie_len=24 caps=0x431 level=-76
11-22 13:30:39.836 32706 32706 D wpa_supplicant: wlan0:    skip - SSID mismatch
11-22 13:30:39.836 32706 32706 D wpa_supplicant: wlan0: 2: 40:16:9f:25:00:0c ssid='meiquan' wpa_ie_len=22 rsn_ie_len=20 caps=0x431 level=-83 wps
11-22 13:30:39.836 32706 32706 D wpa_supplicant: wlan0:    skip - SSID mismatch
11-22 13:30:39.836 32706 32706 D wpa_supplicant: wlan0: 3: c0:61:18:11:30:40 ssid='bayside' wpa_ie_len=26 rsn_ie_len=24 caps=0x411 level=-86 wps
11-22 13:30:39.836 32706 32706 D wpa_supplicant: wlan0:    skip - SSID mismatch
11-22 13:30:39.836 32706 32706 D wpa_supplicant: wlan0: 4: cc:34:29:16:95:cc ssid='HUAKETIANYU' wpa_ie_len=22 rsn_ie_len=20 caps=0x431 level=-90 wps
11-22 13:30:39.836 32706 32706 D wpa_supplicant: wlan0:    skip - SSID mismatch
11-22 13:30:39.836 32706 32706 D wpa_supplicant: wlan0: Selecting BSS from priority group 6
11-22 13:30:39.836 32706 32706 D wpa_supplicant: wlan0: 0: 6c:e8:73:ff:99:02 ssid='TP-LINK_2.4GHz_FF9902' wpa_ie_len=22 rsn_ie_len=20 caps=0x431 level=-57 wps
11-22 13:30:39.836 32706 32706 D wpa_supplicant: wlan0:    skip - SSID mismatch
11-22 13:30:39.836 32706 32706 D wpa_supplicant: wlan0: 1: 14:cf:92:cf:20:fa ssid='TP-LINK_CF20FA' wpa_ie_len=26 rsn_ie_len=24 caps=0x431 level=-76
11-22 13:30:39.836 32706 32706 D wpa_supplicant: wlan0:    skip - SSID mismatch
11-22 13:30:39.836   582   654 D WifiStateMachine: ConnectModeState{ what=147461 when=-8ms target=Handler (com.android.internal.util.StateMachine$SmHandler) {41df4610} }
11-22 13:30:39.836 32706 32706 D wpa_supplicant: wlan0: 2: 40:16:9f:25:00:0c ssid='meiquan' wpa_ie_len=22 rsn_ie_len=20 caps=0x431 level=-83 wps
11-22 13:30:39.836 32706 32706 D wpa_supplicant: wlan0:    skip - SSID mismatch
11-22 13:30:39.836 32706 32706 D wpa_supplicant: wlan0: 3: c0:61:18:11:30:40 ssid='bayside' wpa_ie_len=26 rsn_ie_len=24 caps=0x411 level=-86 wps
11-22 13:30:39.837 32706 32706 D wpa_supplicant: wlan0:    skip - SSID mismatch
11-22 13:30:39.837 32706 32706 D wpa_supplicant: wlan0: 4: cc:34:29:16:95:cc ssid='HUAKETIANYU' wpa_ie_len=22 rsn_ie_len=20 caps=0x431 level=-90 wps
11-22 13:30:39.837 32706 32706 D wpa_supplicant: wlan0:    skip - SSID mismatch
11-22 13:30:39.837 32706 32706 D wpa_supplicant: wlan0: Selecting BSS from priority group 4
11-22 13:30:39.837 32706 32706 D wpa_supplicant: wlan0: 0: 6c:e8:73:ff:99:02 ssid='TP-LINK_2.4GHz_FF9902' wpa_ie_len=22 rsn_ie_len=20 caps=0x431 level=-57 wps
11-22 13:30:39.837 32706 32706 D wpa_supplicant: wlan0:    skip - SSID mismatch
11-22 13:30:39.837 32706 32706 D wpa_supplicant: wlan0: 1: 14:cf:92:cf:20:fa ssid='TP-LINK_CF20FA' wpa_ie_len=26 rsn_ie_len=24 caps=0x431 level=-76
11-22 13:30:39.837 32706 32706 D wpa_supplicant: wlan0:    skip - SSID mismatch
11-22 13:30:39.837 32706 32706 D wpa_supplicant: wlan0: 2: 40:16:9f:25:00:0c ssid='meiquan' wpa_ie_len=22 rsn_ie_len=20 caps=0x431 level=-83 wps
11-22 13:30:39.837 32706 32706 D wpa_supplicant: wlan0:    skip - SSID mismatch
11-22 13:30:39.837 32706 32706 D wpa_supplicant: wlan0: 3: c0:61:18:11:30:40 ssid='bayside' wpa_ie_len=26 rsn_ie_len=24 caps=0x411 level=-86 wps
11-22 13:30:39.837 32706 32706 D wpa_supplicant: wlan0:    skip - SSID mismatch
11-22 13:30:39.837 32706 32706 D wpa_supplicant: wlan0: 4: cc:34:29:16:95:cc ssid='HUAKETIANYU' wpa_ie_len=22 rsn_ie_len=20 caps=0x431 level=-90 wps
11-22 13:30:39.837 32706 32706 D wpa_supplicant: wlan0:    skip - SSID mismatch
11-22 13:30:39.837 32706 32706 D wpa_supplicant: wlan0: Selecting BSS from priority group 1
11-22 13:30:39.837 32706 32706 D wpa_supplicant: wlan0: 0: 6c:e8:73:ff:99:02 ssid='TP-LINK_2.4GHz_FF9902' wpa_ie_len=22 rsn_ie_len=20 caps=0x431 level=-57 wps
11-22 13:30:39.837 32706 32706 D wpa_supplicant: wlan0:    skip - SSID mismatch
11-22 13:30:39.838 32706 32706 D wpa_supplicant: wlan0: 1: 14:cf:92:cf:20:fa ssid='TP-LINK_CF20FA' wpa_ie_len=26 rsn_ie_len=24 caps=0x431 level=-76
11-22 13:30:39.838 32706 32706 D wpa_supplicant: wlan0:    skip - SSID mismatch
11-22 13:30:39.838 32706 32706 D wpa_supplicant: wlan0: 2: 40:16:9f:25:00:0c ssid='meiquan' wpa_ie_len=22 rsn_ie_len=20 caps=0x431 level=-83 wps
11-22 13:30:39.838 32706 32706 D wpa_supplicant: wlan0:    skip - SSID mismatch
11-22 13:30:39.838 32706 32706 D wpa_supplicant: wlan0: 3: c0:61:18:11:30:40 ssid='bayside' wpa_ie_len=26 rsn_ie_len=24 caps=0x411 level=-86 wps
11-22 13:30:39.838 32706 32706 D wpa_supplicant: wlan0:    skip - SSID mismatch
11-22 13:30:39.838 32706 32706 D wpa_supplicant: wlan0: 4: cc:34:29:16:95:cc ssid='HUAKETIANYU' wpa_ie_len=22 rsn_ie_len=20 caps=0x431 level=-90 wps
11-22 13:30:39.838 32706 32706 D wpa_supplicant: wlan0:    skip - SSID mismatch
11-22 13:30:39.838 32706 32706 D wpa_supplicant: wlan0: No suitable network found
11-22 13:30:39.838 32706 32706 D wpa_supplicant: wlan0: Setting scan request: 15 sec 0 usec
11-22 13:30:39.838 32706 32706 D wpa_supplicant: wlan0: Checking for other virtual interfaces sharing same radio (phy12) in event_scan_results
11-22 13:30:39.838 32706 32706 D wpa_supplicant: RTM_NEWLINK: operstate=0 ifi_flags=0x1003 ([UP])
11-22 13:30:39.838 32706 32706 D wpa_supplicant: RTM_NEWLINK, IFLA_IFNAME: Interface 'wlan0' added
11-22 13:30:39.838 32706 32706 D wpa_supplicant: nl80211: if_removed already cleared - ignore event
11-22 13:30:39.838 32706 32706 D wpa_supplicant: RTM_NEWLINK: operstate=0 ifi_flags=0x1003 ([UP])
11-22 13:30:39.838 32706 32706 D wpa_supplicant: RTM_NEWLINK, IFLA_IFNAME: Interface 'wlan0' added
11-22 13:30:39.839 32706 32706 D wpa_supplicant: nl80211: if_removed already cleared - ignore event
11-22 13:30:39.839   582   654 D WifiNative-wlan0: doBoolean: AP_SCAN 1
11-22 13:30:39.839   582   654 D WifiCommon: [wlan0] SET "AP_SCAN 1"
11-22 13:30:39.839 32706 32706 D wpa_supplicant: RX ctrl_iface - hexdump(len=9): 41 50 5f 53 43 41 4e 20 31
11-22 13:30:39.839 32706 32706 D wpa_supplicant: wlan0: Control interface command 'AP_SCAN 1'
11-22 13:30:39.840   582   654 D StateMachine: processMsg: DriverStartedState
11-22 13:30:39.841   582   650 D Tethering: interfaceLinkStateChanged wlan0, false
11-22 13:30:39.841   582   650 D Tethering: interfaceStatusChanged wlan0, false
11-22 13:30:39.843   582   654 D WifiStateMachine: DriverStartedState{ what=147461 when=-16ms target=Handler (com.android.internal.util.StateMachine$SmHandler) {41df4610} }
11-22 13:30:39.843   582   654 D StateMachine: processMsg: SupplicantStartedState
11-22 13:30:39.843   582   654 D WifiStateMachine: SupplicantStartedState{ what=147461 when=-19ms target=Handler (com.android.internal.util.StateMachine$SmHandler) {41df4610} }
11-22 13:30:39.843   582   654 D WifiNative-wlan0: doString: BSS RANGE=ALL MASK=0x1986
11-22 13:30:39.843   582   654 D WifiCommon: [wlan0] SET "BSS RANGE=ALL MASK=0x1986"
11-22 13:30:39.844 32706 32706 D wpa_supplicant: RX ctrl_iface - hexdump(len=25): 42 53 53 20 52 41 4e 47 45 3d 41 4c 4c 20 4d 41 53 4b 3d 30 78 31 39 38 36
11-22 13:30:39.844 32706 32706 D wpa_supplicant: wlan0: Control interface command 'BSS RANGE=ALL MASK=0x1986'
11-22 13:30:39.844 32706 32706 E wpa_supplicant: WPS: WFA subelement id=0 len=1
11-22 13:30:39.844 32706 32706 E wpa_supplicant: WPS: WFA subelement id=0 len=1
11-22 13:30:39.844 32706 32706 E wpa_supplicant: WPS: WFA subelement id=0 len=1
11-22 13:30:39.844 32706 32706 E wpa_supplicant: WPS: WFA subelement id=0 len=1
11-22 13:30:39.844 32706 32706 E wpa_supplicant: WPS: WFA subelement id=0 len=1
11-22 13:30:39.844 32706 32706 E wpa_supplicant: WPS: WFA subelement id=0 len=1
11-22 13:30:39.844 32706 32706 E wpa_supplicant: WPS: WFA subelement id=0 len=1
11-22 13:30:39.844 32706 32706 E wpa_supplicant: WPS: WFA subelement id=0 len=1
11-22 13:30:39.844 32706 32706 E wpa_supplicant: WPS: WFA subelement id=0 len=1
11-22 13:30:39.845   582   654 I wifi    : bssid=6c:e8:73:ff:99:02
11-22 13:30:39.845   582   654 I wifi    : freq=2437
11-22 13:30:39.845   582   654 I wifi    : level=-57
11-22 13:30:39.845   582   654 I wifi    : tsf=0000079070349657
11-22 13:30:39.845   582   654 I wifi    : flags=[WPA-PSK-CCMP][WPA2-PSK-CCMP][WPS][ESS]
11-22 13:30:39.845   582   654 I wifi    : ssid=TP-LINK_2.4GHz_FF9902
11-22 13:30:39.845   582   654 I wifi    : ====
11-22 13:30:39.845   582   654 I wifi    : bssid=40:16:9f:25:00:0c
11-22 13:30:39.845   582   654 I wifi    : freq=2412
11-22 13:30:39.845   582   654 I wifi    : level=-83
11-22 13:30:39.845   582   654 I wifi    : tsf=0000622775603584
11-22 13:30:39.845   582   654 I wifi    : flags=[WPA-PSK-CCMP][WPA2-PSK-CCMP][WPS][ESS]
11-22 13:30:39.845   582   654 I wifi    : ssid=meiquan
11-22 13:30:39.845   582   654 I wifi    : ====
11-22 13:30:39.845   582   654 I wifi    : bssid=14:cf:92:cf:20:fa
11-22 13:30:39.845   582   654 I wifi    : freq=2437
11-22 13:30:39.845   582   654 I wifi    : level=-76
11-22 13:30:39.845   582   654 I wifi    : tsf=0000856143921857
11-22 13:30:39.845   582   654 I wifi    : flags=[WPA-PSK-TKIP+CCMP][WPA2-PSK-TKIP+CCMP][ESS]
11-22 13:30:39.845   582   654 I wifi    : ssid=TP-LINK_CF20FA
11-22 13:30:39.845   582   654 I wifi    : ====
11-22 13:30:39.845   582   654 I wifi    : bssid=c0:61:18:11:30:40
11-22 13:30:39.845   582   654 I wifi    : freq=2412
11-22 13:30:39.845   582   654 I wifi    : level=-86
11-22 13:30:39.845   582   654 I wifi    : tsf=0002845694930371
11-22 13:30:39.845   582   654 I wifi    : flags=[WPA-PSK-TKIP+CCMP][WPA2-PSK-TKIP+CCMP][WPS][ESS]
11-22 13:30:39.845   582   654 I wifi    : ssid=bayside
11-22 13:30:39.845   582   654 I wifi    : ====
11-22 13:30:39.845   582   654 I wifi    : bssid=cc:34:29:16:95:cc
11-22 13:30:39.845   582   654 I wifi    : freq=2412
11-22 13:30:39.845   582   654 I wifi    : level=-90
11-22 13:30:39.845   582   654 I wifi    : tsf=0000161348608384
11-22 13:30:39.845   582   654 I wifi    : flags=[WPA-PSK-CCMP][WPA2-PSK-CCMP][WPS][ESS]
11-22 13:30:39.845   582   654 I wifi    : ssid=HUAKETIANYU
11-22 13:30:39.845   582   654 I wifi    : ====
11-22 13:30:39.853   582   654 V ActivityManager: Broadcast: android.net.wifi.SCAN_RESULTS ordered=false userid=-1 callerApp=ProcessRecord{41d30290 582:system/1000}
11-22 13:30:39.854   582  3002 D PowerManagerService: acquireWakeLockInternal: lock=1104357768, flags=0x1, tag="RILJ", ws=null, uid=1001, pid=734
11-22 13:30:39.854   582  3002 D PowerManagerService: updateWakeLockSummaryLocked: mWakefulness=Awake, mWakeLockSummary=0x1
11-22 13:30:39.854   582  3002 D PowerManagerService: newScreenState = 2
11-22 13:30:39.854   582  3002 D PowerManagerDisplayController: requestPowerState: screenState=2, useProximitySensor=false, screenBrightness=39, screenAutoBrightnessAdjustment=0.0, useAutoBrightness=false, useEcoBrightness=false, blockScreenOn=false, isUserAdjustingAutoBrightness =false, waitForNegativeProximity=false
11-22 13:30:39.854   582  3002 D PowerManagerService: updateScreenStateLocked: mDisplayReady=true, newScreenState=2, mWakefulness=1, mWakeLockSummary=0x1, mUserActivitySummary=0x1, mBootCompleted=true
11-22 13:30:39.855   582   598 I WifiService: checkAndSetNotification, remindWifiToPdp:true
11-22 13:30:39.855   582   598 I WifiService: checkAndSetNotification, mWaitForScanResult:false
11-22 13:30:39.855   582   598 I WifiService: checkAndSetNotification, state:DISCONNECTED
11-22 13:30:39.857   582   654 D StateMachine: handleMessage: X
11-22 13:30:39.857   582   654 D StateMachine: handleMessage: E msg.what=131238
11-22 13:30:39.857   582   654 D StateMachine: processMsg: DisconnectedState
11-22 13:30:39.858   582   654 D WifiStateMachine: DisconnectedState{ what=131238 when=-3ms target=Handler (com.android.internal.util.StateMachine$SmHandler) {41df4610} }
11-22 13:30:39.858   582   654 D StateMachine: processMsg: ConnectModeState
11-22 13:30:39.859   582   654 D WifiStateMachine: ConnectModeState{ what=131238 when=-4ms target=Handler (com.android.internal.util.StateMachine$SmHandler) {41df4610} }
11-22 13:30:39.859   582   654 D StateMachine: processMsg: DriverStartedState
