11-22 13:30:39.859   582   654 D WifiStateMachine: DriverStartedState{ what=131238 when=-5ms target=Handler (com.android.internal.util.StateMachine$SmHandler) {41df4610} }
11-22 13:30:39.862   582   654 D StateMachine: processMsg: SupplicantStartedState
11-22 13:30:39.862   582   654 D WifiStateMachine: SupplicantStartedState{ what=131238 when=-7ms target=Handler (com.android.internal.util.StateMachine$SmHandler) {41df4610} }
11-22 13:30:39.862   582   654 D WifiNative-wlan0: doString: LIST_NETWORKS
11-22 13:30:39.862   582   654 D WifiCommon: [wlan0] SET "LIST_NETWORKS"
11-22 13:30:39.862 32706 32706 D wpa_supplicant: RX ctrl_iface - hexdump(len=13): 4c 49 53 54 5f 4e 45 54 57 4f 52 4b 53
11-22 13:30:39.862 32706 32706 D wpa_supplicant: wlan0: Control interface command 'LIST_NETWORKS'
11-22 13:30:39.863   582   654 D WifiStateMachine: listStr:network id / ssid / bssid / flags
11-22 13:30:39.863   582   654 D WifiStateMachine: 0	dfx	any	
11-22 13:30:39.863   582   654 D WifiStateMachine: 1	guest	any	
11-22 13:30:39.863   582   654 D WifiStateMachine: 2	Firefly1925	any	
11-22 13:30:39.863   582   654 D WifiStateMachine: 3	rujia	any	
11-22 13:30:39.863   582   654 D WifiStateMachine: 4	ChinaNet	any	
11-22 13:30:39.863   582   654 D WifiStateMachine: 5	CMCC	any	
11-22 13:30:39.863   582   654 D WifiStateMachine: 6	lang	any	
11-22 13:30:39.863   582   654 D WifiStateMachine: 7	TP-LINK_C1CD20	any	
11-22 13:30:39.863   582   654 D WifiStateMachine: 8	16wifi	any	
11-22 13:30:39.863   582   654 D WifiStateMachine: 9		any	
11-22 13:30:39.863   582   654 D WifiStateMachine: 10	Station-Wifi-Free	any	
11-22 13:30:39.863   582   654 D WifiStateMachine: 11	MyBeiJing	any	
11-22 13:30:39.863   582   654 D WifiStateMachine: 12	AirStation-FreeWiFi	any	
11-22 13:30:39.863   582   654 D WifiStateMachine: 13	360@#$%##$	any	
11-22 13:30:39.863   582   654 D WifiStateMachine: 14	TP-LINK_93EE4C	any	
11-22 13:30:39.864   582   654 D StateMachine: handleMessage: X
11-22 13:30:39.866   582   582 D PowerManagerService: acquireWakeLockInternal: lock=1104357768, flags=0x1, tag="RILJ", ws=null, uid=1001, pid=734
11-22 13:30:39.866   582   582 D PowerManagerService: updateWakeLockSummaryLocked: mWakefulness=Awake, mWakeLockSummary=0x1
11-22 13:30:39.867   582   582 D PowerManagerService: newScreenState = 2
11-22 13:30:39.868   582   582 D PowerManagerDisplayController: requestPowerState: screenState=2, useProximitySensor=false, screenBrightness=39, screenAutoBrightnessAdjustment=0.0, useAutoBrightness=false, useEcoBrightness=false, blockScreenOn=false, isUserAdjustingAutoBrightness =false, waitForNegativeProximity=false
11-22 13:30:39.868   582   582 D PowerManagerService: updateScreenStateLocked: mDisplayReady=true, newScreenState=2, mWakefulness=1, mWakeLockSummary=0x1, mUserActivitySummary=0x1, mBootCompleted=true
11-22 13:30:39.870   582  1080 D PowerManagerService: acquireWakeLockInternal: lock=1104357768, flags=0x1, tag="RILJ", ws=null, uid=1001, pid=734
11-22 13:30:39.870   582  1080 D PowerManagerService: updateWakeLockSummaryLocked: mWakefulness=Awake, mWakeLockSummary=0x1
11-22 13:30:39.870   582  1080 D PowerManagerService: newScreenState = 2
11-22 13:30:39.870   582  1080 D PowerManagerDisplayController: requestPowerState: screenState=2, useProximitySensor=false, screenBrightness=39, screenAutoBrightnessAdjustment=0.0, useAutoBrightness=false, useEcoBrightness=false, blockScreenOn=false, isUserAdjustingAutoBrightness =false, waitForNegativeProximity=false
11-22 13:30:39.870   582  1080 D PowerManagerService: updateScreenStateLocked: mDisplayReady=true, newScreenState=2, mWakefulness=1, mWakeLockSummary=0x1, mUserActivitySummary=0x1, mBootCompleted=true
11-22 13:30:39.871   582   654 D StateMachine: handleMessage: E msg.what=131131
11-22 13:30:39.871   582   654 D StateMachine: processMsg: DisconnectedState
11-22 13:30:39.871   582   654 D WifiStateMachine: DisconnectedState{ what=131131 when=-5ms target=Handler (com.android.internal.util.StateMachine$SmHandler) {41df4610} }
11-22 13:30:39.871   582   654 D StateMachine: processMsg: ConnectModeState
11-22 13:30:39.871   582   654 D WifiStateMachine: ConnectModeState{ what=131131 when=-6ms target=Handler (com.android.internal.util.StateMachine$SmHandler) {41df4610} }
11-22 13:30:39.871   582   654 D StateMachine: processMsg: DriverStartedState
11-22 13:30:39.871   582   654 D WifiStateMachine: DriverStartedState{ what=131131 when=-6ms target=Handler (com.android.internal.util.StateMachine$SmHandler) {41df4610} }
11-22 13:30:39.871   582   654 D StateMachine: processMsg: SupplicantStartedState
11-22 13:30:39.871   582   654 D WifiStateMachine: SupplicantStartedState{ what=131131 when=-6ms target=Handler (com.android.internal.util.StateMachine$SmHandler) {41df4610} }
11-22 13:30:39.873   582  3001 D PowerManagerService: acquireWakeLockInternal: lock=1104357768, flags=0x1, tag="RILJ", ws=null, uid=1001, pid=734
11-22 13:30:39.873   582  3001 D PowerManagerService: updateWakeLockSummaryLocked: mWakefulness=Awake, mWakeLockSummary=0x1
11-22 13:30:39.875   582  3001 D PowerManagerService: newScreenState = 2
11-22 13:30:39.875   582   654 D StateMachine: handleMessage: X
11-22 13:30:39.876   582  3001 D PowerManagerDisplayController: requestPowerState: screenState=2, useProximitySensor=false, screenBrightness=39, screenAutoBrightnessAdjustment=0.0, useAutoBrightness=false, useEcoBrightness=false, blockScreenOn=false, isUserAdjustingAutoBrightness =false, waitForNegativeProximity=false
11-22 13:30:39.876   582  3001 D PowerManagerService: updateScreenStateLocked: mDisplayReady=true, newScreenState=2, mWakefulness=1, mWakeLockSummary=0x1, mUserActivitySummary=0x1, mBootCompleted=true
11-22 13:30:39.877   582   598 D WifiService: Connecting networkId:-1, isConnecting:false
11-22 13:30:39.877   582   598 I WifiService: Open network num:0
11-22 13:30:39.884   582   892 V ActivityManager: getTasks: max=5, flags=0, receiver=null
11-22 13:30:39.884   582   892 V ActivityManager: com.huawei.android.launcher/.Launcher: task=TaskRecord{424f5288 #2 A com.huawei.android.launcher U 0}
11-22 13:30:39.885   582   892 V ActivityManager: com.android.settings/.UsbSettings: task=TaskRecord{427acb98 #147 I com.android.settings/.Settings$UsbSettingsActivity U 0}
11-22 13:30:39.885   582   892 V ActivityManager: com.android.settings/.Settings$DevelopmentSettingsActivity: task=TaskRecord{42c8ecb0 #39 A com.android.settings U 0}
11-22 13:30:39.885   582   892 V ActivityManager: com.android.settings/.HWSettings: task=TaskRecord{42c8ecb0 #39 A com.android.settings U 0}
11-22 13:30:39.885   582   892 V ActivityManager: com.qihoo360.mobilesafe/com.qihoo360.contacts.mms: task=TaskRecord{4284f2d0 #133 A com.qihoo360.contacts.main U 0}
11-22 13:30:39.885   582   892 V ActivityManager: com.android.contacts/.activities.DialtactsActivity: task=TaskRecord{42684000 #140 A android.task.contacts U 0}
11-22 13:30:39.886   582   892 V ActivityManager: We have pending thumbnails: null
11-22 13:30:39.888   582   592 D PowerManagerService: releaseWakeLockInternal: lock=1104357768, flags=0x0, tag=RILJ, total_time=34ms
11-22 13:30:39.889   582   592 D PowerManagerService: updateWakeLockSummaryLocked: mWakefulness=Awake, mWakeLockSummary=0x0
11-22 13:30:39.889   582   592 D PowerManagerService: newScreenState = 2
11-22 13:30:39.890   582   592 D PowerManagerDisplayController: requestPowerState: screenState=2, useProximitySensor=false, screenBrightness=39, screenAutoBrightnessAdjustment=0.0, useAutoBrightness=false, useEcoBrightness=false, blockScreenOn=false, isUserAdjustingAutoBrightness =false, waitForNegativeProximity=false
11-22 13:30:39.890   582   592 D PowerManagerService: updateScreenStateLocked: mDisplayReady=true, newScreenState=2, mWakefulness=1, mWakeLockSummary=0x0, mUserActivitySummary=0x1, mBootCompleted=true
11-22 13:30:39.890   582   592 D IPCThreadState: [DN #5] BR_CLEAR_DEATH_NOTIFICATION_DONE cookie 0x67868db8
11-22 13:30:39.905   582   621 D PowerManagerService: handleSandman: canDream=false, mWakefulness=Awake
11-22 13:30:39.987   582   793 V ActivityManager: getTasks: max=5, flags=0, receiver=null
11-22 13:30:39.988   582   793 V ActivityManager: com.huawei.android.launcher/.Launcher: task=TaskRecord{424f5288 #2 A com.huawei.android.launcher U 0}
11-22 13:30:39.988   582   793 V ActivityManager: com.android.settings/.UsbSettings: task=TaskRecord{427acb98 #147 I com.android.settings/.Settings$UsbSettingsActivity U 0}
11-22 13:30:39.988   582   793 V ActivityManager: com.android.settings/.Settings$DevelopmentSettingsActivity: task=TaskRecord{42c8ecb0 #39 A com.android.settings U 0}
11-22 13:30:39.988   582   793 V ActivityManager: com.android.settings/.HWSettings: task=TaskRecord{42c8ecb0 #39 A com.android.settings U 0}
11-22 13:30:39.988   582   793 V ActivityManager: com.qihoo360.mobilesafe/com.qihoo360.contacts.mms: task=TaskRecord{4284f2d0 #133 A com.qihoo360.contacts.main U 0}
11-22 13:30:39.988   582   793 V ActivityManager: com.android.contacts/.activities.DialtactsActivity: task=TaskRecord{42684000 #140 A android.task.contacts U 0}
11-22 13:30:39.988   582   793 V ActivityManager: We have pending thumbnails: null
11-22 13:30:40.090   582  2129 V ActivityManager: getTasks: max=5, flags=0, receiver=null
11-22 13:30:40.090   582  2129 V ActivityManager: com.huawei.android.launcher/.Launcher: task=TaskRecord{424f5288 #2 A com.huawei.android.launcher U 0}
11-22 13:30:40.090   582  2129 V ActivityManager: com.android.settings/.UsbSettings: task=TaskRecord{427acb98 #147 I com.android.settings/.Settings$UsbSettingsActivity U 0}
11-22 13:30:40.090   582  2129 V ActivityManager: com.android.settings/.Settings$DevelopmentSettingsActivity: task=TaskRecord{42c8ecb0 #39 A com.android.settings U 0}
11-22 13:30:40.090   582  2129 V ActivityManager: com.android.settings/.HWSettings: task=TaskRecord{42c8ecb0 #39 A com.android.settings U 0}
11-22 13:30:40.090   582  2129 V ActivityManager: com.qihoo360.mobilesafe/com.qihoo360.contacts.mms: task=TaskRecord{4284f2d0 #133 A com.qihoo360.contacts.main U 0}
11-22 13:30:40.090   582  2129 V ActivityManager: com.android.contacts/.activities.DialtactsActivity: task=TaskRecord{42684000 #140 A android.task.contacts U 0}
11-22 13:30:40.090   582  2129 V ActivityManager: We have pending thumbnails: null
11-22 13:30:40.192   582  1084 V ActivityManager: getTasks: max=5, flags=0, receiver=null
11-22 13:30:40.192   582  1084 V ActivityManager: com.huawei.android.launcher/.Launcher: task=TaskRecord{424f5288 #2 A com.huawei.android.launcher U 0}
11-22 13:30:40.192   582  1084 V ActivityManager: com.android.settings/.UsbSettings: task=TaskRecord{427acb98 #147 I com.android.settings/.Settings$UsbSettingsActivity U 0}
11-22 13:30:40.192   582  1084 V ActivityManager: com.android.settings/.Settings$DevelopmentSettingsActivity: task=TaskRecord{42c8ecb0 #39 A com.android.settings U 0}
11-22 13:30:40.192   582  1084 V ActivityManager: com.android.settings/.HWSettings: task=TaskRecord{42c8ecb0 #39 A com.android.settings U 0}
11-22 13:30:40.192   582  1084 V ActivityManager: com.qihoo360.mobilesafe/com.qihoo360.contacts.mms: task=TaskRecord{4284f2d0 #133 A com.qihoo360.contacts.main U 0}
11-22 13:30:40.192   582  1084 V ActivityManager: com.android.contacts/.activities.DialtactsActivity: task=TaskRecord{42684000 #140 A android.task.contacts U 0}
11-22 13:30:40.193   582  1084 V ActivityManager: We have pending thumbnails: null
11-22 13:30:40.242   734   734 W SignalStrength: dwj mGsmRscpQdbm/4-91
11-22 13:30:40.243   734   734 W SignalStrength: dwj mGsmRssiQdbm/40
11-22 13:30:40.244   734   734 W SignalStrength: sim1, need checked is false
11-22 13:30:40.246   676   676 D StatusBar.MSimNetworkController: onSignalStrengthsChanged received on subscription :1signalStrength=SignalStrength:SIM2 15 -1 -120 -160 -120 -1 -1 99 2147483647 2147483647 2147483647 2147483647 gsm|lte 0 -366 0 level=4
11-22 13:30:40.246   676   676 D StatusBar.MSimNetworkController: updateTelephonySignalStrength: subscription =1
11-22 13:30:40.246   676   676 D TelephonyManagerEx: getNetworkType simId=1
11-22 13:30:40.247   582  1032 V ActivityManager: Broadcast sticky: android.intent.action.SIG_STR ordered=false userid=-1 callerApp=ProcessRecord{41d30290 582:system/1000}
11-22 13:30:40.248   676   676 D HuaweiTelephonyManager: DSDA, subId == slotId 
11-22 13:30:40.249   734 14981 D PhoneInterfaceManager: isNetworkRoaming simId=1
11-22 13:30:40.250   676   676 D TelephonyManagerEx: getNetworkType simId=1
11-22 13:30:40.250   734   734 D Bluetooth HS/HF: [BT][HFG] [API] mStateReceiver.onReceive(android.intent.action.SIG_STR)
11-22 13:30:40.251   734  1806 D Bluetooth HS/HF: [BT][HFG] [API] mHandler.handleMessage(10)
11-22 13:30:40.251   676   676 D StatusBar.MSimNetworkController: subscription===1 SlotId===1
11-22 13:30:40.251   676   676 D StatusBar.MSimNetworkController: isNetworkRoaming(subscription)===false isWcdma(subscription)===true
11-22 13:30:40.252   676   676 D TelephonyManagerEx: getNetworkType simId=1
11-22 13:30:40.253   734 14976 D PhoneInterfaceManager: isNetworkRoaming simId=1
11-22 13:30:40.254   676   676 I StatusBar.MSimNetworkController: subscription===1 iconLevel ===4
11-22 13:30:40.254   676   676 D StatusBar.MSimNetworkController: refreshViews subscription =1mMSimDataConnected =true
11-22 13:30:40.254   676   676 D StatusBar.MSimNetworkController: refreshViews mMSimDataActivity =0
11-22 13:30:40.254   676   676 D StatusBar.MSimNetworkController: updateDataNetType subscription =1mMSimDataNetType =8
11-22 13:30:40.255   676   676 D StatusBar.MSimNetworkController: refreshViews connected={ data } level=4 mMSimcombinedSignalIconId=0x7f030250/com.android.systemui:drawable/stat_sys_signal_4_fully mMSimcombinedActivityIconId=0x7f0301f0 mAirplaneMode=false mMSimDataActivity=0 mMSimPhoneSignalIconId=0x7f030257 mMSimDataDirectionIconId=0x7f0301df mMSimDataSignalIconId=0x7f030250 mMSimDataTypeIconId=0x7f0301cb mNoSimIconVisible false mWifiIconId=0x7f0302b7 mBluetoothTetherIconId=0x1080561
11-22 13:30:40.255   676   676 D StatusBar.MSimNetworkController: refreshViews update icon subscription===1 mMSimPhoneSignalIconId[subscription]===2130903639 mMSimPhoneSignalTypeIconId[subscription]===2130903658 mMSimMobileActivityIconId[subscription]===2130903536 mMSimDataTypeIconId[subscription]===2130903499
11-22 13:30:40.255   676   676 D TelephonyManagerEx: getSimState simId=0
11-22 13:30:40.256   734  1336 D PhoneInterfaceManager: getSimState simId = 0prop = ABSENT
11-22 13:30:40.257   676   676 D TelephonyManagerEx: getSimState simId=1
11-22 13:30:40.257   734 16112 D PhoneInterfaceManager: getSimState simId = 1prop = READY
11-22 13:30:40.257   676   676 D TelephonyManagerEx: getSimState simId=0
11-22 13:30:40.258   734 15239 D PhoneInterfaceManager: getSimState simId = 0prop = ABSENT
11-22 13:30:40.258   676   676 D TelephonyManagerEx: getSimState simId=1
11-22 13:30:40.259   734 14968 D PhoneInterfaceManager: getSimState simId = 1prop = READY
11-22 13:30:40.260   676   676 D TelephonyManagerEx: getSimState simId=0
11-22 13:30:40.261   734 16097 D PhoneInterfaceManager: getSimState simId = 0prop = ABSENT
11-22 13:30:40.261   676   676 D TelephonyManagerEx: getSimState simId=1
11-22 13:30:40.261   734 16138 D PhoneInterfaceManager: getSimState simId = 1prop = READY
11-22 13:30:40.262   676   676 D TelephonyManagerEx: getSimState simId=0
11-22 13:30:40.263   734  2031 D PhoneInterfaceManager: getSimState simId = 0prop = ABSENT
11-22 13:30:40.263   676   676 D TelephonyManagerEx: getSimState simId=1
11-22 13:30:40.264   734 15890 D PhoneInterfaceManager: getSimState simId = 1prop = READY
11-22 13:30:40.264   676   676 D TelephonyManagerEx: getSimState simId=0
11-22 13:30:40.265   734 15008 D PhoneInterfaceManager: getSimState simId = 0prop = ABSENT
11-22 13:30:40.265   676   676 D TelephonyManagerEx: getSimState simId=1
11-22 13:30:40.266   734  5320 D PhoneInterfaceManager: getSimState simId = 1prop = READY
11-22 13:30:40.266   676   676 D TelephonyManagerEx: getSimState simId=0
11-22 13:30:40.267   734  1340 D PhoneInterfaceManager: getSimState simId = 0prop = ABSENT
11-22 13:30:40.267   676   676 D TelephonyManagerEx: getSimState simId=1
11-22 13:30:40.268   734 14981 D PhoneInterfaceManager: getSimState simId = 1prop = READY
11-22 13:30:40.268   676   676 D TelephonyManagerEx: getSimState simId=0
11-22 13:30:40.269   734  1341 D PhoneInterfaceManager: getSimState simId = 0prop = ABSENT
11-22 13:30:40.269   676   676 D TelephonyManagerEx: getSimState simId=1
11-22 13:30:40.270   734   745 D PhoneInterfaceManager: getSimState simId = 1prop = READY
11-22 13:30:40.271   676   676 D TelephonyManagerEx: getSimState simId=0
11-22 13:30:40.271   734   744 D PhoneInterfaceManager: getSimState simId = 0prop = ABSENT
11-22 13:30:40.271   676   676 D TelephonyManagerEx: getSimState simId=1
11-22 13:30:40.272   734 14976 D PhoneInterfaceManager: getSimState simId = 1prop = READY
11-22 13:30:40.273   676   676 D StatusBar.MSimNetworkController: onSignalStrengthsChanged received on subscription :1signalStrength=SignalStrength:SIM2 15 -1 -120 -160 -120 -1 -1 99 2147483647 2147483647 2147483647 2147483647 gsm|lte 0 -366 0 level=4
11-22 13:30:40.273   676   676 D StatusBar.MSimNetworkController: updateTelephonySignalStrength: subscription =1
11-22 13:30:40.273   676   676 D TelephonyManagerEx: getNetworkType simId=1
11-22 13:30:40.276   676   676 D HuaweiTelephonyManager: DSDA, subId == slotId 
11-22 13:30:40.277   734 16112 D PhoneInterfaceManager: isNetworkRoaming simId=1
11-22 13:30:40.277   676   676 D TelephonyManagerEx: getNetworkType simId=1
11-22 13:30:40.278   676   676 D StatusBar.MSimNetworkController: subscription===1 SlotId===1
11-22 13:30:40.278   676   676 D StatusBar.MSimNetworkController: isNetworkRoaming(subscription)===false isWcdma(subscription)===true
11-22 13:30:40.278   676   676 D TelephonyManagerEx: getNetworkType simId=1
11-22 13:30:40.280   734 16097 D PhoneInterfaceManager: isNetworkRoaming simId=1
11-22 13:30:40.281   676   676 I StatusBar.MSimNetworkController: subscription===1 iconLevel ===4
11-22 13:30:40.281   676   676 D StatusBar.MSimNetworkController: refreshViews subscription =1mMSimDataConnected =true
11-22 13:30:40.281   676   676 D StatusBar.MSimNetworkController: refreshViews mMSimDataActivity =0
11-22 13:30:40.281   676   676 D StatusBar.MSimNetworkController: updateDataNetType subscription =1mMSimDataNetType =8
11-22 13:30:40.282   676   676 D StatusBar.MSimNetworkController: refreshViews connected={ data } level=4 mMSimcombinedSignalIconId=0x7f030250/com.android.systemui:drawable/stat_sys_signal_4_fully mMSimcombinedActivityIconId=0x7f0301f0 mAirplaneMode=false mMSimDataActivity=0 mMSimPhoneSignalIconId=0x7f030257 mMSimDataDirectionIconId=0x7f0301df mMSimDataSignalIconId=0x7f030250 mMSimDataTypeIconId=0x7f0301cb mNoSimIconVisible false mWifiIconId=0x7f0302b7 mBluetoothTetherIconId=0x1080561
11-22 13:30:40.282   676   676 D StatusBar.MSimNetworkController: refreshViews update icon subscription===1 mMSimPhoneSignalIconId[subscription]===2130903639 mMSimPhoneSignalTypeIconId[subscription]===2130903658 mMSimMobileActivityIconId[subscription]===2130903536 mMSimDataTypeIconId[subscription]===2130903499
11-22 13:30:40.294   582  2130 V ActivityManager: getTasks: max=5, flags=0, receiver=null
11-22 13:30:40.294   582  2130 V ActivityManager: com.huawei.android.launcher/.Launcher: task=TaskRecord{424f5288 #2 A com.huawei.android.launcher U 0}
11-22 13:30:40.294   582  2130 V ActivityManager: com.android.settings/.UsbSettings: task=TaskRecord{427acb98 #147 I com.android.settings/.Settings$UsbSettingsActivity U 0}
11-22 13:30:40.294   582  2130 V ActivityManager: com.android.settings/.Settings$DevelopmentSettingsActivity: task=TaskRecord{42c8ecb0 #39 A com.android.settings U 0}
11-22 13:30:40.294   582  2130 V ActivityManager: com.android.settings/.HWSettings: task=TaskRecord{42c8ecb0 #39 A com.android.settings U 0}
11-22 13:30:40.295   582  2130 V ActivityManager: com.qihoo360.mobilesafe/com.qihoo360.contacts.mms: task=TaskRecord{4284f2d0 #133 A com.qihoo360.contacts.main U 0}
11-22 13:30:40.295   582  2130 V ActivityManager: com.android.contacts/.activities.DialtactsActivity: task=TaskRecord{42684000 #140 A android.task.contacts U 0}
11-22 13:30:40.295   582  2130 V ActivityManager: We have pending thumbnails: null
11-22 13:30:40.367   676   676 D StatusBar.MSimNetworkController: onDataActivity received on subscription :1direction=3
11-22 13:30:40.367   734   734 V Provider/Settings:  from settings cache , name = pdp_watchdog_poll_interval_ms , value = null
11-22 13:30:40.367   676   676 D StatusBar.MSimNetworkController: updateTelephonySignalStrength: subscription =0
11-22 13:30:40.367   676   676 D StatusBar.MSimNetworkController:  No service
11-22 13:30:40.367   676   676 I StatusBar.MSimNetworkController: !hasService subscription===0=========updatebusyIcon=======
11-22 13:30:40.367   676   676 I StatusBar.MSimNetworkController: updatebusyIcon mOtherSubscription===0 subscription===0 mSMSOtherSubscription===0
11-22 13:30:40.367   676   676 I StatusBar.MSimNetworkController: updatebusyIconCall !mBeforeIsNoSingal===false mData2GIsActive===false mIsWaitingBusy===false
11-22 13:30:40.368   676   676 D TelephonyManagerEx: getSimState simId=0
11-22 13:30:40.369   734 16138 D PhoneInterfaceManager: getSimState simId = 0prop = ABSENT
11-22 13:30:40.369   676   676 I StatusBar.MSimNetworkController: updatebusyIconCall getSimState(subscription)===1
11-22 13:30:40.369   676   676 D StatusBar.MSimNetworkController: refreshViews subscription =0mMSimDataConnected =false
11-22 13:30:40.369   676   676 D StatusBar.MSimNetworkController: refreshViews mMSimDataActivity =0
11-22 13:30:40.370   676   676 D StatusBar.MSimNetworkController: refreshViews connected={ } level=0 mMSimcombinedSignalIconId=0x7f030277/com.android.systemui:drawable/stat_sys_signal_null mMSimcombinedActivityIconId=0x7f0302ac mAirplaneMode=false mMSimDataActivity=0 mMSimPhoneSignalIconId=0x7f030277 mMSimDataDirectionIconId=0x0 mMSimDataSignalIconId=0x7f030277 mMSimDataTypeIconId=0x0 mNoSimIconVisible false mWifiIconId=0x7f0302b7 mBluetoothTetherIconId=0x1080561
11-22 13:30:40.370   676   676 D StatusBar.MSimNetworkController: refreshViews update icon subscription===0 mMSimPhoneSignalIconId[subscription]===2130903671 mMSimPhoneSignalTypeIconId[subscription]===0 mMSimMobileActivityIconId[subscription]===0 mMSimDataTypeIconId[subscription]===0
11-22 13:30:40.370   676   676 D TelephonyManagerEx: getSimState simId=0
11-22 13:30:40.371   734  2031 D PhoneInterfaceManager: getSimState simId = 0prop = ABSENT
11-22 13:30:40.371   676   676 D TelephonyManagerEx: getSimState simId=1
11-22 13:30:40.372   734 15890 D PhoneInterfaceManager: getSimState simId = 1prop = READY
11-22 13:30:40.372   676   676 D TelephonyManagerEx: getSimState simId=0
11-22 13:30:40.373   734 15008 D PhoneInterfaceManager: getSimState simId = 0prop = ABSENT
11-22 13:30:40.373   676   676 D TelephonyManagerEx: getSimState simId=1
11-22 13:30:40.374   734  5320 D PhoneInterfaceManager: getSimState simId = 1prop = READY
11-22 13:30:40.374   676   676 D TelephonyManagerEx: getSimState simId=0
11-22 13:30:40.375   734  1340 D PhoneInterfaceManager: getSimState simId = 0prop = ABSENT
11-22 13:30:40.375   676   676 D TelephonyManagerEx: getSimState simId=1
11-22 13:30:40.375   734 14981 D PhoneInterfaceManager: getSimState simId = 1prop = READY
11-22 13:30:40.376   676   676 D TelephonyManagerEx: getSimState simId=0
11-22 13:30:40.376   734  1341 D PhoneInterfaceManager: getSimState simId = 0prop = ABSENT
11-22 13:30:40.376   676   676 D TelephonyManagerEx: getSimState simId=1
11-22 13:30:40.377   734   745 D PhoneInterfaceManager: getSimState simId = 1prop = READY
11-22 13:30:40.377   676   676 D TelephonyManagerEx: getSimState simId=0
11-22 13:30:40.378   734   744 D PhoneInterfaceManager: getSimState simId = 0prop = ABSENT
11-22 13:30:40.378   676   676 D TelephonyManagerEx: getSimState simId=1
11-22 13:30:40.379   734 14976 D PhoneInterfaceManager: getSimState simId = 1prop = READY
11-22 13:30:40.379   676   676 D TelephonyManagerEx: getSimState simId=0
11-22 13:30:40.379   734  1336 D PhoneInterfaceManager: getSimState simId = 0prop = ABSENT
11-22 13:30:40.380   676   676 D TelephonyManagerEx: getSimState simId=1
11-22 13:30:40.380   734 16112 D PhoneInterfaceManager: getSimState simId = 1prop = READY
11-22 13:30:40.380   676   676 D TelephonyManagerEx: getSimState simId=0
11-22 13:30:40.381   734 15239 D PhoneInterfaceManager: getSimState simId = 0prop = ABSENT
11-22 13:30:40.381   676   676 D TelephonyManagerEx: getSimState simId=1
11-22 13:30:40.382   734 14968 D PhoneInterfaceManager: getSimState simId = 1prop = READY
11-22 13:30:40.382   676   676 D TelephonyManagerEx: getSimState simId=0
11-22 13:30:40.383   734 16097 D PhoneInterfaceManager: getSimState simId = 0prop = ABSENT
11-22 13:30:40.383   676   676 D TelephonyManagerEx: getSimState simId=1
11-22 13:30:40.384   734 16138 D PhoneInterfaceManager: getSimState simId = 1prop = READY
11-22 13:30:40.384   676   676 D StatusBar.MSimNetworkController: changing data overlay icon id to 2130903724
11-22 13:30:40.384   676   676 D StatusBar.MSimNetworkController: updateDataIcon subscription =1
11-22 13:30:40.384   676   676 D StatusBar.MSimNetworkController: updateDataIcon  when SimState =UNKNOWN
11-22 13:30:40.384   676   676 D TelephonyManagerEx: getNetworkType simId=1
11-22 13:30:40.387   676   676 D TelephonyManagerEx: getNetworkType simId=1
11-22 13:30:40.388   676   676 I StatusBar.MSimNetworkController: isDataTypeComboIconVisible, mMSimState[1]=UNKNOWN
11-22 13:30:40.389   734 15008 D PhoneInterfaceManager: [PhoneIntfMgr] getCallStateGemini simId: 0
11-22 13:30:40.391   734  5320 D PhoneInterfaceManager: [PhoneIntfMgr] getCallStateGemini simId: 1
11-22 13:30:40.392   676   676 D TelephonyManagerEx: getNetworkType simId=1
11-22 13:30:40.392   676   676 D StatusBar.MSimNetworkController: isDataTypeComboIconVisible, isWcdma=true
11-22 13:30:40.394   676   676 D StatusBar.MSimNetworkController: isDataTypeComboIconVisible, none3GCallState=0
11-22 13:30:40.394   676   676 W Provider/Settings: Setting airplane_mode_on has moved from android.provider.Settings.System to android.provider.Settings.Global, returning read-only value.
11-22 13:30:40.394   676   676 V Provider/Settings:  from settings cache , name = airplane_mode_on , value = 0
11-22 13:30:40.394   676   676 D StatusBar.MSimNetworkController: isDataTypeComboIconVisible, set visible=true
11-22 13:30:40.394   676   676 D StatusBar.MSimNetworkController: updateDataIcon when mMSimDataConnected =true
11-22 13:30:40.394   676   676 D StatusBar.MSimNetworkController: refreshViews subscription =1mMSimDataConnected =true
11-22 13:30:40.394   676   676 D StatusBar.MSimNetworkController: refreshViews mMSimDataActivity =3
11-22 13:30:40.394   676   676 D StatusBar.MSimNetworkController: updateDataNetType subscription =1mMSimDataNetType =8
11-22 13:30:40.395   676   676 D StatusBar.MSimNetworkController: refreshViews connected={ data } level=4 mMSimcombinedSignalIconId=0x7f030250/com.android.systemui:drawable/stat_sys_signal_4_fully mMSimcombinedActivityIconId=0x7f0301f2 mAirplaneMode=false mMSimDataActivity=3 mMSimPhoneSignalIconId=0x7f030257 mMSimDataDirectionIconId=0x7f0301df mMSimDataSignalIconId=0x7f030250 mMSimDataTypeIconId=0x7f0301cb mNoSimIconVisible false mWifiIconId=0x7f0302b7 mBluetoothTetherIconId=0x1080561
11-22 13:30:40.395   676   676 D StatusBar.MSimNetworkController: refreshViews update icon subscription===1 mMSimPhoneSignalIconId[subscription]===2130903639 mMSimPhoneSignalTypeIconId[subscription]===2130903658 mMSimMobileActivityIconId[subscription]===2130903538 mMSimDataTypeIconId[subscription]===2130903499
11-22 13:30:40.395   676   676 D TelephonyManagerEx: getSimState simId=0
11-22 13:30:40.397   582   597 V ActivityManager: getTasks: max=5, flags=0, receiver=null
11-22 13:30:40.397   582   597 V ActivityManager: com.huawei.android.launcher/.Launcher: task=TaskRecord{424f5288 #2 A com.huawei.android.launcher U 0}
11-22 13:30:40.397   582   597 V ActivityManager: com.android.settings/.UsbSettings: task=TaskRecord{427acb98 #147 I com.android.settings/.Settings$UsbSettingsActivity U 0}
11-22 13:30:40.397   582   597 V ActivityManager: com.android.settings/.Settings$DevelopmentSettingsActivity: task=TaskRecord{42c8ecb0 #39 A com.android.settings U 0}
11-22 13:30:40.397   582   597 V ActivityManager: com.android.settings/.HWSettings: task=TaskRecord{42c8ecb0 #39 A com.android.settings U 0}
11-22 13:30:40.397   582   597 V ActivityManager: com.qihoo360.mobilesafe/com.qihoo360.contacts.mms: task=TaskRecord{4284f2d0 #133 A com.qihoo360.contacts.main U 0}
11-22 13:30:40.398   582   597 V ActivityManager: com.android.contacts/.activities.DialtactsActivity: task=TaskRecord{42684000 #140 A android.task.contacts U 0}
11-22 13:30:40.398   734  1341 D PhoneInterfaceManager: getSimState simId = 0prop = ABSENT
11-22 13:30:40.398   582   597 V ActivityManager: We have pending thumbnails: null
11-22 13:30:40.399   676   676 D TelephonyManagerEx: getSimState simId=1
11-22 13:30:40.401   734   745 D PhoneInterfaceManager: getSimState simId = 1prop = READY
11-22 13:30:40.401   676   676 D TelephonyManagerEx: getSimState simId=0
11-22 13:30:40.401   734   744 D PhoneInterfaceManager: getSimState simId = 0prop = ABSENT
11-22 13:30:40.402   676   676 D TelephonyManagerEx: getSimState simId=1
11-22 13:30:40.402   734 14976 D PhoneInterfaceManager: getSimState simId = 1prop = READY
11-22 13:30:40.404   676   676 D TelephonyManagerEx: getSimState simId=0
11-22 13:30:40.405   734  1336 D PhoneInterfaceManager: getSimState simId = 0prop = ABSENT
11-22 13:30:40.405   676   676 D TelephonyManagerEx: getSimState simId=1
11-22 13:30:40.406   734 16112 D PhoneInterfaceManager: getSimState simId = 1prop = READY
11-22 13:30:40.407   676   676 D TelephonyManagerEx: getSimState simId=0
11-22 13:30:40.408   734 15239 D PhoneInterfaceManager: getSimState simId = 0prop = ABSENT
11-22 13:30:40.408   676   676 D TelephonyManagerEx: getSimState simId=1
11-22 13:30:40.409   734 14968 D PhoneInterfaceManager: getSimState simId = 1prop = READY
11-22 13:30:40.409   676   676 D TelephonyManagerEx: getSimState simId=0
11-22 13:30:40.410   734 16097 D PhoneInterfaceManager: getSimState simId = 0prop = ABSENT
11-22 13:30:40.410   676   676 D TelephonyManagerEx: getSimState simId=1
11-22 13:30:40.410   734 16138 D PhoneInterfaceManager: getSimState simId = 1prop = READY
11-22 13:30:40.411   676   676 D TelephonyManagerEx: getSimState simId=0
11-22 13:30:40.411   734  2031 D PhoneInterfaceManager: getSimState simId = 0prop = ABSENT
11-22 13:30:40.411   676   676 D TelephonyManagerEx: getSimState simId=1
11-22 13:30:40.412   734 15890 D PhoneInterfaceManager: getSimState simId = 1prop = READY
11-22 13:30:40.413   676   676 D TelephonyManagerEx: getSimState simId=0
11-22 13:30:40.413   734 15008 D PhoneInterfaceManager: getSimState simId = 0prop = ABSENT
11-22 13:30:40.414   676   676 D TelephonyManagerEx: getSimState simId=1
11-22 13:30:40.414   734  5320 D PhoneInterfaceManager: getSimState simId = 1prop = READY
11-22 13:30:40.415   676   676 D TelephonyManagerEx: getSimState simId=0
11-22 13:30:40.415   734  1340 D PhoneInterfaceManager: getSimState simId = 0prop = ABSENT
11-22 13:30:40.416   676   676 D TelephonyManagerEx: getSimState simId=1
11-22 13:30:40.416   734 14981 D PhoneInterfaceManager: getSimState simId = 1prop = READY
11-22 13:30:40.416   676   676 D StatusBar.MSimNetworkController: changing data overlay icon id to 2130903538
11-22 13:30:40.417   676   676 D StatusBar.MSimNetworkController: onDataActivity received on subscription :1direction=3
11-22 13:30:40.417   676   676 D StatusBar.MSimNetworkController: updateTelephonySignalStrength: subscription =0
11-22 13:30:40.417   676   676 D StatusBar.MSimNetworkController:  No service
11-22 13:30:40.417   676   676 I StatusBar.MSimNetworkController: !hasService subscription===0=========updatebusyIcon=======
11-22 13:30:40.417   676   676 I StatusBar.MSimNetworkController: updatebusyIcon mOtherSubscription===0 subscription===0 mSMSOtherSubscription===0
11-22 13:30:40.417   676   676 I StatusBar.MSimNetworkController: updatebusyIconCall !mBeforeIsNoSingal===false mData2GIsActive===false mIsWaitingBusy===false
11-22 13:30:40.417   676   676 D TelephonyManagerEx: getSimState simId=0
11-22 13:30:40.418   734  1341 D PhoneInterfaceManager: getSimState simId = 0prop = ABSENT
11-22 13:30:40.418   676   676 I StatusBar.MSimNetworkController: updatebusyIconCall getSimState(subscription)===1
11-22 13:30:40.418   676   676 D StatusBar.MSimNetworkController: refreshViews subscription =0mMSimDataConnected =false
11-22 13:30:40.418   676   676 D StatusBar.MSimNetworkController: refreshViews mMSimDataActivity =0
11-22 13:30:40.419   676   676 D StatusBar.MSimNetworkController: refreshViews connected={ } level=0 mMSimcombinedSignalIconId=0x7f030277/com.android.systemui:drawable/stat_sys_signal_null mMSimcombinedActivityIconId=0x7f0302ac mAirplaneMode=false mMSimDataActivity=0 mMSimPhoneSignalIconId=0x7f030277 mMSimDataDirectionIconId=0x0 mMSimDataSignalIconId=0x7f030277 mMSimDataTypeIconId=0x0 mNoSimIconVisible false mWifiIconId=0x7f0302b7 mBluetoothTetherIconId=0x1080561
11-22 13:30:40.419   676   676 D StatusBar.MSimNetworkController: refreshViews update icon subscription===0 mMSimPhoneSignalIconId[subscription]===2130903671 mMSimPhoneSignalTypeIconId[subscription]===0 mMSimMobileActivityIconId[subscription]===0 mMSimDataTypeIconId[subscription]===0
11-22 13:30:40.419   676   676 D StatusBar.MSimNetworkController: changing data overlay icon id to 2130903724
11-22 13:30:40.419   676   676 D StatusBar.MSimNetworkController: updateDataIcon subscription =1
11-22 13:30:40.419   676   676 D StatusBar.MSimNetworkController: updateDataIcon  when SimState =UNKNOWN
11-22 13:30:40.419   676   676 D TelephonyManagerEx: getNetworkType simId=1
11-22 13:30:40.421   676   676 D TelephonyManagerEx: getNetworkType simId=1
11-22 13:30:40.424   676   676 I StatusBar.MSimNetworkController: isDataTypeComboIconVisible, mMSimState[1]=UNKNOWN
11-22 13:30:40.425   734 14976 D PhoneInterfaceManager: [PhoneIntfMgr] getCallStateGemini simId: 0
11-22 13:30:40.426   734  1336 D PhoneInterfaceManager: [PhoneIntfMgr] getCallStateGemini simId: 1
11-22 13:30:40.427   676   676 D TelephonyManagerEx: getNetworkType simId=1
11-22 13:30:40.427   676   676 D StatusBar.MSimNetworkController: isDataTypeComboIconVisible, isWcdma=true
11-22 13:30:40.429   676   676 D StatusBar.MSimNetworkController: isDataTypeComboIconVisible, none3GCallState=0
11-22 13:30:40.429   676   676 W Provider/Settings: Setting airplane_mode_on has moved from android.provider.Settings.System to android.provider.Settings.Global, returning read-only value.
11-22 13:30:40.429   676   676 V Provider/Settings:  from settings cache , name = airplane_mode_on , value = 0
11-22 13:30:40.429   676   676 D StatusBar.MSimNetworkController: isDataTypeComboIconVisible, set visible=true
11-22 13:30:40.429   676   676 D StatusBar.MSimNetworkController: updateDataIcon when mMSimDataConnected =true
11-22 13:30:40.429   676   676 D StatusBar.MSimNetworkController: refreshViews subscription =1mMSimDataConnected =true
11-22 13:30:40.430   676   676 D StatusBar.MSimNetworkController: refreshViews mMSimDataActivity =3
11-22 13:30:40.430   676   676 D StatusBar.MSimNetworkController: updateDataNetType subscription =1mMSimDataNetType =8
11-22 13:30:40.431   676   676 D StatusBar.MSimNetworkController: refreshViews connected={ data } level=4 mMSimcombinedSignalIconId=0x7f030250/com.android.systemui:drawable/stat_sys_signal_4_fully mMSimcombinedActivityIconId=0x7f0301f2 mAirplaneMode=false mMSimDataActivity=3 mMSimPhoneSignalIconId=0x7f030257 mMSimDataDirectionIconId=0x7f0301df mMSimDataSignalIconId=0x7f030250 mMSimDataTypeIconId=0x7f0301cb mNoSimIconVisible false mWifiIconId=0x7f0302b7 mBluetoothTetherIconId=0x1080561
11-22 13:30:40.431   676   676 D StatusBar.MSimNetworkController: refreshViews update icon subscription===1 mMSimPhoneSignalIconId[subscription]===2130903639 mMSimPhoneSignalTypeIconId[subscription]===2130903658 mMSimMobileActivityIconId[subscription]===2130903538 mMSimDataTypeIconId[subscription]===2130903499
11-22 13:30:40.431   676   676 D StatusBar.MSimNetworkController: changing data overlay icon id to 2130903538
11-22 13:30:40.439   676   676 I SurfaceTextureClient: [STC::queueBuffer] (this:0x5e85eae8) fps:1.99, dur:1003.07, max:854.41, min:148.65
11-22 13:30:40.440   146 18610 I BufferQueue: [StatusBar](this:0x44338008,api:1) [queue] fps:1.99, dur:1003.06, max:854.40, min:148.65
11-22 13:30:40.454   146   217 I BufferQueue: [StatusBar](this:0x44338008,api:1) [release] fps:2.00, dur:1002.45, max:843.77, min:158.68
11-22 13:30:40.455   146   217 I SurfaceTextureClient: [STC::queueBuffer] (this:0x41cb7978) fps:1.99, dur:1002.97, max:844.15, min:158.81
11-22 13:30:40.456   146   217 I BufferQueue: [FramebufferSurface](this:0x41df8008,api:1) [release] fps:1.99, dur:1003.02, max:844.13, min:158.89
11-22 13:30:40.456   146   217 I BufferQueue: [FramebufferSurface](this:0x41df8008,api:1) [queue] fps:1.99, dur:1003.03, max:844.10, min:158.93
11-22 13:30:40.456   146   217 I SurfaceFlinger: [SurfaceFlinger] fps:1.993902,dur:1003.06,max:844.12,min:158.94
11-22 13:30:40.499   582  3000 V ActivityManager: getTasks: max=5, flags=0, receiver=null
11-22 13:30:40.499   582  3000 V ActivityManager: com.huawei.android.launcher/.Launcher: task=TaskRecord{424f5288 #2 A com.huawei.android.launcher U 0}
11-22 13:30:40.499   582  3000 V ActivityManager: com.android.settings/.UsbSettings: task=TaskRecord{427acb98 #147 I com.android.settings/.Settings$UsbSettingsActivity U 0}
11-22 13:30:40.499   582  3000 V ActivityManager: com.android.settings/.Settings$DevelopmentSettingsActivity: task=TaskRecord{42c8ecb0 #39 A com.android.settings U 0}
11-22 13:30:40.499   582  3000 V ActivityManager: com.android.settings/.HWSettings: task=TaskRecord{42c8ecb0 #39 A com.android.settings U 0}
11-22 13:30:40.499   582  3000 V ActivityManager: com.qihoo360.mobilesafe/com.qihoo360.contacts.mms: task=TaskRecord{4284f2d0 #133 A com.qihoo360.contacts.main U 0}
11-22 13:30:40.499   582  3000 V ActivityManager: com.android.contacts/.activities.DialtactsActivity: task=TaskRecord{42684000 #140 A android.task.contacts U 0}
11-22 13:30:40.499   582  3000 V ActivityManager: We have pending thumbnails: null
11-22 13:30:40.500   582   582 V ActivityManager: getTasks: max=1, flags=0, receiver=null
11-22 13:30:40.500   582   582 V ActivityManager: com.huawei.android.launcher/.Launcher: task=TaskRecord{424f5288 #2 A com.huawei.android.launcher U 0}
11-22 13:30:40.501   582   582 V ActivityManager: We have pending thumbnails: null
11-22 13:30:40.601   582  1080 V ActivityManager: getTasks: max=5, flags=0, receiver=null
11-22 13:30:40.601   582  1080 V ActivityManager: com.huawei.android.launcher/.Launcher: task=TaskRecord{424f5288 #2 A com.huawei.android.launcher U 0}
11-22 13:30:40.601   582  1080 V ActivityManager: com.android.settings/.UsbSettings: task=TaskRecord{427acb98 #147 I com.android.settings/.Settings$UsbSettingsActivity U 0}
11-22 13:30:40.601   582  1080 V ActivityManager: com.android.settings/.Settings$DevelopmentSettingsActivity: task=TaskRecord{42c8ecb0 #39 A com.android.settings U 0}
11-22 13:30:40.602   582  1080 V ActivityManager: com.android.settings/.HWSettings: task=TaskRecord{42c8ecb0 #39 A com.android.settings U 0}
11-22 13:30:40.602   582  1080 V ActivityManager: com.qihoo360.mobilesafe/com.qihoo360.contacts.mms: task=TaskRecord{4284f2d0 #133 A com.qihoo360.contacts.main U 0}
11-22 13:30:40.602   582  1080 V ActivityManager: com.android.contacts/.activities.DialtactsActivity: task=TaskRecord{42684000 #140 A android.task.contacts U 0}
11-22 13:30:40.602   582  1080 V ActivityManager: We have pending thumbnails: null
11-22 13:30:40.656   582  3001 V ActivityManager: getTasks: max=1, flags=0, receiver=null
11-22 13:30:40.656   582  3001 V ActivityManager: com.huawei.android.launcher/.Launcher: task=TaskRecord{424f5288 #2 A com.huawei.android.launcher U 0}
11-22 13:30:40.656   582  3001 V ActivityManager: We have pending thumbnails: null
11-22 13:30:40.659   582  1063 V ActivityManager: getTasks: max=1, flags=0, receiver=null
11-22 13:30:40.659   582  1063 V ActivityManager: com.huawei.android.launcher/.Launcher: task=TaskRecord{424f5288 #2 A com.huawei.android.launcher U 0}
11-22 13:30:40.659   582  1063 V ActivityManager: We have pending thumbnails: null
11-22 13:30:40.703   582   592 V ActivityManager: getTasks: max=5, flags=0, receiver=null
11-22 13:30:40.704   582   592 V ActivityManager: com.huawei.android.launcher/.Launcher: task=TaskRecord{424f5288 #2 A com.huawei.android.launcher U 0}
11-22 13:30:40.704   582   592 V ActivityManager: com.android.settings/.UsbSettings: task=TaskRecord{427acb98 #147 I com.android.settings/.Settings$UsbSettingsActivity U 0}
11-22 13:30:40.704   582   592 V ActivityManager: com.android.settings/.Settings$DevelopmentSettingsActivity: task=TaskRecord{42c8ecb0 #39 A com.android.settings U 0}
11-22 13:30:40.704   582   592 V ActivityManager: com.android.settings/.HWSettings: task=TaskRecord{42c8ecb0 #39 A com.android.settings U 0}
11-22 13:30:40.704   582   592 V ActivityManager: com.qihoo360.mobilesafe/com.qihoo360.contacts.mms: task=TaskRecord{4284f2d0 #133 A com.qihoo360.contacts.main U 0}
11-22 13:30:40.704   582   592 V ActivityManager: com.android.contacts/.activities.DialtactsActivity: task=TaskRecord{42684000 #140 A android.task.contacts U 0}
11-22 13:30:40.704   582   592 V ActivityManager: We have pending thumbnails: null
11-22 13:30:40.806   582  1021 V ActivityManager: getTasks: max=5, flags=0, receiver=null
11-22 13:30:40.806   582  1021 V ActivityManager: com.huawei.android.launcher/.Launcher: task=TaskRecord{424f5288 #2 A com.huawei.android.launcher U 0}
11-22 13:30:40.806   582  1021 V ActivityManager: com.android.settings/.UsbSettings: task=TaskRecord{427acb98 #147 I com.android.settings/.Settings$UsbSettingsActivity U 0}
11-22 13:30:40.806   582  1021 V ActivityManager: com.android.settings/.Settings$DevelopmentSettingsActivity: task=TaskRecord{42c8ecb0 #39 A com.android.settings U 0}
11-22 13:30:40.806   582  1021 V ActivityManager: com.android.settings/.HWSettings: task=TaskRecord{42c8ecb0 #39 A com.android.settings U 0}
11-22 13:30:40.806   582  1021 V ActivityManager: com.qihoo360.mobilesafe/com.qihoo360.contacts.mms: task=TaskRecord{4284f2d0 #133 A com.qihoo360.contacts.main U 0}
11-22 13:30:40.806   582  1021 V ActivityManager: com.android.contacts/.activities.DialtactsActivity: task=TaskRecord{42684000 #140 A android.task.contacts U 0}
11-22 13:30:40.806   582  1021 V ActivityManager: We have pending thumbnails: null
11-22 13:30:40.908   582   793 V ActivityManager: getTasks: max=5, flags=0, receiver=null
11-22 13:30:40.908   582   793 V ActivityManager: com.huawei.android.launcher/.Launcher: task=TaskRecord{424f5288 #2 A com.huawei.android.launcher U 0}
11-22 13:30:40.908   582   793 V ActivityManager: com.android.settings/.UsbSettings: task=TaskRecord{427acb98 #147 I com.android.settings/.Settings$UsbSettingsActivity U 0}
11-22 13:30:40.908   582   793 V ActivityManager: com.android.settings/.Settings$DevelopmentSettingsActivity: task=TaskRecord{42c8ecb0 #39 A com.android.settings U 0}
11-22 13:30:40.908   582   793 V ActivityManager: com.android.settings/.HWSettings: task=TaskRecord{42c8ecb0 #39 A com.android.settings U 0}
11-22 13:30:40.909   582   793 V ActivityManager: com.qihoo360.mobilesafe/com.qihoo360.contacts.mms: task=TaskRecord{4284f2d0 #133 A com.qihoo360.contacts.main U 0}
11-22 13:30:40.909   582   793 V ActivityManager: com.android.contacts/.activities.DialtactsActivity: task=TaskRecord{42684000 #140 A android.task.contacts U 0}
11-22 13:30:40.909   582   793 V ActivityManager: We have pending thumbnails: null
11-22 13:30:41.010   582  2129 V ActivityManager: getTasks: max=5, flags=0, receiver=null
11-22 13:30:41.010   582  2129 V ActivityManager: com.huawei.android.launcher/.Launcher: task=TaskRecord{424f5288 #2 A com.huawei.android.launcher U 0}
11-22 13:30:41.011   582  2129 V ActivityManager: com.android.settings/.UsbSettings: task=TaskRecord{427acb98 #147 I com.android.settings/.Settings$UsbSettingsActivity U 0}
11-22 13:30:41.011   582  2129 V ActivityManager: com.android.settings/.Settings$DevelopmentSettingsActivity: task=TaskRecord{42c8ecb0 #39 A com.android.settings U 0}
11-22 13:30:41.011   582  2129 V ActivityManager: com.android.settings/.HWSettings: task=TaskRecord{42c8ecb0 #39 A com.android.settings U 0}
11-22 13:30:41.011   582  2129 V ActivityManager: com.qihoo360.mobilesafe/com.qihoo360.contacts.mms: task=TaskRecord{4284f2d0 #133 A com.qihoo360.contacts.main U 0}
11-22 13:30:41.011   582  2129 V ActivityManager: com.android.contacts/.activities.DialtactsActivity: task=TaskRecord{42684000 #140 A android.task.contacts U 0}
11-22 13:30:41.011   582  2129 V ActivityManager: We have pending thumbnails: null
11-22 13:30:41.113   582  1084 V ActivityManager: getTasks: max=5, flags=0, receiver=null
11-22 13:30:41.113   582  1084 V ActivityManager: com.huawei.android.launcher/.Launcher: task=TaskRecord{424f5288 #2 A com.huawei.android.launcher U 0}
11-22 13:30:41.113   582  1084 V ActivityManager: com.android.settings/.UsbSettings: task=TaskRecord{427acb98 #147 I com.android.settings/.Settings$UsbSettingsActivity U 0}
11-22 13:30:41.113   582  1084 V ActivityManager: com.android.settings/.Settings$DevelopmentSettingsActivity: task=TaskRecord{42c8ecb0 #39 A com.android.settings U 0}
11-22 13:30:41.113   582  1084 V ActivityManager: com.android.settings/.HWSettings: task=TaskRecord{42c8ecb0 #39 A com.android.settings U 0}
11-22 13:30:41.113   582  1084 V ActivityManager: com.qihoo360.mobilesafe/com.qihoo360.contacts.mms: task=TaskRecord{4284f2d0 #133 A com.qihoo360.contacts.main U 0}
11-22 13:30:41.113   582  1084 V ActivityManager: com.android.contacts/.activities.DialtactsActivity: task=TaskRecord{42684000 #140 A android.task.contacts U 0}
11-22 13:30:41.113   582  1084 V ActivityManager: We have pending thumbnails: null
11-22 13:30:41.215   582  1032 V ActivityManager: getTasks: max=5, flags=0, receiver=null
11-22 13:30:41.215   582  1032 V ActivityManager: com.huawei.android.launcher/.Launcher: task=TaskRecord{424f5288 #2 A com.huawei.android.launcher U 0}
11-22 13:30:41.215   582  1032 V ActivityManager: com.android.settings/.UsbSettings: task=TaskRecord{427acb98 #147 I com.android.settings/.Settings$UsbSettingsActivity U 0}
11-22 13:30:41.215   582  1032 V ActivityManager: com.android.settings/.Settings$DevelopmentSettingsActivity: task=TaskRecord{42c8ecb0 #39 A com.android.settings U 0}
11-22 13:30:41.215   582  1032 V ActivityManager: com.android.settings/.HWSettings: task=TaskRecord{42c8ecb0 #39 A com.android.settings U 0}
11-22 13:30:41.216   582  1032 V ActivityManager: com.qihoo360.mobilesafe/com.qihoo360.contacts.mms: task=TaskRecord{4284f2d0 #133 A com.qihoo360.contacts.main U 0}
11-22 13:30:41.216   582  1032 V ActivityManager: com.android.contacts/.activities.DialtactsActivity: task=TaskRecord{42684000 #140 A android.task.contacts U 0}
11-22 13:30:41.216   582  1032 V ActivityManager: We have pending thumbnails: null
11-22 13:30:41.317   582  2130 V ActivityManager: getTasks: max=5, flags=0, receiver=null
11-22 13:30:41.318   582  2130 V ActivityManager: com.huawei.android.launcher/.Launcher: task=TaskRecord{424f5288 #2 A com.huawei.android.launcher U 0}
11-22 13:30:41.318   582  2130 V ActivityManager: com.android.settings/.UsbSettings: task=TaskRecord{427acb98 #147 I com.android.settings/.Settings$UsbSettingsActivity U 0}
11-22 13:30:41.318   582  2130 V ActivityManager: com.android.settings/.Settings$DevelopmentSettingsActivity: task=TaskRecord{42c8ecb0 #39 A com.android.settings U 0}
11-22 13:30:41.318   582  2130 V ActivityManager: com.android.settings/.HWSettings: task=TaskRecord{42c8ecb0 #39 A com.android.settings U 0}
11-22 13:30:41.318   582  2130 V ActivityManager: com.qihoo360.mobilesafe/com.qihoo360.contacts.mms: task=TaskRecord{4284f2d0 #133 A com.qihoo360.contacts.main U 0}
11-22 13:30:41.318   582  2130 V ActivityManager: com.android.contacts/.activities.DialtactsActivity: task=TaskRecord{42684000 #140 A android.task.contacts U 0}
11-22 13:30:41.318   582  2130 V ActivityManager: We have pending thumbnails: null
11-22 13:30:41.370   676   676 D StatusBar.MSimNetworkController: onDataActivity received on subscription :1direction=0
11-22 13:30:41.371   676   676 D StatusBar.MSimNetworkController: updateTelephonySignalStrength: subscription =0
11-22 13:30:41.371   734   734 V Provider/Settings:  from settings cache , name = pdp_watchdog_poll_interval_ms , value = null
11-22 13:30:41.371   676   676 D StatusBar.MSimNetworkController:  No service
11-22 13:30:41.371   676   676 I StatusBar.MSimNetworkController: !hasService subscription===0=========updatebusyIcon=======
11-22 13:30:41.371   676   676 I StatusBar.MSimNetworkController: updatebusyIcon mOtherSubscription===0 subscription===0 mSMSOtherSubscription===0
11-22 13:30:41.371   676   676 I StatusBar.MSimNetworkController: updatebusyIconCall !mBeforeIsNoSingal===false mData2GIsActive===false mIsWaitingBusy===false
11-22 13:30:41.372   676   676 D TelephonyManagerEx: getSimState simId=0
11-22 13:30:41.373   734 14968 D PhoneInterfaceManager: getSimState simId = 0prop = ABSENT
11-22 13:30:41.373   676   676 I StatusBar.MSimNetworkController: updatebusyIconCall getSimState(subscription)===1
11-22 13:30:41.373   676   676 D StatusBar.MSimNetworkController: refreshViews subscription =0mMSimDataConnected =false
