--------- beginning of /dev/log/main
11-22 13:30:33.581   685   685 D ADB_SERVICES:  closing because is_eof=1 r=-1 s->fde.force_eof=0
11-22 13:30:33.581   685   685 W ADB_SERVICES: entered. LS(59) fd=23
11-22 13:30:34.349   734   734 V Provider/Settings:  from settings cache , name = pdp_watchdog_poll_interval_ms , value = null
11-22 13:30:34.563   685   685 D ADB_SERVICES: adb fdevent_process list (16) (21) (23) 
11-22 13:30:34.665   685   685 D ADB_SERVICES: adb socket read list (21) (23) 
11-22 13:30:34.665   685   685 D ADB_SERVICES: read_data=78637
11-22 13:30:34.665   685   685 D ADB_SERVICES: max_read_time=0.000574 max_send_time=0.000137 
11-22 13:30:34.666   685   685 D ADB_SERVICES: adb local_socket_ready list (21) (23) 
11-22 13:30:35.198   734   734 W SignalStrength: dwj mGsmRscpQdbm/4-82
11-22 13:30:35.198   734   734 W SignalStrength: dwj mGsmRssiQdbm/40
11-22 13:30:35.199   734   734 W SignalStrength: sim1, need checked is false
11-22 13:30:35.202   676   676 D TelephonyManagerEx: getNetworkType simId=1
11-22 13:30:35.204   676   676 D HuaweiTelephonyManager: DSDA, subId == slotId 
11-22 13:30:35.206   734   734 D Bluetooth HS/HF: [BT][HFG] [API] mStateReceiver.onReceive(android.intent.action.SIG_STR)
11-22 13:30:35.206   734  1806 D Bluetooth HS/HF: [BT][HFG] [API] mHandler.handleMessage(10)
11-22 13:30:35.206   734 16138 D PhoneInterfaceManager: isNetworkRoaming simId=1
11-22 13:30:35.206   676   676 D TelephonyManagerEx: getNetworkType simId=1
11-22 13:30:35.207   676   676 D TelephonyManagerEx: getNetworkType simId=1
11-22 13:30:35.209   734 15008 D PhoneInterfaceManager: isNetworkRoaming simId=1
11-22 13:30:35.211   676   676 D TelephonyManagerEx: getSimState simId=0
11-22 13:30:35.212   734  5320 D PhoneInterfaceManager: getSimState simId = 0prop = ABSENT
11-22 13:30:35.213   676   676 D TelephonyManagerEx: getSimState simId=1
11-22 13:30:35.213   734  1340 D PhoneInterfaceManager: getSimState simId = 1prop = READY
11-22 13:30:35.214   676   676 D TelephonyManagerEx: getSimState simId=0
11-22 13:30:35.214   734 14981 D PhoneInterfaceManager: getSimState simId = 0prop = ABSENT
11-22 13:30:35.214   676   676 D TelephonyManagerEx: getSimState simId=1
11-22 13:30:35.215   734  1341 D PhoneInterfaceManager: getSimState simId = 1prop = READY
11-22 13:30:35.216   676   676 D TelephonyManagerEx: getSimState simId=0
11-22 13:30:35.217   734   745 D PhoneInterfaceManager: getSimState simId = 0prop = ABSENT
11-22 13:30:35.217   676   676 D TelephonyManagerEx: getSimState simId=1
11-22 13:30:35.218   734   744 D PhoneInterfaceManager: getSimState simId = 1prop = READY
11-22 13:30:35.218   676   676 D TelephonyManagerEx: getSimState simId=0
11-22 13:30:35.219   734 14976 D PhoneInterfaceManager: getSimState simId = 0prop = ABSENT
11-22 13:30:35.219   676   676 D TelephonyManagerEx: getSimState simId=1
11-22 13:30:35.220   734  1336 D PhoneInterfaceManager: getSimState simId = 1prop = READY
11-22 13:30:35.220   676   676 D TelephonyManagerEx: getSimState simId=0
11-22 13:30:35.221   734 16112 D PhoneInterfaceManager: getSimState simId = 0prop = ABSENT
11-22 13:30:35.221   676   676 D TelephonyManagerEx: getSimState simId=1
11-22 13:30:35.221   734 15239 D PhoneInterfaceManager: getSimState simId = 1prop = READY
11-22 13:30:35.222   676   676 D TelephonyManagerEx: getSimState simId=0
11-22 13:30:35.222   734 14968 D PhoneInterfaceManager: getSimState simId = 0prop = ABSENT
11-22 13:30:35.223   676   676 D TelephonyManagerEx: getSimState simId=1
11-22 13:30:35.223   734 16097 D PhoneInterfaceManager: getSimState simId = 1prop = READY
11-22 13:30:35.224   676   676 D TelephonyManagerEx: getSimState simId=0
11-22 13:30:35.225   734 16138 D PhoneInterfaceManager: getSimState simId = 0prop = ABSENT
11-22 13:30:35.225   676   676 D TelephonyManagerEx: getSimState simId=1
11-22 13:30:35.226   734  2031 D PhoneInterfaceManager: getSimState simId = 1prop = READY
11-22 13:30:35.227   676   676 D TelephonyManagerEx: getSimState simId=0
11-22 13:30:35.227   734 15890 D PhoneInterfaceManager: getSimState simId = 0prop = ABSENT
11-22 13:30:35.228   676   676 D TelephonyManagerEx: getSimState simId=1
11-22 13:30:35.228   734 15008 D PhoneInterfaceManager: getSimState simId = 1prop = READY
11-22 13:30:35.229   676   676 D TelephonyManagerEx: getNetworkType simId=1
11-22 13:30:35.232   676   676 D HuaweiTelephonyManager: DSDA, subId == slotId 
11-22 13:30:35.233   734  1340 D PhoneInterfaceManager: isNetworkRoaming simId=1
11-22 13:30:35.233   676   676 D TelephonyManagerEx: getNetworkType simId=1
11-22 13:30:35.234   676   676 D TelephonyManagerEx: getNetworkType simId=1
11-22 13:30:35.236   734   745 D PhoneInterfaceManager: isNetworkRoaming simId=1
11-22 13:30:35.246   676   676 I SurfaceTextureClient: [STC::queueBuffer] (this:0x5e85eae8) fps:0.27, dur:3725.24, max:3725.24, min:3725.24
11-22 13:30:35.246   146   385 I BufferQueue: [StatusBar](this:0x44338008,api:1) [queue] fps:0.27, dur:3725.26, max:3725.26, min:3725.26
11-22 13:30:35.259   146   217 I BufferQueue: [StatusBar](this:0x44338008,api:1) [release] fps:0.27, dur:3731.13, max:3731.13, min:3731.13
11-22 13:30:35.261   146   217 I SurfaceTextureClient: [STC::queueBuffer] (this:0x41cb7978) fps:0.27, dur:3731.13, max:3731.13, min:3731.13
11-22 13:30:35.261   146   217 I BufferQueue: [FramebufferSurface](this:0x41df8008,api:1) [release] fps:0.27, dur:3731.13, max:3731.13, min:3731.13
11-22 13:30:35.261   146   217 I BufferQueue: [FramebufferSurface](this:0x41df8008,api:1) [queue] fps:0.27, dur:3731.13, max:3731.13, min:3731.13
11-22 13:30:35.261   146   217 I SurfaceFlinger: [SurfaceFlinger] fps:0.268016,dur:3731.12,max:3731.12,min:3731.12
11-22 13:30:35.351   734   734 V Provider/Settings:  from settings cache , name = pdp_watchdog_poll_interval_ms , value = null
11-22 13:30:36.353   734   734 V Provider/Settings:  from settings cache , name = pdp_watchdog_poll_interval_ms , value = null
11-22 13:30:37.210  9926  9926 D MsensorDaemon: Msensor deamon statr!!!!!!!!!!!!
11-22 13:30:37.211  9926  9926 D MsensorDaemon: msensor demon start process detect demon name = akmd09911
11-22 13:30:37.212  9926  9926 D MsensorDaemon: 
11-22 13:30:37.212  9925  9925 E MCA     : Here call up the service!
11-22 13:30:37.212  9926  9926 D MsensorDaemon: msensor demon start process detect demon prop = init.svc.akmd09911
11-22 13:30:37.212  9925  9925 E MCA     : LT passed!
11-22 13:30:37.212  9926  9926 D MsensorDaemon: 
11-22 13:30:37.213  9926  9926 D MsensorDaemon: start_msensor_demon 
11-22 13:30:37.213  9926  9926 D MsensorDaemon: HAVE_LIBC_SYSTEM_PROPERTIES
11-22 13:30:37.213  9926  9926 D MsensorDaemon: akmd09911 running
11-22 13:30:37.213  9926  9926 D MsensorDaemon: Msensor deamon2 statr!!!!!!!!!!!!
11-22 13:30:37.213  9926  9926 D MsensorDaemon: open demon attr err = No such file or directory
11-22 13:30:37.355   734   734 V Provider/Settings:  from settings cache , name = pdp_watchdog_poll_interval_ms , value = null
11-22 13:30:38.359   734   734 V Provider/Settings:  from settings cache , name = pdp_watchdog_poll_interval_ms , value = null
11-22 13:30:38.360   676   676 D TelephonyManagerEx: getSimState simId=0
11-22 13:30:38.361   734   744 D PhoneInterfaceManager: getSimState simId = 0prop = ABSENT
11-22 13:30:38.362   676   676 D TelephonyManagerEx: getSimState simId=0
11-22 13:30:38.363   734 14976 D PhoneInterfaceManager: getSimState simId = 0prop = ABSENT
11-22 13:30:38.364   676   676 D TelephonyManagerEx: getSimState simId=1
11-22 13:30:38.364   734  1336 D PhoneInterfaceManager: getSimState simId = 1prop = READY
11-22 13:30:38.365   676   676 D TelephonyManagerEx: getSimState simId=0
11-22 13:30:38.365   734 16112 D PhoneInterfaceManager: getSimState simId = 0prop = ABSENT
11-22 13:30:38.366   676   676 D TelephonyManagerEx: getSimState simId=1
11-22 13:30:38.367   734 15239 D PhoneInterfaceManager: getSimState simId = 1prop = READY
11-22 13:30:38.367   676   676 D TelephonyManagerEx: getSimState simId=0
11-22 13:30:38.367   734 14968 D PhoneInterfaceManager: getSimState simId = 0prop = ABSENT
11-22 13:30:38.368   676   676 D TelephonyManagerEx: getSimState simId=1
11-22 13:30:38.368   734 16097 D PhoneInterfaceManager: getSimState simId = 1prop = READY
11-22 13:30:38.369   676   676 D TelephonyManagerEx: getSimState simId=0
11-22 13:30:38.369   734 16138 D PhoneInterfaceManager: getSimState simId = 0prop = ABSENT
11-22 13:30:38.369   676   676 D TelephonyManagerEx: getSimState simId=1
11-22 13:30:38.370   734  2031 D PhoneInterfaceManager: getSimState simId = 1prop = READY
11-22 13:30:38.370   676   676 D TelephonyManagerEx: getSimState simId=0
11-22 13:30:38.371   734 15890 D PhoneInterfaceManager: getSimState simId = 0prop = ABSENT
11-22 13:30:38.371   676   676 D TelephonyManagerEx: getSimState simId=1
11-22 13:30:38.372   734 15008 D PhoneInterfaceManager: getSimState simId = 1prop = READY
11-22 13:30:38.372   676   676 D TelephonyManagerEx: getSimState simId=0
11-22 13:30:38.372   734  5320 D PhoneInterfaceManager: getSimState simId = 0prop = ABSENT
11-22 13:30:38.373   676   676 D TelephonyManagerEx: getSimState simId=1
11-22 13:30:38.373   734  1340 D PhoneInterfaceManager: getSimState simId = 1prop = READY
11-22 13:30:38.373   676   676 D TelephonyManagerEx: getSimState simId=0
11-22 13:30:38.374   734 14981 D PhoneInterfaceManager: getSimState simId = 0prop = ABSENT
11-22 13:30:38.374   676   676 D TelephonyManagerEx: getSimState simId=1
11-22 13:30:38.375   734  1341 D PhoneInterfaceManager: getSimState simId = 1prop = READY
11-22 13:30:38.375   676   676 D TelephonyManagerEx: getSimState simId=0
11-22 13:30:38.376   734   745 D PhoneInterfaceManager: getSimState simId = 0prop = ABSENT
11-22 13:30:38.376   676   676 D TelephonyManagerEx: getSimState simId=1
11-22 13:30:38.376   734   744 D PhoneInterfaceManager: getSimState simId = 1prop = READY
11-22 13:30:38.377   676   676 D TelephonyManagerEx: getNetworkType simId=1
11-22 13:30:38.381   676   676 D TelephonyManagerEx: getNetworkType simId=1
11-22 13:30:38.383   734 16112 D PhoneInterfaceManager: [PhoneIntfMgr] getCallStateGemini simId: 0
11-22 13:30:38.384   734 15239 D PhoneInterfaceManager: [PhoneIntfMgr] getCallStateGemini simId: 1
11-22 13:30:38.384   676   676 D TelephonyManagerEx: getNetworkType simId=1
11-22 13:30:38.387   676   676 W Provider/Settings: Setting airplane_mode_on has moved from android.provider.Settings.System to android.provider.Settings.Global, returning read-only value.
11-22 13:30:38.387   676   676 V Provider/Settings:  from settings cache , name = airplane_mode_on , value = 0
11-22 13:30:38.388   676   676 D TelephonyManagerEx: getSimState simId=0
11-22 13:30:38.389   734 16138 D PhoneInterfaceManager: getSimState simId = 0prop = ABSENT
11-22 13:30:38.390   676   676 D TelephonyManagerEx: getSimState simId=1
11-22 13:30:38.391   734  2031 D PhoneInterfaceManager: getSimState simId = 1prop = READY
11-22 13:30:38.391   676   676 D TelephonyManagerEx: getSimState simId=0
11-22 13:30:38.391   734 15890 D PhoneInterfaceManager: getSimState simId = 0prop = ABSENT
11-22 13:30:38.392   676   676 D TelephonyManagerEx: getSimState simId=1
11-22 13:30:38.393   734 15008 D PhoneInterfaceManager: getSimState simId = 1prop = READY
11-22 13:30:38.397   676   676 D TelephonyManagerEx: getSimState simId=0
11-22 13:30:38.397   734  5320 D PhoneInterfaceManager: getSimState simId = 0prop = ABSENT
11-22 13:30:38.398   676   676 D TelephonyManagerEx: getSimState simId=1
11-22 13:30:38.398   734  1340 D PhoneInterfaceManager: getSimState simId = 1prop = READY
11-22 13:30:38.399   676   676 D TelephonyManagerEx: getSimState simId=0
11-22 13:30:38.400   734 14981 D PhoneInterfaceManager: getSimState simId = 0prop = ABSENT
11-22 13:30:38.400   676   676 D TelephonyManagerEx: getSimState simId=1
11-22 13:30:38.401   734  1341 D PhoneInterfaceManager: getSimState simId = 1prop = READY
11-22 13:30:38.401   676   676 D TelephonyManagerEx: getSimState simId=0
11-22 13:30:38.401   734   745 D PhoneInterfaceManager: getSimState simId = 0prop = ABSENT
11-22 13:30:38.402   676   676 D TelephonyManagerEx: getSimState simId=1
11-22 13:30:38.402   734   744 D PhoneInterfaceManager: getSimState simId = 1prop = READY
11-22 13:30:38.403   676   676 D TelephonyManagerEx: getSimState simId=0
11-22 13:30:38.403   734 14976 D PhoneInterfaceManager: getSimState simId = 0prop = ABSENT
11-22 13:30:38.403   676   676 D TelephonyManagerEx: getSimState simId=1
11-22 13:30:38.404   734  1336 D PhoneInterfaceManager: getSimState simId = 1prop = READY
11-22 13:30:38.405   676   676 D TelephonyManagerEx: getSimState simId=0
11-22 13:30:38.405   734 16112 D PhoneInterfaceManager: getSimState simId = 0prop = ABSENT
11-22 13:30:38.406   676   676 D TelephonyManagerEx: getSimState simId=1
11-22 13:30:38.406   734 15239 D PhoneInterfaceManager: getSimState simId = 1prop = READY
11-22 13:30:38.408   676   676 D TelephonyManagerEx: getSimState simId=0
11-22 13:30:38.408   734 14968 D PhoneInterfaceManager: getSimState simId = 0prop = ABSENT
11-22 13:30:38.409   676   676 D TelephonyManagerEx: getSimState simId=1
11-22 13:30:38.409   734 16097 D PhoneInterfaceManager: getSimState simId = 1prop = READY
11-22 13:30:38.410   676   676 D TelephonyManagerEx: getSimState simId=0
11-22 13:30:38.413   734 16138 D PhoneInterfaceManager: getSimState simId = 0prop = ABSENT
11-22 13:30:38.415   676   676 D TelephonyManagerEx: getNetworkType simId=1
11-22 13:30:38.417   676   676 D TelephonyManagerEx: getNetworkType simId=1
11-22 13:30:38.419   734 15008 D PhoneInterfaceManager: [PhoneIntfMgr] getCallStateGemini simId: 0
11-22 13:30:38.420   734  5320 D PhoneInterfaceManager: [PhoneIntfMgr] getCallStateGemini simId: 1
11-22 13:30:38.420   676   676 D TelephonyManagerEx: getNetworkType simId=1
11-22 13:30:38.423   676   676 W Provider/Settings: Setting airplane_mode_on has moved from android.provider.Settings.System to android.provider.Settings.Global, returning read-only value.
11-22 13:30:38.423   676   676 V Provider/Settings:  from settings cache , name = airplane_mode_on , value = 0
11-22 13:30:38.433   676   676 I SurfaceTextureClient: [STC::queueBuffer] (this:0x5e85eae8) fps:0.31, dur:3186.64, max:3186.64, min:3186.64
11-22 13:30:38.433   146 23695 I BufferQueue: [StatusBar](this:0x44338008,api:1) [queue] fps:0.31, dur:3186.60, max:3186.60, min:3186.60
11-22 13:30:38.440   146   217 I BufferQueue: [StatusBar](this:0x44338008,api:1) [release] fps:0.31, dur:3180.45, max:3180.45, min:3180.45
11-22 13:30:38.441   146   217 I SurfaceTextureClient: [STC::queueBuffer] (this:0x41cb7978) fps:0.31, dur:3180.43, max:3180.43, min:3180.43
11-22 13:30:38.441   146   217 I BufferQueue: [FramebufferSurface](this:0x41df8008,api:1) [release] fps:0.31, dur:3180.42, max:3180.42, min:3180.42
11-22 13:30:38.441   146   217 I BufferQueue: [FramebufferSurface](this:0x41df8008,api:1) [queue] fps:0.31, dur:3180.42, max:3180.42, min:3180.42
11-22 13:30:38.441   146   217 I SurfaceFlinger: [SurfaceFlinger] fps:0.314423,dur:3180.42,max:3180.42,min:3180.42
11-22 13:30:38.493   136   136 D ccci_fsd(1): O: [1010103F12102D35](0x20010400): (12 1) 
11-22 13:30:38.494   136   136 D ccci_fsd(1): F: 1: 26 0 
11-22 13:30:38.494   136   136 D ccci_fsd(1): W: 1 26: 26 0 
11-22 13:30:38.494   136   136 D ccci_fsd(1): C: 1: 0 
11-22 13:30:38.494   136   136 D ccci_fsd(1): O: [1010103F13102D35](0x20010400): (12 1) 
11-22 13:30:38.494   136   136 D ccci_fsd(1): F: 1: 8 0 
11-22 13:30:38.495   136   136 D ccci_fsd(1): W: 1 6: 6 0 
11-22 13:30:38.495   136   136 D ccci_fsd(1): W: 1 2: 2 0 
11-22 13:30:38.495   136   136 D ccci_fsd(1): C: 1: 0 
11-22 13:30:39.363   734   734 V Provider/Settings:  from settings cache , name = pdp_watchdog_poll_interval_ms , value = null
11-22 13:30:39.364   676   676 D TelephonyManagerEx: getSimState simId=0
11-22 13:30:39.365   734  1341 D PhoneInterfaceManager: getSimState simId = 0prop = ABSENT
11-22 13:30:39.367   676   676 D TelephonyManagerEx: getSimState simId=0
11-22 13:30:39.368   734   745 D PhoneInterfaceManager: getSimState simId = 0prop = ABSENT
11-22 13:30:39.368   676   676 D TelephonyManagerEx: getSimState simId=1
11-22 13:30:39.369   734   744 D PhoneInterfaceManager: getSimState simId = 1prop = READY
11-22 13:30:39.369   676   676 D TelephonyManagerEx: getSimState simId=0
11-22 13:30:39.369   734 14976 D PhoneInterfaceManager: getSimState simId = 0prop = ABSENT
11-22 13:30:39.370   676   676 D TelephonyManagerEx: getSimState simId=1
11-22 13:30:39.372   734  1336 D PhoneInterfaceManager: getSimState simId = 1prop = READY
11-22 13:30:39.373   676   676 D TelephonyManagerEx: getSimState simId=0
11-22 13:30:39.373   734 16112 D PhoneInterfaceManager: getSimState simId = 0prop = ABSENT
11-22 13:30:39.374   676   676 D TelephonyManagerEx: getSimState simId=1
11-22 13:30:39.375   734 15239 D PhoneInterfaceManager: getSimState simId = 1prop = READY
11-22 13:30:39.375   676   676 D TelephonyManagerEx: getSimState simId=0
11-22 13:30:39.375   734 14968 D PhoneInterfaceManager: getSimState simId = 0prop = ABSENT
11-22 13:30:39.376   676   676 D TelephonyManagerEx: getSimState simId=1
11-22 13:30:39.376   734 16097 D PhoneInterfaceManager: getSimState simId = 1prop = READY
11-22 13:30:39.376   676   676 D TelephonyManagerEx: getSimState simId=0
11-22 13:30:39.377   734 16138 D PhoneInterfaceManager: getSimState simId = 0prop = ABSENT
11-22 13:30:39.377   676   676 D TelephonyManagerEx: getSimState simId=1
11-22 13:30:39.378   734  2031 D PhoneInterfaceManager: getSimState simId = 1prop = READY
11-22 13:30:39.378   676   676 D TelephonyManagerEx: getSimState simId=0
11-22 13:30:39.378   734 15890 D PhoneInterfaceManager: getSimState simId = 0prop = ABSENT
11-22 13:30:39.379   676   676 D TelephonyManagerEx: getSimState simId=1
11-22 13:30:39.379   734 15008 D PhoneInterfaceManager: getSimState simId = 1prop = READY
11-22 13:30:39.379   676   676 D TelephonyManagerEx: getSimState simId=0
11-22 13:30:39.380   734  5320 D PhoneInterfaceManager: getSimState simId = 0prop = ABSENT
11-22 13:30:39.380   676   676 D TelephonyManagerEx: getSimState simId=1
11-22 13:30:39.381   734  1340 D PhoneInterfaceManager: getSimState simId = 1prop = READY
11-22 13:30:39.381   676   676 D TelephonyManagerEx: getSimState simId=0
11-22 13:30:39.382   734 14981 D PhoneInterfaceManager: getSimState simId = 0prop = ABSENT
11-22 13:30:39.382   676   676 D TelephonyManagerEx: getSimState simId=1
11-22 13:30:39.382   734  1341 D PhoneInterfaceManager: getSimState simId = 1prop = READY
11-22 13:30:39.383   676   676 D TelephonyManagerEx: getNetworkType simId=1
11-22 13:30:39.387   676   676 D TelephonyManagerEx: getNetworkType simId=1
11-22 13:30:39.389   734 14976 D PhoneInterfaceManager: [PhoneIntfMgr] getCallStateGemini simId: 0
11-22 13:30:39.390   734  1336 D PhoneInterfaceManager: [PhoneIntfMgr] getCallStateGemini simId: 1
11-22 13:30:39.390   676   676 D TelephonyManagerEx: getNetworkType simId=1
11-22 13:30:39.393   676   676 W Provider/Settings: Setting airplane_mode_on has moved from android.provider.Settings.System to android.provider.Settings.Global, returning read-only value.
11-22 13:30:39.393   676   676 V Provider/Settings:  from settings cache , name = airplane_mode_on , value = 0
11-22 13:30:39.394   676   676 D TelephonyManagerEx: getSimState simId=0
11-22 13:30:39.396   734 14968 D PhoneInterfaceManager: getSimState simId = 0prop = ABSENT
11-22 13:30:39.396   676   676 D TelephonyManagerEx: getSimState simId=1
11-22 13:30:39.397   734 16097 D PhoneInterfaceManager: getSimState simId = 1prop = READY
11-22 13:30:39.397   676   676 D TelephonyManagerEx: getSimState simId=0
11-22 13:30:39.398   734 16138 D PhoneInterfaceManager: getSimState simId = 0prop = ABSENT
11-22 13:30:39.398   676   676 D TelephonyManagerEx: getSimState simId=1
11-22 13:30:39.399   734  2031 D PhoneInterfaceManager: getSimState simId = 1prop = READY
11-22 13:30:39.400   676   676 D TelephonyManagerEx: getSimState simId=0
11-22 13:30:39.401   734 15890 D PhoneInterfaceManager: getSimState simId = 0prop = ABSENT
11-22 13:30:39.401   676   676 D TelephonyManagerEx: getSimState simId=1
11-22 13:30:39.402   734 15008 D PhoneInterfaceManager: getSimState simId = 1prop = READY
11-22 13:30:39.403   676   676 D TelephonyManagerEx: getSimState simId=0
11-22 13:30:39.404   734  5320 D PhoneInterfaceManager: getSimState simId = 0prop = ABSENT
11-22 13:30:39.404   676   676 D TelephonyManagerEx: getSimState simId=1
11-22 13:30:39.404   734  1340 D PhoneInterfaceManager: getSimState simId = 1prop = READY
11-22 13:30:39.405   676   676 D TelephonyManagerEx: getSimState simId=0
11-22 13:30:39.405   734 14981 D PhoneInterfaceManager: getSimState simId = 0prop = ABSENT
11-22 13:30:39.406   676   676 D TelephonyManagerEx: getSimState simId=1
11-22 13:30:39.406   734  1341 D PhoneInterfaceManager: getSimState simId = 1prop = READY
11-22 13:30:39.406   676   676 D TelephonyManagerEx: getSimState simId=0
11-22 13:30:39.407   734   745 D PhoneInterfaceManager: getSimState simId = 0prop = ABSENT
11-22 13:30:39.408   676   676 D TelephonyManagerEx: getSimState simId=1
11-22 13:30:39.408   734   744 D PhoneInterfaceManager: getSimState simId = 1prop = READY
11-22 13:30:39.409   676   676 D TelephonyManagerEx: getSimState simId=0
11-22 13:30:39.410   734 14976 D PhoneInterfaceManager: getSimState simId = 0prop = ABSENT
11-22 13:30:39.410   676   676 D TelephonyManagerEx: getSimState simId=1
11-22 13:30:39.410   734  1336 D PhoneInterfaceManager: getSimState simId = 1prop = READY
11-22 13:30:39.411   676   676 D TelephonyManagerEx: getSimState simId=0
11-22 13:30:39.412   734 16112 D PhoneInterfaceManager: getSimState simId = 0prop = ABSENT
11-22 13:30:39.412   676   676 D TelephonyManagerEx: getSimState simId=1
11-22 13:30:39.413   734 15239 D PhoneInterfaceManager: getSimState simId = 1prop = READY
11-22 13:30:39.414   676   676 D TelephonyManagerEx: getSimState simId=0
11-22 13:30:39.414   734 14968 D PhoneInterfaceManager: getSimState simId = 0prop = ABSENT
11-22 13:30:39.415   676   676 D TelephonyManagerEx: getNetworkType simId=1
11-22 13:30:39.418   676   676 D TelephonyManagerEx: getNetworkType simId=1
11-22 13:30:39.419 32706 32706 D wpa_supplicant: wlan0: Starting AP scan for wildcard SSID
11-22 13:30:39.419 32706 32706 D wpa_supplicant: WPS: Building WPS IE for Probe Request
11-22 13:30:39.419 32706 32706 D wpa_supplicant: WPS:  * Version (hardcoded 0x10)
11-22 13:30:39.419 32706 32706 D wpa_supplicant: WPS:  * Request Type
11-22 13:30:39.419 32706 32706 D wpa_supplicant: WPS:  * Config Methods (4388)
11-22 13:30:39.419 32706 32706 D wpa_supplicant: WPS:  * UUID-E
11-22 13:30:39.419 32706 32706 D wpa_supplicant: WPS:  * Primary Device Type
11-22 13:30:39.419 32706 32706 D wpa_supplicant: WPS:  * RF Bands (1)
11-22 13:30:39.419 32706 32706 D wpa_supplicant: WPS:  * Association State
11-22 13:30:39.419 32706 32706 D wpa_supplicant: WPS:  * Configuration Error (0)
11-22 13:30:39.419 32706 32706 D wpa_supplicant: WPS:  * Device Password ID (0)
11-22 13:30:39.419 32706 32706 D wpa_supplicant: WPS:  * Manufacturer
11-22 13:30:39.419 32706 32706 D wpa_supplicant: WPS:  * Model Name
11-22 13:30:39.419 32706 32706 D wpa_supplicant: WPS:  * Model Number
11-22 13:30:39.419 32706 32706 D wpa_supplicant: WPS:  * Device Name
11-22 13:30:39.419 32706 32706 D wpa_supplicant: WPS:  * Version2 (0x20)
11-22 13:30:39.419 32706 32706 D wpa_supplicant: P2P: * P2P IE header
11-22 13:30:39.419 32706 32706 D wpa_supplicant: P2P: * Capability dev=24 group=00
11-22 13:30:39.419 32706 32706 D wpa_supplicant: P2P: * Listen Channel: Regulatory Class 81 Channel 11
11-22 13:30:39.419 32706 32706 D wpa_supplicant: nl80211: Scan SSID - hexdump(len=0): [NULL]
--------- beginning of /dev/log/system
11-22 13:30:39.419   676   676 I StatusBar.MSimNetworkController: isDataTypeComboIconVisible, mMSimState[1]=UNKNOWN
11-22 13:30:39.420 32706 32706 D wpa_supplicant: Scan requested (ret=0) - scan timeout 30 seconds
11-22 13:30:39.420 32706 32706 D wpa_supplicant: nl80211: Event message available
11-22 13:30:39.420 32706 32706 D wpa_supplicant: nl80211: Scan trigger
11-22 13:30:39.420   172   172 D [BT3.0+HS]PAL: == chip_reset_fd is set ==
11-22 13:30:39.420   172   172 D [BT3.0+HS]PAL: 
11-22 13:30:39.420   172   172 D [BT3.0+HS]PAL: invalid reply message
11-22 13:30:39.420   172   172 D [BT3.0+HS]PAL: 
11-22 13:30:39.423   734  2031 D PhoneInterfaceManager: [PhoneIntfMgr] getCallStateGemini simId: 0
11-22 13:30:39.425   734 15890 D PhoneInterfaceManager: [PhoneIntfMgr] getCallStateGemini simId: 1
11-22 13:30:39.427   676   676 D TelephonyManagerEx: getNetworkType simId=1
11-22 13:30:39.428   676   676 D StatusBar.MSimNetworkController: isDataTypeComboIconVisible, isWcdma=true
11-22 13:30:39.430   676   676 D StatusBar.MSimNetworkController: isDataTypeComboIconVisible, none3GCallState=0
11-22 13:30:39.430   676   676 W Provider/Settings: Setting airplane_mode_on has moved from android.provider.Settings.System to android.provider.Settings.Global, returning read-only value.
11-22 13:30:39.430   676   676 V Provider/Settings:  from settings cache , name = airplane_mode_on , value = 0
11-22 13:30:39.430   676   676 D StatusBar.MSimNetworkController: isDataTypeComboIconVisible, set visible=true
11-22 13:30:39.430   676   676 D StatusBar.MSimNetworkController: updateDataIcon when mMSimDataConnected =true
11-22 13:30:39.430   676   676 D StatusBar.MSimNetworkController: refreshViews subscription =1mMSimDataConnected =true
11-22 13:30:39.430   676   676 D StatusBar.MSimNetworkController: refreshViews mMSimDataActivity =0
11-22 13:30:39.430   676   676 D StatusBar.MSimNetworkController: updateDataNetType subscription =1mMSimDataNetType =8
11-22 13:30:39.431   676   676 D StatusBar.MSimNetworkController: refreshViews connected={ data } level=4 mMSimcombinedSignalIconId=0x7f030250/com.android.systemui:drawable/stat_sys_signal_4_fully mMSimcombinedActivityIconId=0x7f0301f0 mAirplaneMode=false mMSimDataActivity=0 mMSimPhoneSignalIconId=0x7f030257 mMSimDataDirectionIconId=0x7f0301df mMSimDataSignalIconId=0x7f030250 mMSimDataTypeIconId=0x7f0301cb mNoSimIconVisible false mWifiIconId=0x7f0302b7 mBluetoothTetherIconId=0x1080561
11-22 13:30:39.431   676   676 D StatusBar.MSimNetworkController: refreshViews update icon subscription===1 mMSimPhoneSignalIconId[subscription]===2130903639 mMSimPhoneSignalTypeIconId[subscription]===2130903658 mMSimMobileActivityIconId[subscription]===2130903536 mMSimDataTypeIconId[subscription]===2130903499
11-22 13:30:39.431   676   676 D StatusBar.MSimNetworkController: changing data overlay icon id to 2130903536
11-22 13:30:39.436   676   676 I SurfaceTextureClient: [STC::queueBuffer] (this:0x5e85eae8) fps:1.00, dur:1003.62, max:1003.62, min:1003.62
11-22 13:30:39.437   146 26708 I BufferQueue: [StatusBar](this:0x44338008,api:1) [queue] fps:1.00, dur:1003.72, max:1003.72, min:1003.72
11-22 13:30:39.452   146   217 I BufferQueue: [StatusBar](this:0x44338008,api:1) [release] fps:0.99, dur:1011.78, max:1011.78, min:1011.78
11-22 13:30:39.452   146   217 I SurfaceTextureClient: [STC::queueBuffer] (this:0x41cb7978) fps:0.99, dur:1011.54, max:1011.54, min:1011.54
11-22 13:30:39.453   146   217 I BufferQueue: [FramebufferSurface](this:0x41df8008,api:1) [release] fps:0.99, dur:1011.49, max:1011.49, min:1011.49
11-22 13:30:39.453   146   217 I BufferQueue: [FramebufferSurface](this:0x41df8008,api:1) [queue] fps:0.99, dur:1011.48, max:1011.48, min:1011.48
11-22 13:30:39.453   146   217 I SurfaceFlinger: [SurfaceFlinger] fps:0.988677,dur:1011.45,max:1011.45,min:1011.45
11-22 13:30:39.473   582   582 V ActivityManager: getTasks: max=5, flags=0, receiver=null
11-22 13:30:39.473   582   582 V ActivityManager: com.huawei.android.launcher/.Launcher: task=TaskRecord{424f5288 #2 A com.huawei.android.launcher U 0}
11-22 13:30:39.473   582   582 V ActivityManager: com.android.settings/.UsbSettings: task=TaskRecord{427acb98 #147 I com.android.settings/.Settings$UsbSettingsActivity U 0}
11-22 13:30:39.473   582   582 V ActivityManager: com.android.settings/.Settings$DevelopmentSettingsActivity: task=TaskRecord{42c8ecb0 #39 A com.android.settings U 0}
11-22 13:30:39.473   582   582 V ActivityManager: com.android.settings/.HWSettings: task=TaskRecord{42c8ecb0 #39 A com.android.settings U 0}
11-22 13:30:39.473   582   582 V ActivityManager: com.qihoo360.mobilesafe/com.qihoo360.contacts.mms: task=TaskRecord{4284f2d0 #133 A com.qihoo360.contacts.main U 0}
11-22 13:30:39.473   582   582 V ActivityManager: com.android.contacts/.activities.DialtactsActivity: task=TaskRecord{42684000 #140 A android.task.contacts U 0}
11-22 13:30:39.473   582   582 V ActivityManager: We have pending thumbnails: null
11-22 13:30:39.496   582  3000 V ActivityManager: getTasks: max=1, flags=0, receiver=null
11-22 13:30:39.496   582  3000 V ActivityManager: com.huawei.android.launcher/.Launcher: task=TaskRecord{424f5288 #2 A com.huawei.android.launcher U 0}
11-22 13:30:39.496   582  3000 V ActivityManager: We have pending thumbnails: null
11-22 13:30:39.574   582  1080 V ActivityManager: getTasks: max=5, flags=0, receiver=null
11-22 13:30:39.574   582  1080 V ActivityManager: com.huawei.android.launcher/.Launcher: task=TaskRecord{424f5288 #2 A com.huawei.android.launcher U 0}
11-22 13:30:39.574   582  1080 V ActivityManager: com.android.settings/.UsbSettings: task=TaskRecord{427acb98 #147 I com.android.settings/.Settings$UsbSettingsActivity U 0}
11-22 13:30:39.575   582  1080 V ActivityManager: com.android.settings/.Settings$DevelopmentSettingsActivity: task=TaskRecord{42c8ecb0 #39 A com.android.settings U 0}
11-22 13:30:39.575   582  1080 V ActivityManager: com.android.settings/.HWSettings: task=TaskRecord{42c8ecb0 #39 A com.android.settings U 0}
11-22 13:30:39.575   582  1080 V ActivityManager: com.qihoo360.mobilesafe/com.qihoo360.contacts.mms: task=TaskRecord{4284f2d0 #133 A com.qihoo360.contacts.main U 0}
11-22 13:30:39.575   582  1080 V ActivityManager: com.android.contacts/.activities.DialtactsActivity: task=TaskRecord{42684000 #140 A android.task.contacts U 0}
11-22 13:30:39.575   582  1080 V ActivityManager: We have pending thumbnails: null
11-22 13:30:39.575   685   685 D ADB_SERVICES: adb fdevent_process list (16) (21) 
11-22 13:30:39.654   582  3001 V ActivityManager: getTasks: max=1, flags=0, receiver=null
11-22 13:30:39.654   582  3001 V ActivityManager: com.huawei.android.launcher/.Launcher: task=TaskRecord{424f5288 #2 A com.huawei.android.launcher U 0}
11-22 13:30:39.654   582  3001 V ActivityManager: We have pending thumbnails: null
11-22 13:30:39.655   582   592 V ActivityManager: getTasks: max=1, flags=0, receiver=null
11-22 13:30:39.655   582   592 V ActivityManager: com.huawei.android.launcher/.Launcher: task=TaskRecord{424f5288 #2 A com.huawei.android.launcher U 0}
11-22 13:30:39.655   582   592 V ActivityManager: We have pending thumbnails: null
11-22 13:30:39.676   582  1063 V ActivityManager: getTasks: max=5, flags=0, receiver=null
11-22 13:30:39.677   582  1063 V ActivityManager: com.huawei.android.launcher/.Launcher: task=TaskRecord{424f5288 #2 A com.huawei.android.launcher U 0}
11-22 13:30:39.677   582  1063 V ActivityManager: com.android.settings/.UsbSettings: task=TaskRecord{427acb98 #147 I com.android.settings/.Settings$UsbSettingsActivity U 0}
11-22 13:30:39.677   582  1063 V ActivityManager: com.android.settings/.Settings$DevelopmentSettingsActivity: task=TaskRecord{42c8ecb0 #39 A com.android.settings U 0}
11-22 13:30:39.677   582  1063 V ActivityManager: com.android.settings/.HWSettings: task=TaskRecord{42c8ecb0 #39 A com.android.settings U 0}
11-22 13:30:39.677   582  1063 V ActivityManager: com.qihoo360.mobilesafe/com.qihoo360.contacts.mms: task=TaskRecord{4284f2d0 #133 A com.qihoo360.contacts.main U 0}
11-22 13:30:39.677   582  1063 V ActivityManager: com.android.contacts/.activities.DialtactsActivity: task=TaskRecord{42684000 #140 A android.task.contacts U 0}
11-22 13:30:39.677   582  1063 V ActivityManager: We have pending thumbnails: null
11-22 13:30:39.678   685   685 D ADB_SERVICES: adb socket read list (21) 
11-22 13:30:39.678   685   685 D ADB_SERVICES: read_data=111688
11-22 13:30:39.678   685   685 D ADB_SERVICES: max_read_time=0.000315 max_send_time=0.000079 
11-22 13:30:39.679   685   685 D ADB_SERVICES: adb local_socket_ready list (21) 
11-22 13:30:39.759   582  1021 D PowerManagerService: acquireWakeLockInternal: lock=1104357768, flags=0x1, tag="RILJ", ws=null, uid=1001, pid=734
11-22 13:30:39.759   582  1021 D PowerManagerService: updateWakeLockSummaryLocked: mWakefulness=Awake, mWakeLockSummary=0x1
11-22 13:30:39.759   582  1021 D PowerManagerService: newScreenState = 2
11-22 13:30:39.759   582  1021 D PowerManagerDisplayController: requestPowerState: screenState=2, useProximitySensor=false, screenBrightness=39, screenAutoBrightnessAdjustment=0.0, useAutoBrightness=false, useEcoBrightness=false, blockScreenOn=false, isUserAdjustingAutoBrightness =false, waitForNegativeProximity=false
11-22 13:30:39.760   582  1021 D PowerManagerService: updateScreenStateLocked: mDisplayReady=true, newScreenState=2, mWakefulness=1, mWakeLockSummary=0x1, mUserActivitySummary=0x1, mBootCompleted=true
11-22 13:30:39.763   582   793 D PowerManagerService: acquireWakeLockInternal: lock=1104357768, flags=0x1, tag="RILJ", ws=null, uid=1001, pid=734
11-22 13:30:39.763   582   793 D PowerManagerService: updateWakeLockSummaryLocked: mWakefulness=Awake, mWakeLockSummary=0x1
11-22 13:30:39.763   582   793 D PowerManagerService: newScreenState = 2
11-22 13:30:39.763   582   793 D PowerManagerDisplayController: requestPowerState: screenState=2, useProximitySensor=false, screenBrightness=39, screenAutoBrightnessAdjustment=0.0, useAutoBrightness=false, useEcoBrightness=false, blockScreenOn=false, isUserAdjustingAutoBrightness =false, waitForNegativeProximity=false
11-22 13:30:39.763   582   793 D PowerManagerService: updateScreenStateLocked: mDisplayReady=true, newScreenState=2, mWakefulness=1, mWakeLockSummary=0x1, mUserActivitySummary=0x1, mBootCompleted=true
11-22 13:30:39.766   582  2129 D PowerManagerService: acquireWakeLockInternal: lock=1104357768, flags=0x1, tag="RILJ", ws=null, uid=1001, pid=734
11-22 13:30:39.767   582  2129 D PowerManagerService: updateWakeLockSummaryLocked: mWakefulness=Awake, mWakeLockSummary=0x1
11-22 13:30:39.767   582  2129 D PowerManagerService: newScreenState = 2
11-22 13:30:39.768   582  2129 D PowerManagerDisplayController: requestPowerState: screenState=2, useProximitySensor=false, screenBrightness=39, screenAutoBrightnessAdjustment=0.0, useAutoBrightness=false, useEcoBrightness=false, blockScreenOn=false, isUserAdjustingAutoBrightness =false, waitForNegativeProximity=false
11-22 13:30:39.768   582  2129 D PowerManagerService: updateScreenStateLocked: mDisplayReady=true, newScreenState=2, mWakefulness=1, mWakeLockSummary=0x1, mUserActivitySummary=0x1, mBootCompleted=true
11-22 13:30:39.770   582  1084 D PowerManagerService: acquireWakeLockInternal: lock=1104357768, flags=0x1, tag="RILJ", ws=null, uid=1001, pid=734
11-22 13:30:39.770   582  1084 D PowerManagerService: updateWakeLockSummaryLocked: mWakefulness=Awake, mWakeLockSummary=0x1
11-22 13:30:39.770   582  1084 D PowerManagerService: newScreenState = 2
11-22 13:30:39.770   582  1084 D PowerManagerDisplayController: requestPowerState: screenState=2, useProximitySensor=false, screenBrightness=39, screenAutoBrightnessAdjustment=0.0, useAutoBrightness=false, useEcoBrightness=false, blockScreenOn=false, isUserAdjustingAutoBrightness =false, waitForNegativeProximity=false
11-22 13:30:39.770   582  1084 D PowerManagerService: updateScreenStateLocked: mDisplayReady=true, newScreenState=2, mWakefulness=1, mWakeLockSummary=0x1, mUserActivitySummary=0x1, mBootCompleted=true
11-22 13:30:39.775   582  1032 D PowerManagerService: releaseWakeLockInternal: lock=1104357768, flags=0x0, tag=RILJ, total_time=17ms
11-22 13:30:39.776   582  1032 D PowerManagerService: updateWakeLockSummaryLocked: mWakefulness=Awake, mWakeLockSummary=0x0
11-22 13:30:39.776   582  1032 D PowerManagerService: newScreenState = 2
11-22 13:30:39.776   582  1032 D PowerManagerDisplayController: requestPowerState: screenState=2, useProximitySensor=false, screenBrightness=39, screenAutoBrightnessAdjustment=0.0, useAutoBrightness=false, useEcoBrightness=false, blockScreenOn=false, isUserAdjustingAutoBrightness =false, waitForNegativeProximity=false
11-22 13:30:39.776   582  1032 D PowerManagerService: updateScreenStateLocked: mDisplayReady=true, newScreenState=2, mWakefulness=1, mWakeLockSummary=0x0, mUserActivitySummary=0x1, mBootCompleted=true
11-22 13:30:39.777   582  1032 D IPCThreadState: [DN #5] BR_CLEAR_DEATH_NOTIFICATION_DONE cookie 0x67868db8
11-22 13:30:39.779   582  2130 V ActivityManager: getTasks: max=5, flags=0, receiver=null
11-22 13:30:39.779   582  2130 V ActivityManager: com.huawei.android.launcher/.Launcher: task=TaskRecord{424f5288 #2 A com.huawei.android.launcher U 0}
11-22 13:30:39.779   582  2130 V ActivityManager: com.android.settings/.UsbSettings: task=TaskRecord{427acb98 #147 I com.android.settings/.Settings$UsbSettingsActivity U 0}
11-22 13:30:39.779   582  2130 V ActivityManager: com.android.settings/.Settings$DevelopmentSettingsActivity: task=TaskRecord{42c8ecb0 #39 A com.android.settings U 0}
11-22 13:30:39.779   582  2130 V ActivityManager: com.android.settings/.HWSettings: task=TaskRecord{42c8ecb0 #39 A com.android.settings U 0}
11-22 13:30:39.780   582  2130 V ActivityManager: com.qihoo360.mobilesafe/com.qihoo360.contacts.mms: task=TaskRecord{4284f2d0 #133 A com.qihoo360.contacts.main U 0}
11-22 13:30:39.780   582  2130 V ActivityManager: com.android.contacts/.activities.DialtactsActivity: task=TaskRecord{42684000 #140 A android.task.contacts U 0}
11-22 13:30:39.780   582  2130 V ActivityManager: We have pending thumbnails: null
11-22 13:30:39.809   582   621 D PowerManagerService: handleSandman: canDream=false, mWakefulness=Awake
11-22 13:30:39.819 32706 32706 D wpa_supplicant: nl80211: Event message available
11-22 13:30:39.819   172   172 D [BT3.0+HS]PAL: == chip_reset_fd is set ==
11-22 13:30:39.819 32706 32706 D wpa_supplicant: nl80211: New scan results available
11-22 13:30:39.819   172   172 D [BT3.0+HS]PAL: 
11-22 13:30:39.819   172   172 D [BT3.0+HS]PAL: invalid reply message
11-22 13:30:39.819 32706 32706 D wpa_supplicant: wlan0: Event SCAN_RESULTS (3) received
11-22 13:30:39.819   172   172 D [BT3.0+HS]PAL: 
11-22 13:30:39.819 32706 32706 D wpa_supplicant: nl80211: Received scan results (5 BSSes)
11-22 13:30:39.819 32706 32706 D wpa_supplicant: nl80211: Survey data missing
11-22 13:30:39.819 32706 32706 E wpa_supplicant: Sorted scan results
11-22 13:30:39.819 32706 32706 E wpa_supplicant: 6c:e8:73:ff:99:02 freq=2437 qual=0 noise=0 level=-57 flags=0xb
11-22 13:30:39.819 32706 32706 E wpa_supplicant: IEs
11-22 13:30:39.819 32706 32706 E wpa_supplicant: 001554502d4c494e4b5f322e3447487a5f464639393032010882848b960c1218240301062a010030140100000fac040100000fac040100000fac02000032043048606c2d1aef1103ffff0000000000000000000000000000000406e6e70d00331aef1103ffff0000000000000000000000000000000406e6e70d003d16060d00000000000000000000000000000000000000003416060d0000000000000000000000000000000000000000dd160050f20101000050f20401000050f20401000050f202dd180050f2020101850003a4000027a4000042435e0062322f00dd0900037f01010000ff7fdd9b0050f204104a0001101044000102103b00010310470010000000000000100000006ce873ff99021021000754502d4c494e4b1023000a544c2d5744523333303010240003312e3010420003312e301054000800060050f20400011011001a576972656c65737320526f7574657220544c2d57445233333030100800020086103c000101104900140024e26002000101600000020001600100020001
11-22 13:30:39.819 32706 32706 E wpa_supplicant: Beacon IEs
11-22 13:30:39.820 32706 32706 E wpa_supplicant: 001554502d4c494e4b5f322e3447487a5f464639393032010882848b960c1218240301060504000100002a010030140100000fac040100000fac040100000fac02000032043048606c2d1aef1103ffff0000000000000000000000000000000406e6e70d003d16060d0000000000000000000000000000000000000000dd160050f20101000050f20401000050f20401000050f202dd180050f2020101850003a4000027a4000042435e0062322f00dd0900037f01010000ff7fdd260050f204104a0001101044000102104900140024e26002000101600000020001600100020001
11-22 13:30:39.820 32706 32706 E wpa_supplicant: 14:cf:92:cf:20:fa freq=2437 qual=0 noise=0 level=-76 flags=0xb
11-22 13:30:39.820 32706 32706 E wpa_supplicant: IEs
11-22 13:30:39.820 32706 32706 E wpa_supplicant: 000e54502d4c494e4b5f434632304641010882848b960c1218240301062a010030180100000fac020200000fac04000fac020100000fac02000032043048606c2d1a6e1003ffff000000000000000000000000000000000000000000331a6e1003ffff0000000000000000000000000000000000000000003d1606051100000000000000000000000000000000000000341606051100000000000000000000000000000000000000dd1a0050f20101000050f20202000050f2040050f20201000050f202dd180050f2020101030003a4000027a4000042435e0062322f00dd0900037f01010000ff7f
11-22 13:30:39.820 32706 32706 E wpa_supplicant: Beacon IEs
11-22 13:30:39.820 32706 32706 E wpa_supplicant: 000e54502d4c494e4b5f434632304641010882848b960c1218240301060504000100002001002a010030180100000fac020200000fac04000fac020100000fac02000032043048606c2d1a6e1003ffff0000000000000000000000000000000000000000003d1606051100000000000000000000000000000000000000dd1a0050f20101000050f20202000050f2040050f20201000050f202dd180050f2020101030003a4000027a4000042435e0062322f00dd0900037f01010000ff7f
11-22 13:30:39.820 32706 32706 E wpa_supplicant: 40:16:9f:25:00:0c freq=2412 qual=0 noise=0 level=-83 flags=0xb
11-22 13:30:39.820 32706 32706 E wpa_supplicant: IEs
11-22 13:30:39.820 32706 32706 E wpa_supplicant: 00076d65697175616e010882848b960c1218240301012a010032043048606c2d1a6e1003ff000000000000000000000000000000000000000000003d160105020000000000000000000000000000000000000030140100000fac040100000fac040100000fac020000dd160050f20101000050f20401000050f20401000050f202dd180050f2020101000003a4000027a4000042435e0062322f00dd05000aeb0100dd920050f204104a0001101044000102103b000103104700100000000000001000000040169f25000c1021000754502d4c494e4b10230009544c2d57523734304e10240007352e302f362e3010420007312e312e302e321054000800060050f204000110110018576972656c657373204e20526f757465722057523734304e100800022288103c0001011049000600372a000120
11-22 13:30:39.820 32706 32706 E wpa_supplicant: Beacon IEs
11-22 13:30:39.821 32706 32706 E wpa_supplicant: 00076d65697175616e010882848b960c1218240301010507000100000000002a010032043048606c2d1a6e1003ff000000000000000000000000000000000000000000003d160105020000000000000000000000000000000000000030140100000fac040100000fac040100000fac020000dd160050f20101000050f20401000050f20401000050f202dd180050f2020101000003a4000027a4000042435e0062322f00dd05000aeb0100dd310050f204104a0001101044000102104700100000000000001000000040169f25000c103c0001011049000600372a000120
11-22 13:30:39.821 32706 32706 E wpa_supplicant: c0:61:18:11:30:40 freq=2412 qual=0 noise=0 level=-86 flags=0xb
11-22 13:30:39.821 32706 32706 E wpa_supplicant: IEs
11-22 13:30:39.821 32706 32706 E wpa_supplicant: 000762617973696465010882848b961224486c0301012a010432040c1830602d1aee1117ffff0000010000000000000000000000000c00000000003d1601050100000000000000000000000000000000000000dd1a0050f20101000050f20202000050f2020050f20401000050f20230180100000fac020200000fac02000fac040100000fac020000dd180050f2020101000003a4000027a4000042435e0062322f004a0e14000a002c01c800140005001900dd07000c4307000000dd8b0050f204104a0001101044000102103b000103104700102880288028801880a880c0611811304010210004464153541023000646575233313010240003342e301042000c4330363131383131333034301054000800060050f2040001101100163330304d20576972656c657373204e20526f75746572100800020086103c0001011049000600372a000120
11-22 13:30:39.821 32706 32706 E wpa_supplicant: Beacon IEs
11-22 13:30:39.821   141   513 I Netd    : Get netlink event, ifname: wlan0 action: 5
11-22 13:30:39.821   141   513 W ThrottleController: updateModemThrottle warning: rx -1, tx -1 !
11-22 13:30:39.821   141   513 D SocketClient: SocketClient msg = Iface linkstate wlan0 down
11-22 13:30:39.821   141   513 D SocketClient: SocketClient sendDatalocked done: 600 Iface linkstate wlan0 down
11-22 13:30:39.821   141   513 I Netd    : Get netlink event, ifname: wlan0 action: 5
11-22 13:30:39.821 32706 32706 E wpa_supplicant: 000762617973696465010882848b961224486c03010132040c1830603308200102030405060733082105060708090a0b0505000100aaf2dd310050f204104a0001101044000102104700102880288028801880a880c06118113040103c0001011049000600372a0001202a01042d1aee1117ffff0000010000000000000000000000000c00000000003d16010500000000000000000000000000000000000000004a0e14000a002c01c800140005001900dd1a0050f20101000050f20202000050f2020050f20401000050f20230180100000fac020200000fac02000fac040100000fac020000dd180050f2020101000003a4000027a4000042435e0062322f00dd07000c4307000000
11-22 13:30:39.822   141   513 W ThrottleController: updateModemThrottle warning: rx -1, tx -1 !
11-22 13:30:39.822   141   513 D SocketClient: SocketClient msg = Iface linkstate wlan0 down
11-22 13:30:39.822 32706 32706 E wpa_supplicant: cc:34:29:16:95:cc freq=2412 qual=0 noise=0 level=-90 flags=0xb
11-22 13:30:39.822 32706 32706 E wpa_supplicant: IEs
11-22 13:30:39.822   141   513 D SocketClient: SocketClient sendDatalocked done: 600 Iface linkstate wlan0 down
11-22 13:30:39.822 32706 32706 E wpa_supplicant: 000b4855414b455449414e5955010882848b960c1218240301012a010032043048606c2d1a6e1003ffff0000000000000000000000000000000000000000003d160105110000000000000000000000000000000000000030140100000fac040100000fac040100000fac020000dd160050f20101000050f20401000050f20401000050f202dd180050f2020101000003a4000027a4000042435e0062322f00dd05000aeb0100dd8e0050f204104a0001101044000102103b0001031047001000000000000010000000cc34291695cc1021000754502d4c494e4b10230009544c2d57523834354e10240003342e3010420007312e312e312e331054000800060050f204000110110018576972656c657373204e20526f757465722057523834354e100800022288103c0001011049000600372a000120
11-22 13:30:39.822 32706 32706 E wpa_supplicant: Beacon IEs
11-22 13:30:39.822 32706 32706 E wpa_supplicant: 000b4855414b455449414e5955010882848b960c1218240301010507000100000000002a010032043048606c2d1a6e1003ffff0000000000000000000000000000000000000000003d160105110000000000000000000000000000000000000030140100000fac040100000fac040100000fac020000dd160050f20101000050f20401000050f20401000050f202dd180050f2020101000003a4000027a4000042435e0062322f00dd05000aeb0100dd310050f204104a00011010440001021047001000000000000010000000cc34291695cc103c0001011049000600372a000120
11-22 13:30:39.822 32706 32706 D wpa_supplicant: wlan0: BSS: Start scan result update 773
11-22 13:30:39.822 32706 32706 D wpa_supplicant: BSS: last_scan_res_used=5/32 last_scan_full=0
11-22 13:30:39.822 32706 32706 D wpa_supplicant: wlan0: New scan results available
11-22 13:30:39.822 32706 32706 D wpa_supplicant: CTRL_IFACE monitor send
11-22 13:30:39.822 32706 32706 D wpa_supplicant: 2f646174612f6d6973632f776966692f736f636b6574732f7770615f6374726c5f3538322d31303800
11-22 13:30:39.823 32706 32706 E wpa_supplicant: WPS: WFA subelement id=0 len=1
11-22 13:30:39.823 32706 32706 E wpa_supplicant: WPS: WFA subelement id=0 len=1
11-22 13:30:39.823 32706 32706 E wpa_supplicant: WPS: WFA subelement id=0 len=1
11-22 13:30:39.823 32706 32706 E wpa_supplicant: WPS: WFA subelement id=0 len=1
11-22 13:30:39.823 32706 32706 E wpa_supplicant: WPS: WFA subelement id=0 len=1
11-22 13:30:39.823   582   649 D NetdConnector: RCV <- {600 Iface linkstate wlan0 down}
11-22 13:30:39.824 32706 32706 E wpa_supplicant: WPS: WFA subelement id=0 len=1
11-22 13:30:39.824 32706 32706 E wpa_supplicant: WPS: WFA subelement id=0 len=1
11-22 13:30:39.824 32706 32706 E wpa_supplicant: WPS: WFA subelement id=0 len=1
11-22 13:30:39.824 32706 32706 E wpa_supplicant: WPS: WFA subelement id=0 len=1
11-22 13:30:39.824 32706 32706 D wpa_supplicant: CTRL_IFACE monitor send
11-22 13:30:39.824 32706 32706 D wpa_supplicant: 2f646174612f6d6973632f776966692f736f636b6574732f7770615f6374726c5f3538322d31303800
11-22 13:30:39.824 32706 32706 E wpa_supplicant: WPS: WFA subelement id=0 len=1
11-22 13:30:39.824 32706 32706 E wpa_supplicant: WPS: WFA subelement id=0 len=1
11-22 13:30:39.824 32706 32706 E wpa_supplicant: WPS: WFA subelement id=0 len=1
11-22 13:30:39.824 32706 32706 D wpa_supplicant: WPS: AP[0] fc:8b:97:56:bb:41 type=0 tries=0 last_attempt=-1 sec ago blacklist=0
11-22 13:30:39.824 32706 32706 D wpa_supplicant: WPS: AP[1] d0:c7:c0:82:4b:12 type=0 tries=0 last_attempt=-1 sec ago blacklist=0
11-22 13:30:39.824 32706 32706 D wpa_supplicant: WPS: AP[2] 14:75:90:e5:09:26 type=0 tries=0 last_attempt=-1 sec ago blacklist=0
11-22 13:30:39.824 32706 32706 D wpa_supplicant: WPS: AP[3] a8:15:4d:af:fd:28 type=0 tries=0 last_attempt=-1 sec ago blacklist=0
11-22 13:30:39.824 32706 32706 D wpa_supplicant: WPS: AP[4] c0:61:18:79:ed:f4 type=0 tries=0 last_attempt=-1 sec ago blacklist=0
11-22 13:30:39.824 32706 32706 D wpa_supplicant: WPS: AP[5] 20:dc:e6:5e:a1:26 type=0 tries=0 last_attempt=-1 sec ago blacklist=0
11-22 13:30:39.824 32706 32706 D wpa_supplicant: WPS: AP[6] 40:16:9f:72:b5:8c type=0 tries=0 last_attempt=-1 sec ago blacklist=0
11-22 13:30:39.824 32706 32706 D wpa_supplicant: WPS: AP[7] b0:48:7a:4d:cd:80 type=0 tries=0 last_attempt=-1 sec ago blacklist=0
11-22 13:30:39.824 32706 32706 D wpa_supplicant: WPS: AP[8] 28:2c:b2:0c:fd:c0 type=0 tries=0 last_attempt=-1 sec ago blacklist=0
11-22 13:30:39.824 32706 32706 D wpa_supplicant: WPS: AP[9] bc:d1:77:ff:9c:76 type=0 tries=0 last_attempt=-1 sec ago blacklist=0
11-22 13:30:39.824 32706 32706 D wpa_supplicant: WPS: AP[10] e4:d3:32:a5:3d:02 type=0 tries=0 last_attempt=-1 sec ago blacklist=0
11-22 13:30:39.824 32706 32706 D wpa_supplicant: WPS: AP[11] 8c:21:0a:64:e4:88 type=0 tries=0 last_attempt=-1 sec ago blacklist=0
